Collecting simplejson
  Downloading simplejson-4.1.2.tar.gz (121 kB)
     ━━━━━━━━━━━━━━━━━━━━━━━━━━━━━━━━━━━━━━ 121.6/121.6 kB 12.0 MB/s eta 0:00:00
  Installing build dependencies: started
  Installing build dependencies: finished with status 'done'
  Getting requirements to build wheel: started
  Getting requirements to build wheel: finished with status 'done'
  Preparing metadata (pyproject.toml): started
  Preparing metadata (pyproject.toml): finished with status 'done'
Building wheels for collected packages: simplejson
  Building wheel for simplejson (pyproject.toml): started
  Building wheel for simplejson (pyproject.toml): finished with status 'done'
  Created wheel for simplejson: filename=simplejson-4.1.2-py3-none-any.whl size=71116 sha256=8d5beb19f2cdb4f7b304c18c661fce7997461438fd9105b5afe3a0359eda3260
  Stored in directory: /root/.cache/pip/wheels/24/dc/48/51a4fe9275bbaeb279a99076db8cf2351e85d8c1090898bcb9
Successfully built simplejson
Installing collected packages: simplejson
Successfully installed simplejson-4.1.2

--stderr--
WARNING: Running pip as the 'root' user can result in broken permissions and conflicting behaviour with the system package manager. It is recommended to use a virtual environment instead: https://pip.pypa.io/warnings/venv

[notice] A new release of pip is available: 24.0 -> 26.2.1
[notice] To update, run: pip install --upgrade pip
