[
 {
  "probe": "p-c1",
  "cmd.txt": "/tmp/v/bin/python - <<'EOF' || echo \"VERDICT_LINE: FAIL import or install crashed\"\ntry:\n    from tabulate import tabulate\n    import tabulate as t\n    print('observed: tabulate version', t.__version__, 'callable', callable(tabulate))\n    print('VERDICT_LINE: PASS pip install tabulate + from tabulate import tabulate ok, version', t.__version__)\nexcept Exception as e:\n    print('observed:', repr(e))\n    print('VERDICT_LINE: FAIL from tabulate import tabulate raised', type(e).__name__)\nEOF",
  "exit_code": "0",
  "stdout.log": "observed: tabulate version 0.10.0 callable True\nVERDICT_LINE: PASS pip install tabulate + from tabulate import tabulate ok, version 0.10.0\n",
  "stderr.log": "",
  "phase_a.log": "\n--stderr--\nUnable to find image 'python:3.11-slim' locally\n3.11-slim: Pulling from library/python\n6310eb16bf42: Pulling fs layer\n87e1b7cce023: Pulling fs layer\nc86306e32cd0: Pulling fs layer\na14578096eda: Pulling fs layer\na14578096eda: Waiting\n87e1b7cce023: Verifying Checksum\n87e1b7cce023: Download complete\nc86306e32cd0: Verifying Checksum\nc86306e32cd0: Download complete\n6310eb16bf42: Verifying Checksum\n6310eb16bf42: Download complete\na14578096eda: Verifying Checksum\na14578096eda: Download complete\n6310eb16bf42: Pull complete\n87e1b7cce023: Pull complete\nc86306e32cd0: Pull complete\na14578096eda: Pull complete\nDigest: sha256:1042b61448fef4ba92d16a8c7eb4996d027568ce64792a7877fd88511e0af7c6\nStatus: Downloaded newer image for python:3.11-slim\n\n[notice] A new release of pip is available: 24.0 -> 26.2.1\n[notice] To update, run: python3 -m pip install --upgrade pip\n"
 },
 {
  "probe": "p-c10",
  "cmd.txt": "python3 - <<'EOF' || echo \"VERDICT_LINE: FAIL probe crashed (network?)\"\nimport json, urllib.request, urllib.error\nUA = {'User-Agent': 'claim-probe', 'Accept': 'application/vnd.github+json'}\nbadge_url = 'https://github.com/astanin/python-tabulate/actions/workflows/tabulate.yml/badge.svg'\nstatus = None; body = ''\ntry:\n    with urllib.request.urlopen(urllib.request.Request(badge_url, headers=UA), timeout=30) as r:\n        status = r.status; body = r.read().decode('utf-8', 'replace')\nexcept urllib.error.HTTPError as e:\n    status = e.code\nexcept Exception as e:\n    print('observed: badge fetch error', repr(e))\nbadge_word = 'passing' if 'passing' in body else ('failing' if 'failing' in body else ('no status' if 'no status' in body else 'unknown'))\nprint('observed: badge http', status, 'badge text =', badge_word, 'svg bytes', len(body))\napi_url = 'https://api.github.com/repos/astanin/python-tabulate/actions/workflows/tabulate.yml/runs?branch=master&status=completed&per_page=3'\nlatest = None\ntry:\n    with urllib.request.urlopen(urllib.request.Request(api_url, headers=UA), timeout=30) as r:\n        runs = json.load(r).get('workflow_runs', [])\n    for run in runs:\n        print('observed: run', run.get('run_number'), run.get('head_sha', '')[:8], run.get('conclusion'), run.get('created_at'))\n    latest = runs[0].get('conclusion') if runs else None\nexcept Exception as e:\n    print('observed: GitHub API unavailable', repr(e))\nif status == 200 and badge_word == 'passing' and latest in (None, 'success'):\n    print('VERDICT_LINE: PASS badge renders \"passing\"' + (' and latest completed master run is success' if latest else ' (API corroboration unavailable)'))\nelif status == 200 and badge_word == 'passing':\n    print('VERDICT_LINE: FAIL badge says passing but latest completed master run conclusion is', latest)\nelse:\n    print('VERDICT_LINE: FAIL badge http', status, 'text', badge_word, 'latest run', latest)\nEOF",
  "exit_code": "0",
  "stdout.log": "observed: badge http 200 badge text = passing svg bytes 2276\nobserved: run 272 268615a5 success 2026-03-11T08:43:01Z\nobserved: run 271 52dc17b0 success 2026-03-11T08:38:35Z\nobserved: run 261 2070736f success 2026-03-10T10:28:42Z\nVERDICT_LINE: PASS badge renders \"passing\" and latest completed master run is success\n",
  "stderr.log": "",
  "phase_a.log": "\n--stderr--\n"
 },
 {
  "probe": "p-c11",
  "cmd.txt": "python3 - <<'EOF' || echo \"VERDICT_LINE: FAIL probe crashed\"\nimport timeit, importlib.metadata as md\nfrom tabulate import tabulate\nimport prettytable, texttable\nheaders = ['col%d' % i for i in range(10)]\ntable = [['some text'] + list(range(i, i + 9)) for i in range(10)]  # 10x10 mixed text/numeric, as in benchmark/benchmark.py\ndef run_tabulate():\n    return tabulate(table, headers)\ndef run_prettytable():\n    pt = prettytable.PrettyTable(headers)\n    for r in table:\n        pt.add_row(r)\n    return pt.get_string()\ndef run_texttable():\n    tt = texttable.Texttable()\n    tt.add_rows([headers] + table)\n    return tt.draw()\nN = 2000\nres = {}\nfor name, fn in [('tabulate', run_tabulate), ('prettytable', run_prettytable), ('texttable', run_texttable)]:\n    fn()\n    best = min(timeit.repeat(fn, number=N, repeat=3)) / N * 1e6\n    res[name] = best\n    print('observed: %-12s %-8s %8.1f us/call' % (name, md.version(name), best))\nfaster_tt = res['tabulate'] < res['texttable']\nfaster_pt = res['tabulate'] < res['prettytable']\nprint('observed: tabulate faster than texttable =', faster_tt, '; faster than prettytable =', faster_pt)\nif faster_tt and faster_pt:\n    print('VERDICT_LINE: PASS tabulate %.1fus beats prettytable %.1fus and texttable %.1fus' % (res['tabulate'], res['prettytable'], res['texttable']))\nelif faster_tt:\n    print('VERDICT_LINE: FAIL tabulate %.1fus beats texttable %.1fus but NOT prettytable %.1fus (matches README own table)' % (res['tabulate'], res['texttable'], res['prettytable']))\nelse:\n    print('VERDICT_LINE: FAIL tabulate %.1fus slower than prettytable %.1fus and texttable %.1fus' % (res['tabulate'], res['prettytable'], res['texttable']))\nEOF",
  "exit_code": "0",
  "stdout.log": "observed: tabulate     0.10.0      478.1 us/call\nobserved: prettytable  3.18.0      501.5 us/call\nobserved: texttable    1.7.0       952.8 us/call\nobserved: tabulate faster than texttable = True ; faster than prettytable = True\nVERDICT_LINE: PASS tabulate 478.1us beats prettytable 501.5us and texttable 952.8us\n",
  "stderr.log": "",
  "phase_a.log": "\n--stderr--\nWARNING: Running pip as the 'root' user can result in broken permissions and conflicting behaviour with the system package manager. It is recommended to use a virtual environment instead: https://pip.pypa.io/warnings/venv\n\n[notice] A new release of pip is available: 24.0 -> 26.2.1\n[notice] To update, run: pip install --upgrade pip\n"
 },
 {
  "probe": "p-c2",
  "cmd.txt": "ls -l /tmp/v/bin/tabulate 2>&1 && if test -x /tmp/v/bin/tabulate; then OUT=$(printf '1 2\\n3 4\\n' | /tmp/v/bin/tabulate 2>&1); RC=$?; echo \"observed: rc=$RC output=$(echo \"$OUT\" | tr '\\n' '|')\"; if [ $RC -eq 0 ] && echo \"$OUT\" | grep -q '^ *1 *2'; then echo 'VERDICT_LINE: PASS bin/tabulate exists, executable, formats stdin'; else echo 'VERDICT_LINE: FAIL bin/tabulate exists but did not format stdin'; fi; else echo 'observed: no /tmp/v/bin/tabulate'; echo 'VERDICT_LINE: FAIL no tabulate script installed to venv bin'; fi",
  "exit_code": "0",
  "stdout.log": "-rwxr-xr-x 1 root root 211 Aug 28 20:18 /tmp/v/bin/tabulate\nobserved: rc=0 output=-  -|1  2|3  4|-  -|\nVERDICT_LINE: PASS bin/tabulate exists, executable, formats stdin\n",
  "stderr.log": "",
  "phase_a.log": "\n--stderr--\n\n[notice] A new release of pip is available: 24.0 -> 26.2.1\n[notice] To update, run: python3 -m pip install --upgrade pip\n"
 },
 {
  "probe": "p-c3",
  "cmd.txt": "/tmp/v2/bin/python -c 'import tabulate; print(\"observed: library importable, version\", tabulate.__version__)' || echo 'observed: library NOT importable' && N=$(ls /tmp/v2/bin 2>/dev/null | grep -c '^tabulate$'); echo \"observed: tabulate scripts in venv bin = $N (README says lib-only should install none)\"; if [ \"$N\" -eq 0 ]; then echo 'VERDICT_LINE: PASS TABULATE_INSTALL=lib-only suppressed the CLI script'; else echo 'VERDICT_LINE: FAIL TABULATE_INSTALL=lib-only ignored; bin/tabulate still installed (pyproject has no such hook)'; fi",
  "exit_code": "0",
  "stdout.log": "observed: library importable, version 0.10.0\nobserved: tabulate scripts in venv bin = 1 (README says lib-only should install none)\nVERDICT_LINE: FAIL TABULATE_INSTALL=lib-only ignored; bin/tabulate still installed (pyproject has no such hook)\n",
  "stderr.log": "",
  "phase_a.log": "\n--stderr--\n\n[notice] A new release of pip is available: 24.0 -> 26.2.1\n[notice] To update, run: python3 -m pip install --upgrade pip\n"
 },
 {
  "probe": "p-c4",
  "cmd.txt": "python3 - <<'EOF' || echo \"VERDICT_LINE: FAIL probe crashed (network?)\"\nimport json, urllib.request\ntry:\n    req = urllib.request.Request('https://pypi.org/pypi/tabulate/json', headers={'User-Agent': 'claim-probe'})\n    with urllib.request.urlopen(req, timeout=30) as r:\n        status = r.status\n        info = json.load(r)['info']\nexcept Exception as e:\n    print('observed: pypi fetch failed', repr(e))\n    print('VERDICT_LINE: FAIL could not fetch PyPI metadata')\n    raise SystemExit(0)\nrp = info.get('requires_python')\npy2 = [c for c in info.get('classifiers', []) if 'Python :: 2' in c]\nprint('observed: http', status, 'version', info.get('version'), 'requires_python', repr(rp), 'py2 classifiers', py2)\nif rp and rp.replace(' ', '') == '>=3.10' and not py2:\n    print('VERDICT_LINE: PASS PyPI release', info.get('version'), 'declares requires_python >=3.10, no Python 2 classifiers')\nelif rp and rp.replace(' ', '').startswith('>=3') and not py2:\n    print('VERDICT_LINE: FAIL Python3-only holds but requires_python is', rp, 'not >=3.10 (README/pyproject at pinned commit vs published release differ)')\nelse:\n    print('VERDICT_LINE: FAIL requires_python', rp, 'py2 classifiers', py2)\nEOF",
  "exit_code": "0",
  "stdout.log": "observed: http 200 version 0.10.0 requires_python '>=3.10' py2 classifiers []\nVERDICT_LINE: PASS PyPI release 0.10.0 declares requires_python >=3.10, no Python 2 classifiers\n",
  "stderr.log": "",
  "phase_a.log": "\n--stderr--\n"
 },
 {
  "probe": "p-c5",
  "cmd.txt": "python3 - <<'EOF' || echo \"VERDICT_LINE: FAIL probe crashed\"\nfrom tabulate import tabulate\ntable = [[\"Sun\",696000,1989100000],[\"Earth\",6371,5973.6],\n         [\"Moon\",1737,73.5],[\"Mars\",3390,641.85]]\nout = tabulate(table)\nprint(out)\nlines = out.splitlines()\nexpected = ['-----  ------  -------------',\n            'Sun    696000     1.9891e+09',\n            'Earth    6371  5973.6',\n            'Moon     1737    73.5',\n            'Mars     3390   641.85',\n            '-----  ------  -------------']\nprint('observed: first data line =', repr(lines[1]) if len(lines) > 1 else None)\nif lines == expected:\n    print('VERDICT_LINE: PASS output matches README simple-format table exactly')\nelif len(lines) > 1 and lines[1] == 'Sun    696000     1.9891e+09':\n    print('VERDICT_LINE: PASS first data line matches; other lines differ from README:', [l for l in lines if l not in expected])\nelse:\n    print('VERDICT_LINE: FAIL first data line differs from README')\nEOF",
  "exit_code": "0",
  "stdout.log": "-----  ------  -------------\nSun    696000     1.9891e+09\nEarth    6371  5973.6\nMoon     1737    73.5\nMars     3390   641.85\n-----  ------  -------------\nobserved: first data line = 'Sun    696000     1.9891e+09'\nVERDICT_LINE: PASS output matches README simple-format table exactly\n",
  "stderr.log": "",
  "phase_a.log": "\n--stderr--\nWARNING: Running pip as the 'root' user can result in broken permissions and conflicting behaviour with the system package manager. It is recommended to use a virtual environment instead: https://pip.pypa.io/warnings/venv\n\n[notice] A new release of pip is available: 24.0 -> 26.2.1\n[notice] To update, run: pip install --upgrade pip\n"
 },
 {
  "probe": "p-c6",
  "cmd.txt": "python3 - <<'EOF' || echo \"VERDICT_LINE: FAIL probe crashed\"\nfrom tabulate import tabulate\nout = tabulate([[\"Name\",\"Age\"],[\"Alice\",24],[\"Bob\",19]],\n               headers=\"firstrow\")\nprint(out)\nlines = out.splitlines()\nexpected = ['Name      Age', '------  -----', 'Alice      24', 'Bob        19']\nprint('observed: lines =', lines)\nif lines == expected:\n    print('VERDICT_LINE: PASS headers=firstrow output matches README exactly')\nelif lines and lines[0] == 'Name      Age' and 'Alice      24' in lines:\n    print('VERDICT_LINE: PASS header and Alice lines match README; other lines differ')\nelse:\n    print('VERDICT_LINE: FAIL header line or Alice line differs from README')\nEOF",
  "exit_code": "0",
  "stdout.log": "Name      Age\n------  -----\nAlice      24\nBob        19\nobserved: lines = ['Name      Age', '------  -----', 'Alice      24', 'Bob        19']\nVERDICT_LINE: PASS headers=firstrow output matches README exactly\n",
  "stderr.log": "",
  "phase_a.log": "\n--stderr--\nWARNING: Running pip as the 'root' user can result in broken permissions and conflicting behaviour with the system package manager. It is recommended to use a virtual environment instead: https://pip.pypa.io/warnings/venv\n\n[notice] A new release of pip is available: 24.0 -> 26.2.1\n[notice] To update, run: pip install --upgrade pip\n"
 },
 {
  "probe": "p-c7",
  "cmd.txt": "python3 - <<'EOF' || echo \"VERDICT_LINE: FAIL probe crashed\"\nfrom tabulate import tabulate\nout = tabulate({\"Name\": [\"Alice\", \"Bob\"],\n                \"Age\": [24, 19]}, headers=\"keys\")\nprint(out)\nlines = out.splitlines()\nexpected = ['Name      Age', '------  -----', 'Alice      24', 'Bob        19']\nprint('observed: lines =', lines)\nif lines == expected:\n    print('VERDICT_LINE: PASS dict-of-iterables with headers=keys matches README exactly')\nelif lines and lines[0] == 'Name      Age':\n    print('VERDICT_LINE: PASS header line matches README (keys used as headers); body differs:', lines[1:])\nelse:\n    print('VERDICT_LINE: FAIL first line is not \"Name      Age\"')\nEOF",
  "exit_code": "0",
  "stdout.log": "Name      Age\n------  -----\nAlice      24\nBob        19\nobserved: lines = ['Name      Age', '------  -----', 'Alice      24', 'Bob        19']\nVERDICT_LINE: PASS dict-of-iterables with headers=keys matches README exactly\n",
  "stderr.log": "",
  "phase_a.log": "\n--stderr--\nWARNING: Running pip as the 'root' user can result in broken permissions and conflicting behaviour with the system package manager. It is recommended to use a virtual environment instead: https://pip.pypa.io/warnings/venv\n\n[notice] A new release of pip is available: 24.0 -> 26.2.1\n[notice] To update, run: pip install --upgrade pip\n"
 },
 {
  "probe": "p-c8",
  "cmd.txt": "python3 - <<'EOF' || echo \"VERDICT_LINE: FAIL probe crashed\"\nimport re, shutil, subprocess\nexe = shutil.which('tabulate')\nprint('observed: tabulate on PATH =', exe)\nif not exe:\n    print('VERDICT_LINE: FAIL tabulate CLI not on PATH')\n    raise SystemExit(0)\np = subprocess.run([exe, '--help'], capture_output=True, text=True, timeout=30)\ntxt = p.stdout + p.stderr\nprint(txt)\nwanted = ['github', 'grid', 'html', 'latex', 'pipe', 'rst', 'simple', 'tsv']\nmissing = [f for f in wanted if not re.search(r'(?<![\\w])' + f + r'(?![\\w])', txt)]\nprint('observed: rc', p.returncode, 'missing formats', missing)\nif p.returncode == 0 and not missing:\n    print('VERDICT_LINE: PASS --help lists all 8 named formats')\nelse:\n    print('VERDICT_LINE: FAIL --help rc', p.returncode, 'missing', missing)\nEOF",
  "exit_code": "0",
  "stdout.log": "observed: tabulate on PATH = /usr/local/bin/tabulate\nUsage: tabulate [options] [FILE ...]\n\nPretty-print tabular data.\nSee also https://github.com/astanin/python-tabulate\n\nFILE                      a filename of the file with tabular data;\n                          if \"-\" or missing, read data from stdin.\n\nOptions:\n\n-h, --help                show this message\n-1, --header              use the first row of data as a table header\n-o FILE, --output FILE    print table to FILE (default: stdout)\n-s REGEXP, --sep REGEXP   use a custom column separator (default: whitespace)\n-F FPFMT, --float FPFMT   floating point number format (default: g)\n-I INTFMT, --int INTFMT   integer point number format (default: \"\")\n-f FMT, --format FMT      set output table format; supported formats:\n                          plain, simple, grid, fancy_grid, pipe, orgtbl,\n                          rst, mediawiki, html, latex, latex_raw,\n                          latex_booktabs, latex_longtable, tsv\n                          (default: simple)\n\n\nobserved: rc 0 missing formats []\nVERDICT_LINE: PASS --help lists all 8 named formats\n",
  "stderr.log": "",
  "phase_a.log": "\n--stderr--\nWARNING: Running pip as the 'root' user can result in broken permissions and conflicting behaviour with the system package manager. It is recommended to use a virtual environment instead: https://pip.pypa.io/warnings/venv\n\n[notice] A new release of pip is available: 24.0 -> 26.2.1\n[notice] To update, run: pip install --upgrade pip\n"
 },
 {
  "probe": "p-c9",
  "cmd.txt": "/tmp/v3/bin/python - <<'EOF' || echo \"VERDICT_LINE: FAIL probe crashed\"\ntry:\n    import wcwidth\nexcept ImportError as e:\n    print('observed: wcwidth missing', e)\n    print('VERDICT_LINE: FAIL tabulate[widechars] did not install wcwidth')\n    raise SystemExit(0)\nimport tabulate as t\nfrom tabulate import tabulate\nout = tabulate([['\\u65e5\\u672c\\u8a9e', 1], ['ab', 2]])\nprint(out)\nlines = out.splitlines()\nw = [wcwidth.wcswidth(l) for l in lines]\nprint('observed: wcwidth', wcwidth.__version__, 'WIDE_CHARS_MODE', getattr(t, 'WIDE_CHARS_MODE', None), 'display widths per line', w)\nif getattr(t, 'WIDE_CHARS_MODE', False) and len(set(w)) == 1:\n    print('VERDICT_LINE: PASS wcwidth installed and CJK row aligns by display width')\nelse:\n    print('VERDICT_LINE: FAIL wcwidth present but wide-char alignment not in effect, widths', w)\nEOF",
  "exit_code": "0",
  "stdout.log": "------  -\n\u65e5\u672c\u8a9e  1\nab      2\n------  -\nobserved: wcwidth 0.8.3 WIDE_CHARS_MODE True display widths per line [9, 9, 9, 9]\nVERDICT_LINE: PASS wcwidth installed and CJK row aligns by display width\n",
  "stderr.log": "",
  "phase_a.log": "\n--stderr--\n\n[notice] A new release of pip is available: 24.0 -> 26.2.1\n[notice] To update, run: python3 -m pip install --upgrade pip\n"
 }
]