Collecting https://github.com/boppreh/keyboard/archive/d232de09bda50ecb5211ebcc59b85bc6da6aaa24.zip
  Downloading https://github.com/boppreh/keyboard/archive/d232de09bda50ecb5211ebcc59b85bc6da6aaa24.zip
Building wheels for collected packages: keyboard
  Building wheel for keyboard (setup.py): started
  Building wheel for keyboard (setup.py): finished with status 'done'
  Created wheel for keyboard: filename=keyboard-0.13.5-py2-none-any.whl size=60399 sha256=7f5b3dc3449c125b838cc43765d0b6e0f081b232be4b199ebd6b385e34790ab7
  Stored in directory: /tmp/pip-ephem-wheel-cache-NOOEaG/wheels/fa/cc/05/94fe35c2ff10359dbc6be18d562793d80c8e9fb782f2de84d9
Successfully built keyboard
Installing collected packages: keyboard
Successfully installed keyboard-0.13.5

--stderr--
Unable to find image 'python:2.7-slim' locally
2.7-slim: Pulling from library/python
123275d6e508: Pulling fs layer
dd1cd6637523: Pulling fs layer
0c4e6d630f2c: Pulling fs layer
13e9cd8f0ea1: Pulling fs layer
13e9cd8f0ea1: Waiting
dd1cd6637523: Verifying Checksum
dd1cd6637523: Download complete
0c4e6d630f2c: Verifying Checksum
0c4e6d630f2c: Download complete
123275d6e508: Verifying Checksum
123275d6e508: Download complete
13e9cd8f0ea1: Verifying Checksum
13e9cd8f0ea1: Download complete
123275d6e508: Pull complete
dd1cd6637523: Pull complete
0c4e6d630f2c: Pull complete
13e9cd8f0ea1: Pull complete
Digest: sha256:6c1ffdff499e29ea663e6e67c9b6b9a3b401d554d2c9f061f9a45344e3992363
Status: Downloaded newer image for python:2.7-slim
DEPRECATION: Python 2.7 reached the end of its life on January 1st, 2020. Please upgrade your Python as Python 2.7 is no longer maintained. A future version of pip will drop support for Python 2.7. More details about Python 2 support in pip, can be found at https://pip.pypa.io/en/latest/development/release-process/#python-2-support
WARNING: You are using pip version 20.0.2; however, version 20.3.4 is available.
You should consider upgrading via the '/usr/local/bin/python -m pip install --upgrade pip' command.
