Collecting simplejson
  Downloading simplejson-4.1.2-cp314-cp314-manylinux1_x86_64.manylinux_2_28_x86_64.manylinux_2_5_x86_64.whl.metadata (3.8 kB)
Downloading simplejson-4.1.2-cp314-cp314-manylinux1_x86_64.manylinux_2_28_x86_64.manylinux_2_5_x86_64.whl (188 kB)
Installing collected packages: simplejson
Successfully installed simplejson-4.1.2

--stderr--
Unable to find image 'python:3.14-slim' locally
3.14-slim: Pulling from library/python
6310eb16bf42: Already exists
9bf5b2a53219: Pulling fs layer
73b8d094b11d: Pulling fs layer
53f0ff38f808: Pulling fs layer
53f0ff38f808: Verifying Checksum
53f0ff38f808: Download complete
9bf5b2a53219: Verifying Checksum
9bf5b2a53219: Download complete
73b8d094b11d: Verifying Checksum
73b8d094b11d: Download complete
9bf5b2a53219: Pull complete
73b8d094b11d: Pull complete
53f0ff38f808: Pull complete
Digest: sha256:cae66f2ef0ec51a9891263eeee7f987dacf0a9879e8aa9353d5606e0530619a5
Status: Downloaded newer image for python:3.14-slim
WARNING: Running pip as the 'root' user can result in broken permissions and conflicting behaviour with the system package manager, possibly rendering your system unusable. It is recommended to use a virtual environment instead: https://pip.pypa.io/warnings/venv. Use the --root-user-action option if you know what you are doing and want to suppress this warning.
