[
 {
  "probe": "p-c1",
  "cmd.txt": "python - <<'EOF' || echo \"VERDICT_LINE: FAIL pip install records[pandas] or import records failed (see above)\"\nimport importlib.metadata as m\nimport records, pandas, tablib\nv = m.version('records')\nprint('OBSERVED records=%s pandas=%s tablib=%s' % (v, pandas.__version__, m.version('tablib')))\nprint('VERDICT_LINE: PASS pip install records[pandas] ok; import records ok; records', v)\nEOF",
  "exit_code": "0",
  "stdout.log": "OBSERVED records=0.6.0 pandas=3.0.5 tablib=3.10.0\nVERDICT_LINE: PASS pip install records[pandas] ok; import records ok; records 0.6.0\n",
  "stderr.log": "",
  "phase_a.log": "\n[notice] A new release of pip is available: 24.0 -> 26.2.1\n[notice] To update, run: pip install --upgrade pip\n\n--stderr--\nUnable to find image 'python:3.11-slim' locally\n3.11-slim: Pulling from library/python\n6310eb16bf42: Pulling fs layer\n87e1b7cce023: Pulling fs layer\nc86306e32cd0: Pulling fs layer\na14578096eda: Pulling fs layer\na14578096eda: Waiting\n87e1b7cce023: Verifying Checksum\n87e1b7cce023: Download complete\nc86306e32cd0: Verifying Checksum\nc86306e32cd0: Download complete\na14578096eda: Verifying Checksum\na14578096eda: Download complete\n6310eb16bf42: Verifying Checksum\n6310eb16bf42: Download complete\n6310eb16bf42: Pull complete\n87e1b7cce023: Pull complete\nc86306e32cd0: Pull complete\na14578096eda: Pull complete\nDigest: sha256:1042b61448fef4ba92d16a8c7eb4996d027568ce64792a7877fd88511e0af7c6\nStatus: Downloaded newer image for python:3.11-slim\n"
 },
 {
  "probe": "p-c10",
  "cmd.txt": "python - <<'EOF' || echo \"VERDICT_LINE: FAIL could not fetch PyPI/badge (network error or non-200)\"\nimport json, urllib.request\ndef get(url):\n    req = urllib.request.Request(url, headers={'User-Agent': 'probe/1'})\n    with urllib.request.urlopen(req, timeout=30) as r:\n        return r.status, r.read()\ns, body = get('https://pypi.org/pypi/records/json')\ninfo = json.loads(body)['info']\nprint('OBSERVED pypi status=%s name=%s version=%s' % (s, info['name'], info['version']))\nbs, bbody = get('https://img.shields.io/pypi/v/records.svg')\nbtxt = bbody.decode('utf-8', 'replace')\nprint('OBSERVED badge status=%s contains_version=%s len=%d' % (bs, info['version'] in btxt, len(btxt)))\nassert s == 200 and info['name'].lower() == 'records'\nif info['version'] == '0.6.0':\n    print('VERDICT_LINE: PASS records published on PyPI, latest 0.6.0 matches setup.py; badge HTTP %s' % bs)\nelse:\n    print('VERDICT_LINE: FAIL records is on PyPI but latest is %s, not 0.6.0 (pinned commit setup.py says 0.6.0)' % info['version'])\nEOF",
  "exit_code": "0",
  "stdout.log": "OBSERVED pypi status=200 name=records version=0.6.0\nOBSERVED badge status=200 contains_version=True len=1275\nVERDICT_LINE: PASS records published on PyPI, latest 0.6.0 matches setup.py; badge HTTP 200\n",
  "stderr.log": "",
  "phase_a.log": "\n--stderr--\n"
 },
 {
  "probe": "p-c11",
  "cmd.txt": "DATABASE_URL='sqlite:///:memory:' python - <<'EOF' || echo \"VERDICT_LINE: FAIL records.Database() did not use \\$DATABASE_URL (see traceback)\"\nimport os, records\nprint('DATABASE_URL =', os.environ.get('DATABASE_URL'))\ndb = records.Database()\nprint('OBSERVED db.db_url =', getattr(db, 'db_url', None))\nv = db.query('select 1 as x')[0].x\nprint('OBSERVED select 1 ->', v)\nassert v == 1\ndel os.environ['DATABASE_URL']\ntry:\n    records.Database(); print('OBSERVED no-env control: no error raised')\nexcept Exception as e:\n    print('OBSERVED no-env control:', type(e).__name__, str(e)[:80])\nprint('VERDICT_LINE: PASS records.Database() reads $DATABASE_URL and runs a query')\nEOF",
  "exit_code": "0",
  "stdout.log": "DATABASE_URL = sqlite:///:memory:\nOBSERVED db.db_url = sqlite:///:memory:\nOBSERVED select 1 -> 1\nOBSERVED no-env control: ValueError You must provide a db_url.\nVERDICT_LINE: PASS records.Database() reads $DATABASE_URL and runs a query\n",
  "stderr.log": "",
  "phase_a.log": "\n[notice] A new release of pip is available: 24.0 -> 26.2.1\n[notice] To update, run: pip install --upgrade pip\n\n--stderr--\n"
 },
 {
  "probe": "p-c2",
  "cmd.txt": "python - <<'EOF' || echo \"VERDICT_LINE: FAIL probe crashed before classifying postgres:// error\"\nimport records, sqlalchemy\nprint('sqlalchemy', sqlalchemy.__version__)\ndef probe(url):\n    try:\n        records.Database(url); return 'OK'\n    except Exception as e:\n        return type(e).__name__ + ': ' + str(e)[:160]\na = probe('postgres://user:pw@localhost/db')\nb = probe('postgresql://user:pw@localhost/db')\nprint('OBSERVED postgres://   ->', a)\nprint('OBSERVED postgresql:// ->', b)\nscheme_ok = (a == 'OK') or ('psycopg2' in a) or ('No module named' in a and 'dialects' not in a)\nif scheme_ok:\n    print('VERDICT_LINE: PASS postgres:// scheme accepted (only the driver is missing, as README states)')\nelse:\n    print('VERDICT_LINE: FAIL postgres:// scheme rejected by SQLAlchemy %s: %s' % (sqlalchemy.__version__, a[:90]))\nEOF",
  "exit_code": "0",
  "stdout.log": "sqlalchemy 2.0.52\nOBSERVED postgres://   -> NoSuchModuleError: Can't load plugin: sqlalchemy.dialects:postgres\nOBSERVED postgresql:// -> ModuleNotFoundError: No module named 'psycopg2'\nVERDICT_LINE: FAIL postgres:// scheme rejected by SQLAlchemy 2.0.52: NoSuchModuleError: Can't load plugin: sqlalchemy.dialects:postgres\n",
  "stderr.log": "",
  "phase_a.log": "\n[notice] A new release of pip is available: 24.0 -> 26.2.1\n[notice] To update, run: pip install --upgrade pip\n\n--stderr--\n"
 },
 {
  "probe": "p-c3",
  "cmd.txt": "python - <<'EOF' || echo \"VERDICT_LINE: FAIL row indexing/iteration/field access raised (see traceback)\"\nimport records\ndb = records.Database('sqlite:///:memory:')\ndb.query('create table active_users (username text, active int, name text)')\ndb.query('insert into active_users values (:u, :a, :n)', u='model-t', a=1, n='Henry Ford')\ndb.query('insert into active_users values (:u, :a, :n)', u='model-a', a=0, n='Henry Ford II')\nrows = db.query('select * from active_users')\nr = rows[0]\nprint('OBSERVED rows[0] =', repr(r))\nassert r.name == 'Henry Ford', r.name\nassert r['name'] == 'Henry Ford', r['name']\nassert r[2] == 'Henry Ford', r[2]\nseen = [(x.username, x.name) for x in rows]\nprint('OBSERVED iterated =', seen)\nassert len(seen) == 2, seen\nprint('VERDICT_LINE: PASS rows[0], iteration, row.name / row[\"name\"] / row[2] all work on SQLite')\nEOF",
  "exit_code": "0",
  "stdout.log": "OBSERVED rows[0] = <Record {\"username\": \"model-t\", \"active\": 1, \"name\": \"Henry Ford\"}>\nOBSERVED iterated = [('model-t', 'Henry Ford'), ('model-a', 'Henry Ford II')]\nVERDICT_LINE: PASS rows[0], iteration, row.name / row[\"name\"] / row[2] all work on SQLite\n",
  "stderr.log": "",
  "phase_a.log": "\n[notice] A new release of pip is available: 24.0 -> 26.2.1\n[notice] To update, run: pip install --upgrade pip\n\n--stderr--\n"
 },
 {
  "probe": "p-c4",
  "cmd.txt": "rm -f /tmp/r.db && python - <<'EOF' || echo \"VERDICT_LINE: FAIL probe crashed (see traceback)\"\nimport records, sqlalchemy\nprint('sqlalchemy', sqlalchemy.__version__)\ndb = records.Database('sqlite:////tmp/r.db')\ndb.query('create table t (x int)')\ndb.query('insert into t values (:x)', x=1)\ndb.bulk_query('insert into t values (:x)', [{'x': 2}, {'x': 3}])\nsame = db.query('select count(*) c from t')[0].c\nprint('OBSERVED count via same Database object =', same)\ndb.close()\ndb2 = records.Database('sqlite:////tmp/r.db')\nafter = db2.query('select count(*) c from t')[0].c\nprint('OBSERVED count after close+reopen = %s (expected 3)' % after)\nif after == 3:\n    print('VERDICT_LINE: PASS 3 rows written via query+bulk_query survive close/reopen')\nelse:\n    print('VERDICT_LINE: FAIL only %s of 3 rows persisted after close/reopen (writes not committed)' % after)\nEOF",
  "exit_code": "0",
  "stdout.log": "sqlalchemy 2.0.52\nVERDICT_LINE: FAIL probe crashed (see traceback)\n",
  "stderr.log": "Traceback (most recent call last):\n  File \"/usr/local/lib/python3.11/site-packages/sqlalchemy/engine/base.py\", line 1938, in _exec_single_context\n    self.dialect.do_executemany(\n  File \"/usr/local/lib/python3.11/site-packages/sqlalchemy/engine/default.py\", line 949, in do_executemany\n    cursor.executemany(statement, parameters)\nsqlite3.OperationalError: database is locked\n\nThe above exception was the direct cause of the following exception:\n\nTraceback (most recent call last):\n  File \"<stdin>\", line 6, in <module>\n  File \"/repo/records.py\", line 321, in bulk_query\n    conn.bulk_query(query, *multiparams)\n  File \"/repo/records.py\", line 403, in bulk_query\n    self._conn.execute(text(query), *multiparams)\n  File \"/usr/local/lib/python3.11/site-packages/sqlalchemy/engine/base.py\", line 1421, in execute\n    return meth(\n           ^^^^^\n  File \"/usr/local/lib/python3.11/site-packages/sqlalchemy/sql/elements.py\", line 526, in _execute_on_connection\n    return connection._execute_clauseelement(\n           ^^^^^^^^^^^^^^^^^^^^^^^^^^^^^^^^^^\n  File \"/usr/local/lib/python3.11/site-packages/sqlalchemy/engine/base.py\", line 1643, in _execute_clauseelement\n    ret = self._execute_context(\n          ^^^^^^^^^^^^^^^^^^^^^^\n  File \"/usr/local/lib/python3.11/site-packages/sqlalchemy/engine/base.py\", line 1848, in _execute_context\n    return self._exec_single_context(\n           ^^^^^^^^^^^^^^^^^^^^^^^^^^\n  File \"/usr/local/lib/python3.11/site-packages/sqlalchemy/engine/base.py\", line 1988, in _exec_single_context\n    self._handle_dbapi_exception(\n  File \"/usr/local/lib/python3.11/site-packages/sqlalchemy/engine/base.py\", line 2365, in _handle_dbapi_exception\n    raise sqlalchemy_exception.with_traceback(exc_info[2]) from e\n  File \"/usr/local/lib/python3.11/site-packages/sqlalchemy/engine/base.py\", line 1938, in _exec_single_context\n    self.dialect.do_executemany(\n  File \"/usr/local/lib/python3.11/site-packages/sqlalchemy/engine/default.py\", line 949, in do_executemany\n    cursor.executemany(statement, parameters)\nsqlalchemy.exc.OperationalError: (sqlite3.OperationalError) database is locked\n[SQL: insert into t values (?)]\n[parameters: [(2,), (3,)]]\n(Background on this error at: https://sqlalche.me/e/20/e3q8)\n",
  "phase_a.log": "\n[notice] A new release of pip is available: 24.0 -> 26.2.1\n[notice] To update, run: pip install --upgrade pip\n\n--stderr--\n"
 },
 {
  "probe": "p-c5",
  "cmd.txt": "rm -f /tmp/t.db && python - <<'EOF' || echo \"VERDICT_LINE: FAIL Database.transaction()/commit() raised (see traceback)\"\nimport records\ndb = records.Database('sqlite:////tmp/t.db')\ndb.query('create table t (x int)')\nt = db.transaction()\nprint('OBSERVED transaction object =', type(t).__name__, 'has commit/rollback =', hasattr(t, 'commit'), hasattr(t, 'rollback'))\ndb.query('insert into t values (1)')\nt.commit()\nt2 = db.transaction()\ndb.query('insert into t values (2)')\nt2.rollback()\ndb.close()\ndb2 = records.Database('sqlite:////tmp/t.db')\nvals = sorted(r.x for r in db2.query('select x from t'))\nprint('OBSERVED rows after commit(1)/rollback(2) then reopen =', vals, '(expected [1])')\nif vals == [1]:\n    print('VERDICT_LINE: PASS t=db.transaction(); t.commit() works and scopes db.query writes (rollback discards)')\nelif 1 in vals:\n    print('VERDICT_LINE: FAIL commit() API runs but transaction does not scope db.query writes: rows=%s' % vals)\nelse:\n    print('VERDICT_LINE: FAIL committed row missing after reopen: rows=%s' % vals)\nEOF",
  "exit_code": "0",
  "stdout.log": "OBSERVED transaction object = _GeneratorContextManager has commit/rollback = False False\nVERDICT_LINE: FAIL Database.transaction()/commit() raised (see traceback)\n",
  "stderr.log": "Traceback (most recent call last):\n  File \"<stdin>\", line 7, in <module>\nAttributeError: '_GeneratorContextManager' object has no attribute 'commit'\n",
  "phase_a.log": "\n[notice] A new release of pip is available: 24.0 -> 26.2.1\n[notice] To update, run: pip install --upgrade pip\n\n--stderr--\n"
 },
 {
  "probe": "p-c6",
  "cmd.txt": "python - <<'EOF' || echo \"VERDICT_LINE: FAIL rows.first()/rows.all() raised or returned wrong types (see traceback)\"\nimport records\ndb = records.Database('sqlite:///:memory:')\ndb.query('create table t (a int)')\ndb.query('insert into t values (1)'); db.query('insert into t values (2)')\nf = db.query('select * from t order by a').first()\nprint('OBSERVED first() =', repr(f), type(f).__name__)\nassert isinstance(f, records.Record) and f.a == 1\na = db.query('select * from t').all()\nprint('OBSERVED all() =', type(a).__name__, len(a), [type(x).__name__ for x in a])\nassert isinstance(a, list) and len(a) == 2 and all(isinstance(x, records.Record) for x in a)\nprint('VERDICT_LINE: PASS first() -> Record, all() -> list of 2 Records')\nEOF",
  "exit_code": "0",
  "stdout.log": "OBSERVED first() = <Record {\"a\": 1}> Record\nOBSERVED all() = list 2 ['Record', 'Record']\nVERDICT_LINE: PASS first() -> Record, all() -> list of 2 Records\n",
  "stderr.log": "",
  "phase_a.log": "\n[notice] A new release of pip is available: 24.0 -> 26.2.1\n[notice] To update, run: pip install --upgrade pip\n\n--stderr--\n"
 },
 {
  "probe": "p-c7",
  "cmd.txt": "python - <<'EOF' || echo \"VERDICT_LINE: FAIL rows.export('csv') raised or output malformed (see above)\"\nimport records\ndb = records.Database('sqlite:///:memory:')\ndb.query('create table t (username text, active int)')\ndb.query(\"insert into t values ('model-t', 1)\")\nout = db.query('select * from t').export('csv')\nlines = out.strip().splitlines()\nprint('OBSERVED csv =', repr(out))\nassert lines[0] == 'username,active', lines[0]\nassert lines[1] == 'model-t,1', lines[1]\nprint('VERDICT_LINE: PASS export(\"csv\") returns header row + data row as CSV text')\nEOF",
  "exit_code": "0",
  "stdout.log": "OBSERVED csv = 'username,active\\r\\nmodel-t,1\\r\\n'\nVERDICT_LINE: PASS export(\"csv\") returns header row + data row as CSV text\n",
  "stderr.log": "",
  "phase_a.log": "\n[notice] A new release of pip is available: 24.0 -> 26.2.1\n[notice] To update, run: pip install --upgrade pip\n\n--stderr--\n"
 },
 {
  "probe": "p-c8",
  "cmd.txt": "python - <<'EOF' || echo \"VERDICT_LINE: FAIL rows.export('df') raised or did not return a DataFrame (see above)\"\nimport records, pandas\ndb = records.Database('sqlite:///:memory:')\ndb.query('create table t (username text, active int)')\ndb.query(\"insert into t values ('model-t', 1)\")\ndf = db.query('select * from t').export('df')\nprint('OBSERVED type =', type(df).__module__ + '.' + type(df).__name__, 'shape =', getattr(df, 'shape', None))\nprint(df)\nassert isinstance(df, pandas.DataFrame) and df.shape == (1, 2) and list(df.columns) == ['username', 'active']\nprint('VERDICT_LINE: PASS export(\"df\") returns pandas.DataFrame shape (1,2) with correct columns')\nEOF",
  "exit_code": "0",
  "stdout.log": "OBSERVED type = pandas.DataFrame shape = (1, 2)\n  username  active\n0  model-t       1\nVERDICT_LINE: PASS export(\"df\") returns pandas.DataFrame shape (1,2) with correct columns\n",
  "stderr.log": "",
  "phase_a.log": "\n[notice] A new release of pip is available: 24.0 -> 26.2.1\n[notice] To update, run: pip install --upgrade pip\n\n--stderr--\n"
 },
 {
  "probe": "p-c9",
  "cmd.txt": "python - <<'EOF' || echo \"VERDICT_LINE: FAIL probe crashed while checking mssql dialect wiring\"\nimport records, sqlalchemy\nimport sqlalchemy.dialects.mssql as mssql\nprint('sqlalchemy', sqlalchemy.__version__, 'mssql dialect module ok')\ndef probe(url):\n    try:\n        records.Database(url); return 'OK'\n    except Exception as e:\n        return type(e).__name__ + ': ' + str(e)[:140]\nres = {u: probe(u) for u in ('mssql+pyodbc://u:p@h/db', 'mssql+pymssql://u:p@h/db')}\nfor u, r in res.items(): print('OBSERVED', u, '->', r)\nprint('OBSERVED: no MS-SQL server available in sandbox; end-to-end SELECT NOT executed (partial verification only)')\ndriver_only = all(r == 'OK' or ('No module named' in r and 'dialects' not in r) for r in res.values())\nif driver_only:\n    print('VERDICT_LINE: PASS partial: records passes mssql URLs to SQLAlchemy mssql dialect; only driver missing (README: drivers not included); no server to run queries')\nelse:\n    print('VERDICT_LINE: FAIL mssql URL rejected at dialect level, not driver level: %s' % list(res.values()))\nEOF",
  "exit_code": "0",
  "stdout.log": "sqlalchemy 2.0.52 mssql dialect module ok\nOBSERVED mssql+pyodbc://u:p@h/db -> ModuleNotFoundError: No module named 'pyodbc'\nOBSERVED mssql+pymssql://u:p@h/db -> ModuleNotFoundError: No module named 'pymssql'\nOBSERVED: no MS-SQL server available in sandbox; end-to-end SELECT NOT executed (partial verification only)\nVERDICT_LINE: PASS partial: records passes mssql URLs to SQLAlchemy mssql dialect; only driver missing (README: drivers not included); no server to run queries\n",
  "stderr.log": "",
  "phase_a.log": "\n[notice] A new release of pip is available: 24.0 -> 26.2.1\n[notice] To update, run: pip install --upgrade pip\n\n--stderr--\n"
 }
]