--- keyboard/__main__.py at pinned sha ---
# -*- coding: utf-8 -*-
import keyboard
import fileinput
import json
import sys

def print_event_json(event):
    print(event.to_json(ensure_ascii=sys.stdout.encoding != 'utf-8'))
    sys.stdout.flush()
keyboard.hook(print_event_json)

parse_event_json = lambda line: keyboard.KeyboardEvent(**json.loads(line))
keyboard.play(parse_event_json(line) for line in fileinput.input())
to_json: {"event_type": "down", "scan_code": 25, "name": "p", "time": 1622447562.2994788, "device": null, "is_keypad": null, "modifiers": null}
json_fields_ok
exit=0
--- replay: python -m keyboard < events.txt ---
    raise child_exception_type(errno_num, err_msg, err_filename)
FileNotFoundError: [Errno 2] No such file or directory: 'dumpkeys'
exit=1
--- record: python -m keyboard > events.txt (under a pty via script) ---
    raise child_exception_type(errno_num, err_msg, err_filename)
FileNotFoundError: [Errno 2] No such file or directory: 'dumpkeys'
exit=1
json_format_matches_readme=True replay_exit=1 record_exit=1 (124 = still running when timeout hit)
VERDICT_LINE: FAIL json_ok=True; replay exit=1 (FileNotFoundError: [Errno 2] No such file or directory: 'dumpkeys'); record exit=1 (FileNotFoundError: [Errno 2] No such file or directory: 'dumpkeys')
