r15-parse.json: ok wall=55.37s
r16-python-slugify.json: ok wall=47.06s
r17-pyinquirer.json: limit_blocked wall=702.87s
USAGE LIMIT, halting sweep; rerun later resumes cleanly (partial entry flagged)
{
 "id": "baseline-ext-1788021026",
 "agg": {
  "rows": {
   "verdict_acc": 0.023,
   "confident_wrong": 1.0,
   "evidence_valid": 0.269,
   "score_error": 0.671
  },
  "gates": {
   "no_fabricated_evidence": 1.0,
   "valid_report": 1.0
  },
  "raw": 0.35,
  "n_cases": 2,
  "settled_fraction": 0.042,
  "capped": true
 }
}
HALTED_ON_LIMIT
