requirements.txt
requirements_dev.txt
prompt_toolkit>=3.0.0,<3.1.0
Pygments>=2.2.0
# this file contains additional dependencies (not in requirements.txt)
# please list all dependencies necessary to test and build this package

-r requirements.txt

# test-tools
testfixtures
pytest>=4.4.0
pytest-cov>=2.4.0
pytest-html>=1.10.1
pytest-xdist>=1.15.0
pylint>=1.6.5
ptyprocess==0.5.1
regex>=2016.11.21

# build-tools
pep8>=1.7.0
bumpversion>=0.5.3
pypandoc>=1.3.3

# checks
safety>=1.8.5
Installing collected packages: wcwidth, Pygments, prompt_toolkit

Successfully installed Pygments-2.21.0 prompt_toolkit-3.0.53 wcwidth-0.8.3
pip install -r requirements.txt exit: 0
Installing collected packages: ptyprocess, pep8, typing-extensions, truststore, tqdm, tomlkit, tenacity, shellingham, ruamel-yaml, regex, pypandoc, pycparser, pluggy, platformdirs, packaging, mypy-extensions, mdurl, mccabe, marshmallow, MarkupSafe, joblib, iniconfig, idna, h11, filelock, execnet, dill, defusedxml, coverage, click, certifi, bump2version, astroid, annotated-types, annotated-doc, typing-inspection, testfixtures, pytest, pydantic-core, nltk, markdown-it-py, jinja2, isort, httpcore, dparse, cffi, bumpversion, anyio, rich, pytest-xdist, pytest-metadata, pytest-cov, pylint, pydantic, httpx, cryptography, typer, safety-schemas, pytest-html, joserfc, authlib, safety

Successfully installed MarkupSafe-3.0.3 annotated-doc-0.0.5 annotated-types-0.8.0 anyio-4.14.2 astroid-4.0.4 authlib-1.7.2 bump2version-1.0.1 bumpversion-0.6.0 certifi-2026.7.22 cffi-2.1.1 click-8.5.0 coverage-7.16.0 cryptography-50.0.1 defusedxml-0.7.1 dill-0.4.1 dparse-0.6.4 execnet-2.1.2 filelock-3.32.4 h11-0.16.0 httpcore-1.0.9 httpx-0.28.1 idna-3.19 iniconfig-2.3.0 isort-9.0.1 jinja2-3.1.6 joblib-1.5.3 joserfc-1.7.5 markdown-it-py-4.2.0 marshmallow-4.3.1 mccabe-0.7.0 mdurl-0.1.2 mypy-extensions-1.1.0 nltk-3.10.3 packaging-26.3 pep8-1.7.1 platformdirs-4.11.5 pluggy-1.6.0 ptyprocess-0.5.1 pycparser-3.0 pydantic-2.13.5 pydantic-core-2.46.5 pylint-4.0.8 pypandoc-1.17 pytest-9.1.1 pytest-cov-7.1.0 pytest-html-4.2.0 pytest-metadata-3.1.1 pytest-xdist-3.8.0 regex-2026.7.19 rich-15.0.0 ruamel-yaml-0.19.1 safety-3.8.1 safety-schemas-0.0.16 shellingham-1.5.4 tenacity-9.1.4 testfixtures-12.3.0 tomlkit-0.15.1 tqdm-4.70.0 truststore-0.10.4 typer-0.25.1 typing-extensions-4.16.0 typing-inspection-0.4.4
pip install -r requirements_dev.txt exit: 0
__init__.py
example_app.py
helpers.py
test_example_checkbox.py
test_example_expand.py
test_example_hierachical.py
test_example_input.py
test_example_list.py
test_example_password.py
test_example_pizza.py
test_example_rawlist.py
test_example_when.py
test_helpers.py
test_prompt.py
test_prompts_checkbox.py
test_prompts_common.py
test_prompts_input.py
test_prompts_list.py
test_utils.py
    stdin.fileno()
_ _ _ _ _ _ _ _ _ _ _ _ _ _ _ _ _ _ _ _ _ _ _ _ _ _ _ _ _ _ _ _ _ _ _ _ _ _ _ _ 

stdin = <prompt_toolkit.input.posix_pipe.PosixPipeInput.__init__.<locals>.Stdin object at 0x7fc1fb487a50>

    def fileno(stdin) -> int:
>       return self.pipe.read_fd
               ^^^^^^^^^^^^^^^^^
E       AttributeError: 'str' object has no attribute 'read_fd'

venv/lib/python3.11/site-packages/prompt_toolkit/input/posix_pipe.py:76: AttributeError
=========================== short test summary info ============================
FAILED tests/test_example_checkbox.py::test_checkbox - assert "Traceback (m.....
FAILED tests/test_example_expand.py::test_without_expand - assert 'Traceback ...
FAILED tests/test_example_expand.py::test_with_expand - assert 'Traceback (m....
FAILED tests/test_example_hierachical.py::test_hierarchical - assert "Traceba...
FAILED tests/test_example_input.py::test_input - assert 'Traceback (m...in <m...
FAILED tests/test_example_list.py::test_list - assert "Traceback (m...PyInqui...
FAILED tests/test_example_password.py::test_password - assert 'Traceback (m.....
FAILED tests/test_example_pizza.py::test_pizza - assert 'Traceback (m...in <m...
FAILED tests/test_example_rawlist.py::test_rawlist - assert "Traceback (m...P...
FAILED tests/test_example_when.py::test_when_bacon - assert 'Traceback (m...i...
FAILED tests/test_example_when.py::test_when_pizza - assert 'Traceback (m...i...
FAILED tests/test_example_when.py::test_when_no_thanks - assert 'Traceback (m...
FAILED tests/test_prompts_list.py::test_select_first_choice - AttributeError:...
FAILED tests/test_prompts_list.py::test_select_second_choice - AttributeError...
FAILED tests/test_prompts_list.py::test_select_third_choice - AttributeError:...
FAILED tests/test_prompts_list.py::test_cycle_to_first_choice - AttributeErro...
FAILED tests/test_prompts_list.py::test_cycle_backwards - AttributeError: 'st...
========================= 17 failed, 6 passed in 4.74s =========================
pytest exit: 1
VERDICT_LINE: FAIL pytest -sv tests/ exited 1: ========================= 17 failed, 6 passed in 4.74s =========================
