[
 {
  "probe": "p-c1",
  "cmd.txt": "/tmp/v/bin/python --version && /tmp/v/bin/python -c 'import newspaper; print(\"import newspaper OK\", newspaper.__version__)' && /tmp/v/bin/python -c 'from newspaper import Article; print(\"from newspaper import Article OK\")' && /tmp/v/bin/python -c 'from newspaper import Article; print(\"C1_OK\")' 2>&1 | grep -E 'C1_OK|ModuleNotFoundError|ImportError|lxml.html.clean'",
  "exit_code": "1",
  "stdout.log": "Python 3.12.14\n",
  "stderr.log": "/repo/newspaper/urls.py:117: SyntaxWarning: invalid escape sequence '\\.'\n  Separators can be [\\.-/_]. Years can be 2 or 4 digits, must\nTraceback (most recent call last):\n  File \"<string>\", line 1, in <module>\n  File \"/repo/newspaper/__init__.py\", line 10, in <module>\n    from .api import (build, build_article, fulltext, hot, languages,\n  File \"/repo/newspaper/api.py\", line 14, in <module>\n    from .article import Article\n  File \"/repo/newspaper/article.py\", line 16, in <module>\n    from . import network\n  File \"/repo/newspaper/network.py\", line 14, in <module>\n    from .configuration import Configuration\n  File \"/repo/newspaper/configuration.py\", line 15, in <module>\n    from .parsers import Parser\n  File \"/repo/newspaper/parsers.py\", line 12, in <module>\n    import lxml.html.clean\n  File \"/tmp/v/lib/python3.12/site-packages/lxml/html/clean.py\", line 18, in <module>\n    raise ImportError(\nImportError: lxml.html.clean module is now a separate project lxml_html_clean.\nInstall lxml[html-clean] or lxml_html_clean directly.\n",
  "phase_a.log": "\n[notice] A new release of pip is available: 25.0.1 -> 26.2.1\n[notice] To update, run: python3 -m pip install --upgrade pip\npip_rc=0\nlxml==6.1.2\nnewspaper3k==0.2.8\nnltk==3.10.3\npillow==12.3.0\n\n--stderr--\n"
 },
 {
  "probe": "p-c10",
  "cmd.txt": "python3 -c \"import json\nd=json.load(open('/tmp/c10.json'))\nprint(d)\nassert d['ok'], d.get('err')\nassert d['type']=='Source', d['type']\nassert d['n']>0, 'articles list EMPTY'\nassert d['article_types']==['Article'], d['article_types']\nassert all(u.startswith('http') and 'cnn' in u for u in d['urls']), d['urls']\nprint('C10_OK', d['n'], 'articles')\"",
  "exit_code": "0",
  "stdout.log": "{'ok': True, 'type': 'Source', 'n': 369, 'urls': ['https://www.cnn.com/business/media', 'https://www.cnn.com/weather/video', 'https://www.cnn.com/audio/podcasts/all-there-is-with-anderson-cooper', 'https://www.cnn.com/audio/podcasts/terms-of-service-with-clare-duffy', 'http://cnn.com/2026/08/28/world/live-news/nepal-china-flood'], 'article_types': ['Article'], 'cats': ['http://cnn.com', 'https://cnnespanol.cnn.com', 'https://cnn.onelink.me', 'https://www.cnn.com', 'https://cnn.it'], 'secs': 1.6}\nC10_OK 369 articles\n",
  "stderr.log": "",
  "phase_a.log": "\n[notice] A new release of pip is available: 24.0 -> 26.2.1\n[notice] To update, run: pip install --upgrade pip\nNOTE: installing lxml[html_clean] so this probe tests build(), not c1 import failure\n[notice] A new release of pip is available: 24.0 -> 26.2.1\n[notice] To update, run: pip install --upgrade pip\n{'ok': True, 'type': 'Source', 'n': 369, 'urls': ['https://www.cnn.com/business/media', 'https://www.cnn.com/weather/video', 'https://www.cnn.com/audio/podcasts/all-there-is-with-anderson-cooper', 'https://www.cnn.com/audio/podcasts/terms-of-service-with-clare-duffy', 'http://cnn.com/2026/08/28/world/live-news/nepal-china-flood'], 'article_types': ['Article'], 'cats': ['http://cnn.com', 'https://cnnespanol.cnn.com', 'https://cnn.onelink.me', 'https://www.cnn.com', 'https://cnn.it'], 'secs': 1.6}\nbuild_rc=0\n\n--stderr--\n"
 },
 {
  "probe": "p-c11",
  "cmd.txt": "echo '== claims of success rate in README at pinned commit =='; grep -noE '[0-9]+\\.[0-9]+% success rate|[0-9]+M\\+ residential IPs across [0-9]+\\+ countries' /tmp/README.rst && echo '== vendor page: is the number present, is any methodology present =='; echo \"bytes=$(wc -c < /tmp/swift.html)\"; echo \"mentions_99.89=$(grep -c '99\\.89' /tmp/swift.html)\"; echo \"mentions_80M=$(grep -ciE '80M\\+?|80 million' /tmp/swift.html)\"; echo \"methodology_words=$(grep -ciE 'methodolog|measured|benchmark|sample size|audit' /tmp/swift.html)\" && echo 'VERDICT_HINT: third-party marketing figure; README also quotes a different vendor at 99.99% \u2014 no artifact in the repo can substantiate either. Escalate as UNVERIFIABLE, do not score.'; echo C11_NO_EXECUTABLE_TRUTH",
  "exit_code": "0",
  "stdout.log": "== claims of success rate in README at pinned commit ==\n241:100M+ residential IPs across 195+ countries\n251:80M+ residential IPs across 195+ countries\n251:99.89% success rate\n459:100M+ residential IPs across 195+ countries\n459:99.99% success rate\n482:99.89% success rate\n== vendor page: is the number present, is any methodology present ==\nbytes=180462\nmentions_99.89=5\nmentions_80M=14\nmethodology_words=0\nVERDICT_HINT: third-party marketing figure; README also quotes a different vendor at 99.99% \u2014 no artifact in the repo can substantiate either. Escalate as UNVERIFIABLE, do not score.\nC11_NO_EXECUTABLE_TRUTH\n",
  "stderr.log": "",
  "phase_a.log": "readme_rc=0\nvendor_http=200 final=https://www.swiftproxy.net/\n\n--stderr--\ndebconf: unable to initialize frontend: Dialog\ndebconf: (TERM is not set, so the dialog frontend is not usable.)\ndebconf: falling back to frontend: Readline\ndebconf: unable to initialize frontend: Readline\ndebconf: (Can't locate Term/ReadLine.pm in @INC (you may need to install the Term::ReadLine module) (@INC entries checked: /etc/perl /usr/local/lib/x86_64-linux-gnu/perl/5.40.1 /usr/local/share/perl/5.40.1 /usr/lib/x86_64-linux-gnu/perl5/5.40 /usr/share/perl5 /usr/lib/x86_64-linux-gnu/perl-base /usr/lib/x86_64-linux-gnu/perl/5.40 /usr/share/perl/5.40 /usr/local/lib/site_perl) at /usr/share/perl5/Debconf/FrontEnd/Readline.pm line 8, <STDIN> line 27.)\ndebconf: falling back to frontend: Teletype\ndebconf: unable to initialize frontend: Teletype\ndebconf: (This frontend requires a controlling tty.)\ndebconf: falling back to frontend: Noninteractive\n"
 },
 {
  "probe": "p-c2",
  "cmd.txt": "python3 -c \"import json; d=json.load(open('/tmp/n3k.json'))['info']; print('newspaper3k', d['version'], 'requires_python=', d.get('requires_python')); cls=[c for c in d['classifiers'] if 'Python' in c]; print(cls); assert any(':: 3' in c for c in cls), 'no Python 3 classifier'; assert not any(':: 2' in c for c in cls), 'py2 classifier present'; print('C2_PY3_OK')\" && python3 -c \"import json; d=json.load(open('/tmp/n2.json'))['info']; print('newspaper', d['version'], 'requires_python=', d.get('requires_python')); print([c for c in d['classifiers'] if 'Python' in c]); print('pypi newspaper exists: C2_PY2PKG_OK')\" && echo \"python-2-head branch HTTP $(cat /tmp/branch.txt)\"; grep -q 200 /tmp/branch.txt && echo C2_BRANCH_OK",
  "exit_code": "0",
  "stdout.log": "newspaper3k 0.2.8 requires_python= \n['Programming Language :: Python :: 3']\nC2_PY3_OK\nnewspaper 0.1.0.7 requires_python= \n[]\npypi newspaper exists: C2_PY2PKG_OK\npython-2-head branch HTTP 200\nC2_BRANCH_OK\n",
  "stderr.log": "",
  "phase_a.log": "newspaper3k_rc=0\nnewspaper_rc=0\n\n--stderr--\ndebconf: unable to initialize frontend: Dialog\ndebconf: (TERM is not set, so the dialog frontend is not usable.)\ndebconf: falling back to frontend: Readline\ndebconf: unable to initialize frontend: Readline\ndebconf: (Can't locate Term/ReadLine.pm in @INC (you may need to install the Term::ReadLine module) (@INC entries checked: /etc/perl /usr/local/lib/x86_64-linux-gnu/perl/5.40.1 /usr/local/share/perl/5.40.1 /usr/lib/x86_64-linux-gnu/perl5/5.40 /usr/share/perl5 /usr/lib/x86_64-linux-gnu/perl-base /usr/lib/x86_64-linux-gnu/perl/5.40 /usr/share/perl/5.40 /usr/local/lib/site_perl) at /usr/share/perl5/Debconf/FrontEnd/Readline.pm line 8, <STDIN> line 27.)\ndebconf: falling back to frontend: Teletype\ndebconf: unable to initialize frontend: Teletype\ndebconf: (This frontend requires a controlling tty.)\ndebconf: falling back to frontend: Noninteractive\n"
 },
 {
  "probe": "p-c3",
  "cmd.txt": "cat /tmp/c3_head.txt /tmp/c3_target.txt && echo \"badge body bytes: $(wc -c < /tmp/c3_badge.body)\"; head -c 400 /tmp/c3_badge.body; echo && grep -qi '<svg' /tmp/c3_badge.body && echo BADGE_IS_SVG || echo BADGE_NOT_SVG && grep -qiE 'passing' /tmp/c3_badge.body && echo BADGE_SAYS_PASSING || echo BADGE_NOT_PASSING && grep -qiE 'unknown|failing|error|not found' /tmp/c3_badge.body && echo BADGE_NEGATIVE_TEXT || true",
  "exit_code": "0",
  "stdout.log": "http=200 final_url=https://api.travis-ci.com/codelucas/newspaper.svg type=image/svg+xml\ncurl_rc=0\ntarget_http=200 target_final=https://app.travis-ci.com/codelucas/newspaper/\nbadge body bytes: 730\n<svg xmlns=\"http://www.w3.org/2000/svg\" width=\"98\" height=\"20\"><linearGradient id=\"a\" x2=\"0\" y2=\"100%\"><stop offset=\"0\" stop-color=\"#bbb\" stop-opacity=\".1\"/><stop offset=\"1\" stop-opacity=\".1\"/></linearGradient><rect rx=\"3\" width=\"98\" height=\"20\" fill=\"#555\"/><rect rx=\"3\" x=\"37\" width=\"61\" height=\"20\" fill=\"#9f9f9f\"/><path fill=\"#9f9f9f\" d=\"M37 0h4v20h-4z\"/><rect rx=\"3\" width=\"98\" height=\"20\" fill=\nBADGE_IS_SVG\nBADGE_NOT_PASSING\nBADGE_NEGATIVE_TEXT\n",
  "stderr.log": "",
  "phase_a.log": "\n--stderr--\ndebconf: unable to initialize frontend: Dialog\ndebconf: (TERM is not set, so the dialog frontend is not usable.)\ndebconf: falling back to frontend: Readline\ndebconf: unable to initialize frontend: Readline\ndebconf: (Can't locate Term/ReadLine.pm in @INC (you may need to install the Term::ReadLine module) (@INC entries checked: /etc/perl /usr/local/lib/x86_64-linux-gnu/perl/5.40.1 /usr/local/share/perl/5.40.1 /usr/lib/x86_64-linux-gnu/perl5/5.40 /usr/share/perl5 /usr/lib/x86_64-linux-gnu/perl-base /usr/lib/x86_64-linux-gnu/perl/5.40 /usr/share/perl/5.40 /usr/local/lib/site_perl) at /usr/share/perl5/Debconf/FrontEnd/Readline.pm line 8, <STDIN> line 27.)\ndebconf: falling back to frontend: Teletype\ndebconf: unable to initialize frontend: Teletype\ndebconf: (This frontend requires a controlling tty.)\ndebconf: falling back to frontend: Noninteractive\n"
 },
 {
  "probe": "p-c4",
  "cmd.txt": "python3 -c \"import datetime\nfrom newspaper import Article\nurl='http://fox13now.com/2013/12/30/new-year-new-laws-obamacare-pot-guns-and-drones/'\nhtml=open('/tmp/fox.html').read()\nprint('html_len', len(html))\nassert html, 'download returned empty html'\na=Article(url)\na.download(input_html=html)\na.parse()\nprint('title', repr(a.title))\nprint('authors', a.authors)\nprint('publish_date', repr(a.publish_date))\nprint('text_head', repr(a.text[:120]))\nassert a.authors==['Leigh Ann Caldwell','John Honway'], ('authors mismatch', a.authors)\nassert a.publish_date==datetime.datetime(2013,12,30,0,0), ('date mismatch', a.publish_date)\nprint('C4_OK')\"",
  "exit_code": "1",
  "stdout.log": "html_len 102006\ntitle 'New Year, new laws: Obamacare, pot, guns and drones'\nauthors ['Cnn Wire']\npublish_date datetime.datetime(2013, 12, 30, 0, 0)\ntext_head 'By Leigh Ann Caldwell\\n\\nWASHINGTON (CNN) \u2014 Not everyone subscribes to a New Year\u2019s resolution, but Americans will be requ'\n",
  "stderr.log": "Traceback (most recent call last):\n  File \"<string>\", line 14, in <module>\nAssertionError: ('authors mismatch', ['Cnn Wire'])\n",
  "phase_a.log": "\n[notice] A new release of pip is available: 24.0 -> 26.2.1\n[notice] To update, run: pip install --upgrade pip\nNOTE: installing lxml[html_clean] so this probe tests the quickstart, not c1 import failure\n[notice] A new release of pip is available: 24.0 -> 26.2.1\n[notice] To update, run: pip install --upgrade pip\nhttp=200 final_url=https://www.fox13now.com/2013/12/30/new-year-new-laws-obamacare-pot-guns-and-drones\ndownload_state 2 exc None html_len 102006\n\n--stderr--\ndebconf: unable to initialize frontend: Dialog\ndebconf: (TERM is not set, so the dialog frontend is not usable.)\ndebconf: falling back to frontend: Readline\ndebconf: unable to initialize frontend: Readline\ndebconf: (Can't locate Term/ReadLine.pm in @INC (you may need to install the Term::ReadLine module) (@INC entries checked: /etc/perl /usr/local/lib/x86_64-linux-gnu/perl/5.40.1 /usr/local/share/perl/5.40.1 /usr/lib/x86_64-linux-gnu/perl5/5.40 /usr/share/perl5 /usr/lib/x86_64-linux-gnu/perl-base /usr/lib/x86_64-linux-gnu/perl/5.40 /usr/share/perl/5.40 /usr/local/lib/site_perl) at /usr/share/perl5/Debconf/FrontEnd/Readline.pm line 8, <STDIN> line 27.)\ndebconf: falling back to frontend: Teletype\ndebconf: unable to initialize frontend: Teletype\ndebconf: (This frontend requires a controlling tty.)\ndebconf: falling back to frontend: Noninteractive\n"
 },
 {
  "probe": "p-c5",
  "cmd.txt": "python3 -c \"import nltk\nfor r in ['tokenizers/punkt','corpora/stopwords']:\n    try: print(r, '->', nltk.data.find(r))\n    except LookupError as e: print(r, 'MISSING')\" && python3 -c \"from newspaper import Article\na=Article('http://example.com/2013/12/30/new-year-new-laws/')\na.download(input_html=open('/tmp/sample.html').read())\na.parse()\nprint('text_len', len(a.text))\na.nlp()\nprint('keywords', a.keywords)\nprint('summary', repr(a.summary[:200]))\nassert isinstance(a.keywords, list) and a.keywords and all(isinstance(k,str) for k in a.keywords), ('keywords empty/invalid', a.keywords)\nassert isinstance(a.summary, str) and a.summary.strip(), ('summary empty', a.summary)\nprint('C5_OK')\"",
  "exit_code": "1",
  "stdout.log": "tokenizers/punkt -> /root/nltk_data/tokenizers/punkt\ncorpora/stopwords -> /root/nltk_data/corpora/stopwords\ntext_len 1053\n",
  "stderr.log": "Traceback (most recent call last):\n  File \"<string>\", line 6, in <module>\n  File \"/repo/newspaper/article.py\", line 386, in nlp\n    summary_sents = nlp.summarize(title=self.title, text=self.text, max_sents=max_sents)\n                    ^^^^^^^^^^^^^^^^^^^^^^^^^^^^^^^^^^^^^^^^^^^^^^^^^^^^^^^^^^^^^^^^^^^^\n  File \"/repo/newspaper/nlp.py\", line 45, in summarize\n    sentences = split_sentences(text)\n                ^^^^^^^^^^^^^^^^^^^^^\n  File \"/repo/newspaper/nlp.py\", line 157, in split_sentences\n    tokenizer = nltk.data.load('tokenizers/punkt/english.pickle')\n                ^^^^^^^^^^^^^^^^^^^^^^^^^^^^^^^^^^^^^^^^^^^^^^^^^\n  File \"/usr/local/lib/python3.11/site-packages/nltk/data.py\", line 1126, in load\n    return switch_punkt(fil)\n           ^^^^^^^^^^^^^^^^^\n  File \"/usr/local/lib/python3.11/site-packages/nltk/data.py\", line 981, in switch_punkt\n    return tok(lang)\n           ^^^^^^^^^\n  File \"/usr/local/lib/python3.11/site-packages/nltk/tokenize/punkt.py\", line 1795, in __init__\n    self.load_lang(lang)\n  File \"/usr/local/lib/python3.11/site-packages/nltk/tokenize/punkt.py\", line 1800, in load_lang\n    lang_dir = find(f\"tokenizers/punkt_tab/{lang}/\")\n               ^^^^^^^^^^^^^^^^^^^^^^^^^^^^^^^^^^^^^\n  File \"/usr/local/lib/python3.11/site-packages/nltk/data.py\", line 877, in find\n    raise LookupError(resource_not_found)\nLookupError: \n**********************************************************************\n  Resource 'punkt_tab' not found.\n  Please use the NLTK Downloader to obtain the resource:\n\n  >>> import nltk\n  >>> nltk.download('punkt_tab')\n\n  For more information see: https://www.nltk.org/data.html\n\n  Attempted to load 'tokenizers/punkt_tab/english/'\n\n  Searched in:\n    - '/root/nltk_data'\n    - '/usr/local/nltk_data'\n    - '/usr/local/share/nltk_data'\n    - '/usr/local/lib/nltk_data'\n    - '/usr/share/nltk_data'\n    - '/usr/local/share/nltk_data'\n    - '/usr/lib/nltk_data'\n    - '/usr/local/lib/nltk_data'\n**********************************************************************\n\n",
  "phase_a.log": "\n[notice] A new release of pip is available: 24.0 -> 26.2.1\n[notice] To update, run: pip install --upgrade pip\nNOTE: installing lxml[html_clean] so this probe tests nlp(), not c1 import failure\n[notice] A new release of pip is available: 24.0 -> 26.2.1\n[notice] To update, run: pip install --upgrade pip\nDownloading \"maxent_treebank_pos_tagger\"\nDownloading \"movie_reviews\"\nDownloading \"wordnet\"\nDownloading \"stopwords\"\nFinished.\ncorpora_rc=0\nnewspaper3k==0.2.8\nnltk==3.10.3\nsample html bytes 1229\n\n--stderr--\ndebconf: unable to initialize frontend: Dialog\ndebconf: (TERM is not set, so the dialog frontend is not usable.)\ndebconf: falling back to frontend: Readline\ndebconf: unable to initialize frontend: Readline\ndebconf: (Can't locate Term/ReadLine.pm in @INC (you may need to install the Term::ReadLine module) (@INC entries checked: /etc/perl /usr/local/lib/x86_64-linux-gnu/perl/5.40.1 /usr/local/share/perl/5.40.1 /usr/lib/x86_64-linux-gnu/perl5/5.40 /usr/share/perl5 /usr/lib/x86_64-linux-gnu/perl-base /usr/lib/x86_64-linux-gnu/perl/5.40 /usr/share/perl/5.40 /usr/local/lib/site_perl) at /usr/share/perl5/Debconf/FrontEnd/Readline.pm line 8, <STDIN> line 27.)\ndebconf: falling back to frontend: Teletype\ndebconf: unable to initialize frontend: Teletype\ndebconf: (This frontend requires a controlling tty.)\ndebconf: falling back to frontend: Noninteractive\n"
 },
 {
  "probe": "p-c6",
  "cmd.txt": "echo '== bare interpreter =='; tail -5 /tmp/c6_bare.log && echo '== after pip install newspaper3k =='; tail -8 /tmp/c6_after.log && grep -q 'after_install_rc=0' /tmp/c6_after.log && echo C6_SCRIPT_EXIT0 || echo C6_SCRIPT_FAILED && python3 -c \"import nltk\nmissing=[]\nfor r in ['corpora/brown','tokenizers/punkt','taggers/maxent_treebank_pos_tagger','corpora/movie_reviews','corpora/wordnet','corpora/stopwords']:\n    try: nltk.data.find(r); print('present', r)\n    except LookupError: print('MISSING', r); missing.append(r)\nassert not missing, missing\nprint('C6_OK')\"",
  "exit_code": "1",
  "stdout.log": "== bare interpreter ==\nTraceback (most recent call last):\n  File \"<stdin>\", line 6, in <module>\nModuleNotFoundError: No module named 'nltk'\nbare_rc=1\n== after pip install newspaper3k ==\nDownloading \"brown\"\nDownloading \"punkt\"\nDownloading \"maxent_treebank_pos_tagger\"\nDownloading \"movie_reviews\"\nDownloading \"wordnet\"\nDownloading \"stopwords\"\nFinished.\nafter_install_rc=0\nC6_SCRIPT_EXIT0\npresent corpora/brown\npresent tokenizers/punkt\npresent taggers/maxent_treebank_pos_tagger\npresent corpora/movie_reviews\nMISSING corpora/wordnet\npresent corpora/stopwords\n",
  "stderr.log": "Traceback (most recent call last):\n  File \"<string>\", line 6, in <module>\nAssertionError: ['corpora/wordnet']\n",
  "phase_a.log": "script_fetch_rc=0\n657 /tmp/download_corpora.py\n--- README ordering: corpora step precedes pip3 install newspaper3k; run verbatim on a bare interpreter first ---\nbare_rc=1\n\n[notice] A new release of pip is available: 24.0 -> 26.2.1\n[notice] To update, run: pip install --upgrade pip\nafter_install_rc=0\n\n--stderr--\ndebconf: unable to initialize frontend: Dialog\ndebconf: (TERM is not set, so the dialog frontend is not usable.)\ndebconf: falling back to frontend: Readline\ndebconf: unable to initialize frontend: Readline\ndebconf: (Can't locate Term/ReadLine.pm in @INC (you may need to install the Term::ReadLine module) (@INC entries checked: /etc/perl /usr/local/lib/x86_64-linux-gnu/perl/5.40.1 /usr/local/share/perl/5.40.1 /usr/lib/x86_64-linux-gnu/perl5/5.40 /usr/share/perl5 /usr/lib/x86_64-linux-gnu/perl-base /usr/lib/x86_64-linux-gnu/perl/5.40 /usr/share/perl/5.40 /usr/local/lib/site_perl) at /usr/share/perl5/Debconf/FrontEnd/Readline.pm line 8, <STDIN> line 27.)\ndebconf: falling back to frontend: Teletype\ndebconf: unable to initialize frontend: Teletype\ndebconf: (This frontend requires a controlling tty.)\ndebconf: falling back to frontend: Noninteractive\n  % Total    % Received % Xferd  Average Speed   Time    Time     Time  Current\n                                 Dload  Upload   Total   Spent    Left  Speed\n\n  0     0    0     0    0     0      0      0 --:--:-- --:--:-- --:--:--     0\n100   657  100   657    0     0  21590      0 --:--:-- --:--:-- --:--:-- 21900\n  % Total    % Received % Xferd  Average Speed   Time    Time     Time  Current\n                                 Dload  Upload   Total   Spent    Left  Speed\n\n  0     0    0     0    0     0      0      0 --:--:-- --:--:-- --:--:--     0\n100   657  100   657    0     0  26487      0 --:--:-- --:--:-- --:--:-- 27375\n"
 },
 {
  "probe": "p-c7",
  "cmd.txt": "echo \"verbatim install rc=$(cat /tmp/c7_install.rc)\"; tail -5 /tmp/c7_install.log && apt-cache policy libpng12-dev 2>&1 | head -5; apt-cache show libpng12-dev >/dev/null 2>&1 && echo LIBPNG12_DEV_AVAILABLE || echo LIBPNG12_DEV_NOT_IN_APT && echo \"README fallback (libpng-dev) rc=$(cat /tmp/c7_fallback.rc)\"; dpkg -s libpng-dev 2>/dev/null | grep -E '^(Package|Version):' && test \"$(cat /tmp/c7_install.rc)\" = 0 && echo C7_OK || echo C7_FAIL_AS_WRITTEN",
  "exit_code": "0",
  "stdout.log": "verbatim install rc=100\nPackage libpng12-dev is not available, but is referred to by another package.\nThis may mean that the package is missing, has been obsoleted, or\nis only available from another source\n\nE: Package 'libpng12-dev' has no installation candidate\nlibpng12-dev:\n  Installed: (none)\n  Candidate: (none)\n  Version table:\nLIBPNG12_DEV_AVAILABLE\nREADME fallback (libpng-dev) rc=0\nPackage: libpng-dev\nVersion: 1.6.48-1+deb13u5\nC7_FAIL_AS_WRITTEN\n",
  "stderr.log": "",
  "phase_a.log": "PRETTY_NAME=\"Debian GNU/Linux 13 (trixie)\"\nVERSION_CODENAME=trixie\nupdate_rc=0\n\n--stderr--\n"
 },
 {
  "probe": "p-c8",
  "cmd.txt": "python3 -c 'import newspaper; newspaper.languages()' > /tmp/c8.txt 2>&1; echo \"rc=$?\"; cat /tmp/c8.txt && grep -q 'Your available languages are' /tmp/c8.txt && echo HEADER_OK && for code in ar be bg da de el en es; do grep -qE \"^\\s*${code}\\s+\" /tmp/c8.txt && echo \"has $code\" || echo \"MISSING $code\"; done && n=$(grep -cE '^\\s*[a-z]{2}\\s+[A-Z]' /tmp/c8.txt); echo \"language rows: $n\"; test \"$n\" -ge 10 && echo C8_OK",
  "exit_code": "0",
  "stdout.log": "rc=0\n\nYour available languages are:\n\ninput code\t\tfull name\n  ar\t\t\t  Arabic\n  be\t\t\t  Belarusian\n  bg\t\t\t  Bulgarian\n  da\t\t\t  Danish\n  de\t\t\t  German\n  el\t\t\t  Greek\n  en\t\t\t  English\n  es\t\t\t  Spanish\n  et\t\t\t  Estonian\n  fa\t\t\t  Persian\n  fi\t\t\t  Finnish\n  fr\t\t\t  French\n  he\t\t\t  Hebrew\n  hi\t\t\t  Hindi\n  hr\t\t\t  Croatian\n  hu\t\t\t  Hungarian\n  id\t\t\t  Indonesian\n  it\t\t\t  Italian\n  ja\t\t\t  Japanese\n  ko\t\t\t  Korean\n  lt\t\t\t  Lithuanian\n  mk\t\t\t  Macedonian\n  nb\t\t\t  Norwegian (Bokm\u00e5l)\n  nl\t\t\t  Dutch\n  no\t\t\t  Norwegian\n  pl\t\t\t  Polish\n  pt\t\t\t  Portuguese\n  ro\t\t\t  Romanian\n  ru\t\t\t  Russian\n  sl\t\t\t  Slovenian\n  sr\t\t\t  Serbian\n  sv\t\t\t  Swedish\n  sw\t\t\t  Swahili\n  th\t\t\t  Thai\n  tr\t\t\t  Turkish\n  uk\t\t\t  Ukrainian\n  vi\t\t\t  Vietnamese\n  zh\t\t\t  Chinese\n\nHEADER_OK\nhas ar\nhas be\nhas bg\nhas da\nhas de\nhas el\nhas en\nhas es\nlanguage rows: 38\nC8_OK\n",
  "stderr.log": "",
  "phase_a.log": "\n[notice] A new release of pip is available: 24.0 -> 26.2.1\n[notice] To update, run: pip install --upgrade pip\nNOTE: installing lxml[html_clean] so this probe tests languages(), not c1 import failure\n[notice] A new release of pip is available: 24.0 -> 26.2.1\n[notice] To update, run: pip install --upgrade pip\n\n--stderr--\n"
 },
 {
  "probe": "p-c9",
  "cmd.txt": "python3 -c \"from newspaper import news_pool\nprint(type(news_pool), news_pool.__class__.__module__)\nprint('methods', [m for m in dir(news_pool) if not m.startswith('_')])\nassert callable(getattr(news_pool,'set',None)), 'no set()'\nassert callable(getattr(news_pool,'join',None)), 'no join()'\nimport inspect, newspaper.mthreading as mt\nsrc=inspect.getsource(mt)\nassert 'Thread' in src, 'no threading in mthreading'\nprint('C9_OK')\"",
  "exit_code": "0",
  "stdout.log": "<class 'newspaper.mthreading.NewsPool'> newspaper.mthreading\nmethods ['config', 'join', 'pool', 'set']\nC9_OK\n",
  "stderr.log": "",
  "phase_a.log": "\n[notice] A new release of pip is available: 24.0 -> 26.2.1\n[notice] To update, run: pip install --upgrade pip\nNOTE: installing lxml[html_clean] so this probe tests news_pool, not c1 import failure\n[notice] A new release of pip is available: 24.0 -> 26.2.1\n[notice] To update, run: pip install --upgrade pip\n\n--stderr--\n"
 }
]