__init__.py
checkbox.py
common.py
confirm.py
editor.py
expand.py
input.py
list.py
password.py
rawlist.py
Version: 3.0.53
prompt modules present: ['input', 'confirm', 'list', 'rawlist', 'expand', 'checkbox', 'password', 'editor'] (8/8)
   input -> import ok
   confirm -> import ok
   list -> import ok
   rawlist -> import ok
   expand -> import ok
   checkbox -> import ok
   password -> import ok
   editor -> import ok
all 8 types present and importable: True
VERDICT_LINE: PASS one prompt module per documented type exists and imports with the repo-declared prompt_toolkit
