[
 {
  "probe": "p-c1",
  "cmd.txt": "python --version && pip show pydub | head -3 && python -c 'import pydub, sys; print(\"observed: pydub imported from\", pydub.__file__, \"on\", sys.version.split()[0])' && echo 'VERDICT_LINE: PASS pip install pydub exited 0 and package is installed/importable' || echo 'VERDICT_LINE: FAIL pip install pydub did not produce an installed, importable package'",
  "exit_code": "0",
  "stdout.log": "Python 3.11.16\nName: pydub\nVersion: 0.25.1\nSummary: Manipulate audio with an simple and easy high level interface\nobserved: pydub imported from /repo/pydub/__init__.py on 3.11.16\nVERDICT_LINE: PASS pip install pydub exited 0 and package is installed/importable\n",
  "stderr.log": "ERROR: Pipe to stdout was broken\nException ignored in: <_io.TextIOWrapper name='<stdout>' mode='w' encoding='utf-8'>\nBrokenPipeError: [Errno 32] Broken pipe\n/repo/pydub/utils.py:174: RuntimeWarning: Couldn't find ffmpeg or avconv - defaulting to ffmpeg, but may not work\n  warn(\"Couldn't find ffmpeg or avconv - defaulting to ffmpeg, but may not work\", RuntimeWarning)\n",
  "phase_a.log": "Collecting pydub\n  Downloading pydub-0.25.1-py2.py3-none-any.whl.metadata (1.4 kB)\nDownloading pydub-0.25.1-py2.py3-none-any.whl (32 kB)\nInstalling collected packages: pydub\nSuccessfully installed pydub-0.25.1\n\n--stderr--\nUnable to find image 'python:3.11-slim' locally\n3.11-slim: Pulling from library/python\n6310eb16bf42: Pulling fs layer\n87e1b7cce023: Pulling fs layer\nc86306e32cd0: Pulling fs layer\na14578096eda: Pulling fs layer\na14578096eda: Waiting\n87e1b7cce023: Verifying Checksum\n87e1b7cce023: Download complete\nc86306e32cd0: Verifying Checksum\nc86306e32cd0: Download complete\n6310eb16bf42: Verifying Checksum\n6310eb16bf42: Download complete\na14578096eda: Verifying Checksum\na14578096eda: Download complete\n6310eb16bf42: Pull complete\n87e1b7cce023: Pull complete\nc86306e32cd0: Pull complete\na14578096eda: Pull complete\nDigest: sha256:1042b61448fef4ba92d16a8c7eb4996d027568ce64792a7877fd88511e0af7c6\nStatus: Downloaded newer image for python:3.11-slim\nWARNING: Running pip as the 'root' user can result in broken permissions and conflicting behaviour with the system package manager. It is recommended to use a virtual environment instead: https://pip.pypa.io/warnings/venv\n\n[notice] A new release of pip is available: 24.0 -> 26.2.1\n[notice] To update, run: pip install --upgrade pip\n"
 },
 {
  "probe": "p-c10",
  "cmd.txt": "python -c '\nimport wave, struct, math\nfrom pydub import AudioSegment\ndef mkwav(p, secs, amp=8000, freq=440, rate=8000):\n    w=wave.open(p,\"wb\"); w.setnchannels(1); w.setsampwidth(2); w.setframerate(rate)\n    w.writeframes(b\"\".join(struct.pack(\"<h\", int(amp*math.sin(2*math.pi*freq*i/rate))) for i in range(rate*secs))); w.close()\nN = 7\nmkwav(\"known.wav\", N)\nseg = AudioSegment.from_wav(\"known.wav\")\nprint(\"observed: wav seconds =\", N, \"len(seg) =\", len(seg), \"duration_seconds =\", seg.duration_seconds)\nassert abs(len(seg) - N*1000) <= 1, \"len(seg) is not milliseconds\"\nprint(\"VERDICT_LINE: PASS len(audio_segment) == %d for a %d s WAV (milliseconds)\" % (len(seg), N))\n' || echo 'VERDICT_LINE: FAIL len(audio_segment) does not equal duration in milliseconds'",
  "exit_code": "0",
  "stdout.log": "observed: wav seconds = 7 len(seg) = 7000 duration_seconds = 7.0\nVERDICT_LINE: PASS len(audio_segment) == 7000 for a 7 s WAV (milliseconds)\n",
  "stderr.log": "/repo/pydub/utils.py:174: RuntimeWarning: Couldn't find ffmpeg or avconv - defaulting to ffmpeg, but may not work\n  warn(\"Couldn't find ffmpeg or avconv - defaulting to ffmpeg, but may not work\", RuntimeWarning)\n",
  "phase_a.log": "Collecting pydub\n  Downloading pydub-0.25.1-py2.py3-none-any.whl.metadata (1.4 kB)\nDownloading pydub-0.25.1-py2.py3-none-any.whl (32 kB)\nInstalling collected packages: pydub\nSuccessfully installed pydub-0.25.1\n\n--stderr--\nWARNING: Running pip as the 'root' user can result in broken permissions and conflicting behaviour with the system package manager. It is recommended to use a virtual environment instead: https://pip.pypa.io/warnings/venv\n\n[notice] A new release of pip is available: 24.0 -> 26.2.1\n[notice] To update, run: pip install --upgrade pip\n"
 },
 {
  "probe": "p-c11",
  "cmd.txt": "python -c '\nimport wave, struct, math\nfrom pydub import AudioSegment\ndef mkwav(p, secs, amp=8000, freq=440, rate=8000):\n    n = rate*secs\n    w=wave.open(p,\"wb\"); w.setnchannels(1); w.setsampwidth(2); w.setframerate(rate)\n    w.writeframes(b\"\".join(struct.pack(\"<h\", int(amp*(i/n)*math.sin(2*math.pi*freq*i/rate))) for i in range(n))); w.close()\nmkwav(\"song.wav\", 2)\nsong = AudioSegment.from_wav(\"song.wav\")\nbefore = song.raw_data\nbefore_id = id(song)\nbackwards = song.reverse()\nunchanged = song.raw_data == before\ndiffers = backwards.raw_data != before\nroundtrip = backwards.reverse().raw_data == before\nprint(\"observed: original raw_data unchanged after reverse() =\", unchanged, \"| reversed differs =\", differs, \"| reverse(reverse) == original =\", roundtrip, \"| new object =\", backwards is not song)\nassert unchanged, \"song was modified by reverse()\"\nassert differs and roundtrip and backwards is not song, \"reverse() did not return a distinct reversed copy\"\nprint(\"VERDICT_LINE: PASS song.reverse() returns a new reversed segment; song.raw_data byte-identical before/after\")\n' || echo 'VERDICT_LINE: FAIL immutability check failed (original modified or reverse() not a new object)'",
  "exit_code": "0",
  "stdout.log": "observed: original raw_data unchanged after reverse() = True | reversed differs = True | reverse(reverse) == original = True | new object = True\nVERDICT_LINE: PASS song.reverse() returns a new reversed segment; song.raw_data byte-identical before/after\n",
  "stderr.log": "/repo/pydub/utils.py:174: RuntimeWarning: Couldn't find ffmpeg or avconv - defaulting to ffmpeg, but may not work\n  warn(\"Couldn't find ffmpeg or avconv - defaulting to ffmpeg, but may not work\", RuntimeWarning)\n",
  "phase_a.log": "Collecting pydub\n  Downloading pydub-0.25.1-py2.py3-none-any.whl.metadata (1.4 kB)\nDownloading pydub-0.25.1-py2.py3-none-any.whl (32 kB)\nInstalling collected packages: pydub\nSuccessfully installed pydub-0.25.1\n\n--stderr--\nWARNING: Running pip as the 'root' user can result in broken permissions and conflicting behaviour with the system package manager. It is recommended to use a virtual environment instead: https://pip.pypa.io/warnings/venv\n\n[notice] A new release of pip is available: 24.0 -> 26.2.1\n[notice] To update, run: pip install --upgrade pip\n"
 },
 {
  "probe": "p-c2",
  "cmd.txt": "python --version && python -c 'from pydub import AudioSegment; import sys; print(\"observed: from pydub import AudioSegment OK on Python\", sys.version.split()[0])' && echo 'VERDICT_LINE: PASS README quickstart import succeeds on Python 3.13' || echo 'VERDICT_LINE: FAIL from pydub import AudioSegment raises on Python 3.13 (traceback above; README states no version restriction)'",
  "exit_code": "0",
  "stdout.log": "Python 3.13.15\nVERDICT_LINE: FAIL from pydub import AudioSegment raises on Python 3.13 (traceback above; README states no version restriction)\n",
  "stderr.log": "Traceback (most recent call last):\n  File \"/repo/pydub/utils.py\", line 15, in <module>\n    import audioop\nModuleNotFoundError: No module named 'audioop'\n\nDuring handling of the above exception, another exception occurred:\n\nTraceback (most recent call last):\n  File \"<string>\", line 1, in <module>\n    from pydub import AudioSegment; import sys; print(\"observed: from pydub import AudioSegment OK on Python\", sys.version.split()[0])\n    ^^^^^^^^^^^^^^^^^^^^^^^^^^^^^^\n  File \"/repo/pydub/__init__.py\", line 1, in <module>\n    from .audio_segment import AudioSegment\n  File \"/repo/pydub/audio_segment.py\", line 11, in <module>\n    from .utils import mediainfo_json, fsdecode\n  File \"/repo/pydub/utils.py\", line 17, in <module>\n    import pyaudioop as audioop\nModuleNotFoundError: No module named 'pyaudioop'\n",
  "phase_a.log": "Collecting pydub\n  Downloading pydub-0.25.1-py2.py3-none-any.whl.metadata (1.4 kB)\nDownloading pydub-0.25.1-py2.py3-none-any.whl (32 kB)\nInstalling collected packages: pydub\nSuccessfully installed pydub-0.25.1\n\n--stderr--\nUnable to find image 'python:3.13-slim' locally\n3.13-slim: Pulling from library/python\n6310eb16bf42: Already exists\n64c7e6efa7cd: Pulling fs layer\n357a46282089: Pulling fs layer\nd64904dff413: Pulling fs layer\nd64904dff413: Verifying Checksum\nd64904dff413: Download complete\n64c7e6efa7cd: Verifying Checksum\n64c7e6efa7cd: Download complete\n357a46282089: Verifying Checksum\n357a46282089: Download complete\n64c7e6efa7cd: Pull complete\n357a46282089: Pull complete\nd64904dff413: Pull complete\nDigest: sha256:7ce4b6dfe35e55397b7cda544f8a13f191b7ae28dc5aad71fe664dbc9bc2623f\nStatus: Downloaded newer image for python:3.13-slim\nWARNING: Running pip as the 'root' user can result in broken permissions and conflicting behaviour with the system package manager, possibly rendering your system unusable. It is recommended to use a virtual environment instead: https://pip.pypa.io/warnings/venv. Use the --root-user-action option if you know what you are doing and want to suppress this warning.\n"
 },
 {
  "probe": "p-c3",
  "cmd.txt": "python -c '\nimport wave, struct, math, shutil\nfrom pydub import AudioSegment\ndef mkwav(p, secs, amp=8000, freq=440, rate=8000):\n    w=wave.open(p,\"wb\"); w.setnchannels(1); w.setsampwidth(2); w.setframerate(rate)\n    w.writeframes(b\"\".join(struct.pack(\"<h\", int(amp*math.sin(2*math.pi*freq*i/rate))) for i in range(rate*secs))); w.close()\nmkwav(\"in.wav\", 2)\nseg = AudioSegment.from_wav(\"in.wav\")\nseg.export(\"out.wav\", format=\"wav\")\nw = wave.open(\"out.wav\",\"rb\"); frames=w.getnframes(); rate=w.getframerate(); w.close()\nprint(\"observed: ffmpeg on PATH =\", shutil.which(\"ffmpeg\"), \"avconv =\", shutil.which(\"avconv\"), \"| out.wav frames =\", frames, \"rate =\", rate, \"duration_s =\", frames/rate)\nassert shutil.which(\"ffmpeg\") is None and shutil.which(\"avconv\") is None, \"converter unexpectedly present\"\nassert abs(frames/rate - 2.0) < 0.01, \"exported wav has wrong duration\"\nprint(\"VERDICT_LINE: PASS from_wav + export(format=wav) round-trip produced a valid 2.0s WAV with no ffmpeg/avconv on PATH\")\n' || echo 'VERDICT_LINE: FAIL WAV open/save without ffmpeg raised or produced an invalid file'",
  "exit_code": "0",
  "stdout.log": "observed: ffmpeg on PATH = None avconv = None | out.wav frames = 16000 rate = 8000 duration_s = 2.0\nVERDICT_LINE: PASS from_wav + export(format=wav) round-trip produced a valid 2.0s WAV with no ffmpeg/avconv on PATH\n",
  "stderr.log": "/repo/pydub/utils.py:174: RuntimeWarning: Couldn't find ffmpeg or avconv - defaulting to ffmpeg, but may not work\n  warn(\"Couldn't find ffmpeg or avconv - defaulting to ffmpeg, but may not work\", RuntimeWarning)\n",
  "phase_a.log": "Collecting pydub\n  Downloading pydub-0.25.1-py2.py3-none-any.whl.metadata (1.4 kB)\nDownloading pydub-0.25.1-py2.py3-none-any.whl (32 kB)\nInstalling collected packages: pydub\nSuccessfully installed pydub-0.25.1\n\n--stderr--\nWARNING: Running pip as the 'root' user can result in broken permissions and conflicting behaviour with the system package manager. It is recommended to use a virtual environment instead: https://pip.pypa.io/warnings/venv\n\n[notice] A new release of pip is available: 24.0 -> 26.2.1\n[notice] To update, run: pip install --upgrade pip\n"
 },
 {
  "probe": "p-c4",
  "cmd.txt": "python -c '\nimport shutil\nfrom pydub import AudioSegment\nopen(\"fake.mp3\",\"wb\").write(b\"\\xff\\xfb\\x90\\x00\" + b\"\\x00\"*4000)\nprint(\"observed: ffmpeg =\", shutil.which(\"ffmpeg\"), \"avconv =\", shutil.which(\"avconv\"))\ntry:\n    AudioSegment.from_mp3(\"fake.mp3\")\n    print(\"observed: from_mp3 unexpectedly succeeded with no converter installed\")\n    print(\"VERDICT_LINE: FAIL from_mp3 succeeded without ffmpeg/avconv\")\nexcept Exception as e:\n    msg = \"%s: %s\" % (type(e).__name__, e)\n    print(\"observed: from_mp3 raised\", msg)\n    ok = (\"ffmpeg\" in msg) or (\"avconv\" in msg)\n    print(\"VERDICT_LINE: PASS from_mp3 fails without ffmpeg/avconv and the error names the missing converter (with-ffmpeg half not exercised: no apt in 120s budget)\" if ok else \"VERDICT_LINE: FAIL from_mp3 failed but the error does not mention ffmpeg/avconv\")\n' || echo 'VERDICT_LINE: FAIL probe crashed before reaching from_mp3'",
  "exit_code": "0",
  "stdout.log": "observed: ffmpeg = None avconv = None\nobserved: from_mp3 raised FileNotFoundError: [Errno 2] No such file or directory: 'ffprobe'\nVERDICT_LINE: FAIL from_mp3 failed but the error does not mention ffmpeg/avconv\n",
  "stderr.log": "/repo/pydub/utils.py:174: RuntimeWarning: Couldn't find ffmpeg or avconv - defaulting to ffmpeg, but may not work\n  warn(\"Couldn't find ffmpeg or avconv - defaulting to ffmpeg, but may not work\", RuntimeWarning)\n/repo/pydub/utils.py:202: RuntimeWarning: Couldn't find ffprobe or avprobe - defaulting to ffprobe, but may not work\n  warn(\"Couldn't find ffprobe or avprobe - defaulting to ffprobe, but may not work\", RuntimeWarning)\n",
  "phase_a.log": "Collecting pydub\n  Downloading pydub-0.25.1-py2.py3-none-any.whl.metadata (1.4 kB)\nDownloading pydub-0.25.1-py2.py3-none-any.whl (32 kB)\nInstalling collected packages: pydub\nSuccessfully installed pydub-0.25.1\n\n--stderr--\nWARNING: Running pip as the 'root' user can result in broken permissions and conflicting behaviour with the system package manager. It is recommended to use a virtual environment instead: https://pip.pypa.io/warnings/venv\n\n[notice] A new release of pip is available: 24.0 -> 26.2.1\n[notice] To update, run: pip install --upgrade pip\n"
 },
 {
  "probe": "p-c5",
  "cmd.txt": "python -c '\nimport urllib.request, urllib.error\ndef get(u):\n    try:\n        r = urllib.request.urlopen(urllib.request.Request(u, headers={\"User-Agent\":\"probe\"}), timeout=20)\n        return r.status, r.geturl(), r.read(20000).decode(\"utf-8\",\"replace\")\n    except urllib.error.HTTPError as e:\n        return e.code, u, \"\"\n    except Exception as e:\n        return None, u, type(e).__name__+\": \"+str(e)\ns1,u1,b1 = get(\"https://travis-ci.org/jiaaro/pydub.svg?branch=master\")\ns2,u2,b2 = get(\"https://travis-ci.org/jiaaro/pydub\")\nprint(\"observed: badge http =\", s1, \"final url =\", u1, \"svg contains passing =\", \"passing\" in b1.lower(), \"svg snippet =\", repr(b1[:120]))\nprint(\"observed: page http =\", s2, \"final url =\", u2, \"still on travis-ci.org =\", \"travis-ci.org\" in u2)\nok = s1 == 200 and \"passing\" in b1.lower() and s2 == 200\nprint(\"VERDICT_LINE: PASS travis badge live and reports passing build\" if ok else \"VERDICT_LINE: FAIL travis-ci.org badge/page does not show a live passing build (badge http=%s, page http=%s, final url=%s)\" % (s1, s2, u2))\n' || echo 'VERDICT_LINE: FAIL probe crashed'",
  "exit_code": "0",
  "stdout.log": "observed: badge http = 200 final url = https://api.travis-ci.com/jiaaro/pydub.svg?branch=master svg contains passing = False svg snippet = '<svg xmlns=\"http://www.w3.org/2000/svg\" width=\"98\" height=\"20\"><linearGradient id=\"a\" x2=\"0\" y2=\"100%\"><stop offset=\"0\" '\nobserved: page http = 200 final url = https://app.travis-ci.com/jiaaro/pydub still on travis-ci.org = False\nVERDICT_LINE: FAIL travis-ci.org badge/page does not show a live passing build (badge http=200, page http=200, final url=https://app.travis-ci.com/jiaaro/pydub)\n",
  "stderr.log": "",
  "phase_a.log": "\n--stderr--\n"
 },
 {
  "probe": "p-c6",
  "cmd.txt": "python -c '\nimport urllib.request, urllib.error, json, datetime\ndef get(u):\n    try:\n        r = urllib.request.urlopen(urllib.request.Request(u, headers={\"User-Agent\":\"probe\",\"Accept\":\"application/json\"}), timeout=20)\n        return r.status, r.read(50000).decode(\"utf-8\",\"replace\")\n    except urllib.error.HTTPError as e:\n        return e.code, \"\"\n    except Exception as e:\n        return None, type(e).__name__+\": \"+str(e)\ns1,b1 = get(\"https://ci.appveyor.com/api/projects/status/gy1ucp9o5khq7fqi/branch/master?svg=true\")\ns2,b2 = get(\"https://ci.appveyor.com/api/projects/jiaaro/pydub/branch/master\")\nstatus=finished=age=None\ntry:\n    j=json.loads(b2); status=j[\"build\"][\"status\"]; finished=j[\"build\"].get(\"finished\") or j[\"build\"].get(\"updated\")\n    age=(datetime.datetime.now(datetime.timezone.utc)-datetime.datetime.fromisoformat(finished[:19]).replace(tzinfo=datetime.timezone.utc)).days\nexcept Exception as e:\n    print(\"observed: api parse error\", type(e).__name__, e, repr(b2[:200]))\nprint(\"observed: badge http =\", s1, \"svg says passing =\", \"passing\" in b1.lower(), \"| api http =\", s2, \"last master build status =\", status, \"finished =\", finished, \"age_days =\", age)\nok = s1==200 and \"passing\" in b1.lower() and status==\"success\" and age is not None and age<=365\nprint(\"VERDICT_LINE: PASS appveyor master build passing and last build within 365 days\" if ok else \"VERDICT_LINE: FAIL appveyor badge/API does not show a current passing build (status=%s, age_days=%s, threshold 365d)\" % (status, age))\n' || echo 'VERDICT_LINE: FAIL probe crashed'",
  "exit_code": "0",
  "stdout.log": "observed: badge http = 200 svg says passing = True | api http = 200 last master build status = success finished = 2026-03-19T21:42:16.1769953+00:00 age_days = 161\nVERDICT_LINE: PASS appveyor master build passing and last build within 365 days\n",
  "stderr.log": "",
  "phase_a.log": "\n--stderr--\n"
 },
 {
  "probe": "p-c7",
  "cmd.txt": "python -c '\nimport wave, struct, math\nfrom pydub import AudioSegment\ndef mkwav(p, secs, amp=8000, freq=440, rate=8000):\n    w=wave.open(p,\"wb\"); w.setnchannels(1); w.setsampwidth(2); w.setframerate(rate)\n    w.writeframes(b\"\".join(struct.pack(\"<h\", int(amp*math.sin(2*math.pi*freq*i/rate))) for i in range(rate*secs))); w.close()\nmkwav(\"never_gonna_give_you_up.wav\", 20)\nsong = AudioSegment.from_wav(\"never_gonna_give_you_up.wav\")\nten_seconds = 10 * 1000\nfirst_10_seconds = song[:ten_seconds]\nlast_5_seconds = song[-5000:]\nbeginning = first_10_seconds + 6\nend = last_5_seconds - 3\nwithout_the_middle = beginning + end\nprint(\"observed: song =\", song.duration_seconds, \"first_10 =\", first_10_seconds.duration_seconds, \"last_5 =\", last_5_seconds.duration_seconds, \"concat duration_seconds =\", without_the_middle.duration_seconds)\nassert first_10_seconds.duration_seconds == 10.0, \"first slice not 10s\"\nassert last_5_seconds.duration_seconds == 5.0, \"last slice not 5s\"\nassert without_the_middle.duration_seconds == 15.0, \"concat not 15.0\"\nprint(\"VERDICT_LINE: PASS README slicing snippet run verbatim: 10s + 5s slices, concat duration_seconds == 15.0\")\n' || echo 'VERDICT_LINE: FAIL millisecond slicing / 15.0s concat assertion failed'",
  "exit_code": "0",
  "stdout.log": "observed: song = 20.0 first_10 = 10.0 last_5 = 5.0 concat duration_seconds = 15.0\nVERDICT_LINE: PASS README slicing snippet run verbatim: 10s + 5s slices, concat duration_seconds == 15.0\n",
  "stderr.log": "/repo/pydub/utils.py:174: RuntimeWarning: Couldn't find ffmpeg or avconv - defaulting to ffmpeg, but may not work\n  warn(\"Couldn't find ffmpeg or avconv - defaulting to ffmpeg, but may not work\", RuntimeWarning)\n",
  "phase_a.log": "Collecting pydub\n  Downloading pydub-0.25.1-py2.py3-none-any.whl.metadata (1.4 kB)\nDownloading pydub-0.25.1-py2.py3-none-any.whl (32 kB)\nInstalling collected packages: pydub\nSuccessfully installed pydub-0.25.1\n\n--stderr--\nWARNING: Running pip as the 'root' user can result in broken permissions and conflicting behaviour with the system package manager. It is recommended to use a virtual environment instead: https://pip.pypa.io/warnings/venv\n\n[notice] A new release of pip is available: 24.0 -> 26.2.1\n[notice] To update, run: pip install --upgrade pip\n"
 },
 {
  "probe": "p-c8",
  "cmd.txt": "python -c '\nimport wave, struct, math\nfrom pydub import AudioSegment\ndef mkwav(p, secs, amp=8000, freq=440, rate=8000):\n    w=wave.open(p,\"wb\"); w.setnchannels(1); w.setsampwidth(2); w.setframerate(rate)\n    w.writeframes(b\"\".join(struct.pack(\"<h\", int(amp*math.sin(2*math.pi*freq*i/rate))) for i in range(rate*secs))); w.close()\nmkwav(\"tone.wav\", 2)\nseg = AudioSegment.from_wav(\"tone.wav\")\nd6 = (seg + 6).dBFS - seg.dBFS\nd3 = (seg - 3).dBFS - seg.dBFS\nprint(\"observed: base dBFS =\", round(seg.dBFS,3), \"delta(seg+6) =\", round(d6,3), \"delta(seg-3) =\", round(d3,3))\nassert abs(d6 - 6.0) < 0.1, \"+6 did not raise gain by ~6 dB\"\nassert abs(d3 + 3.0) < 0.1, \"-3 did not lower gain by ~3 dB\"\nprint(\"VERDICT_LINE: PASS seg+6 raises dBFS by ~6.0 and seg-3 lowers by ~3.0 (tolerance 0.1 dB)\")\n' || echo 'VERDICT_LINE: FAIL integer add/subtract did not change gain by the stated dB'",
  "exit_code": "0",
  "stdout.log": "observed: base dBFS = -15.259 delta(seg+6) = 6.001 delta(seg-3) = -3.0\nVERDICT_LINE: PASS seg+6 raises dBFS by ~6.0 and seg-3 lowers by ~3.0 (tolerance 0.1 dB)\n",
  "stderr.log": "/repo/pydub/utils.py:174: RuntimeWarning: Couldn't find ffmpeg or avconv - defaulting to ffmpeg, but may not work\n  warn(\"Couldn't find ffmpeg or avconv - defaulting to ffmpeg, but may not work\", RuntimeWarning)\n",
  "phase_a.log": "Collecting pydub\n  Downloading pydub-0.25.1-py2.py3-none-any.whl.metadata (1.4 kB)\nDownloading pydub-0.25.1-py2.py3-none-any.whl (32 kB)\nInstalling collected packages: pydub\nSuccessfully installed pydub-0.25.1\n\n--stderr--\nWARNING: Running pip as the 'root' user can result in broken permissions and conflicting behaviour with the system package manager. It is recommended to use a virtual environment instead: https://pip.pypa.io/warnings/venv\n\n[notice] A new release of pip is available: 24.0 -> 26.2.1\n[notice] To update, run: pip install --upgrade pip\n"
 },
 {
  "probe": "p-c9",
  "cmd.txt": "python -c '\nimport wave, struct, math, io, logging, shutil, subprocess\nfrom pydub import AudioSegment\ndef mkwav(p, secs, amp=8000, freq=440, rate=8000):\n    w=wave.open(p,\"wb\"); w.setnchannels(1); w.setsampwidth(2); w.setframerate(rate)\n    w.writeframes(b\"\".join(struct.pack(\"<h\", int(amp*math.sin(2*math.pi*freq*i/rate))) for i in range(rate*secs))); w.close()\nbuf = io.StringIO()\nl = logging.getLogger(\"pydub.converter\"); l.setLevel(logging.DEBUG); l.addHandler(logging.StreamHandler(buf))\nmkwav(\"in.wav\", 1)\nsong = AudioSegment.from_wav(\"in.wav\")\nerr = None\ntry:\n    song.export(\"out.ogg\", format=\"ogg\")\nexcept Exception as e:\n    err = \"%s: %s\" % (type(e).__name__, e)\ncmd = buf.getvalue().strip()\nprint(\"observed: ffmpeg =\", shutil.which(\"ffmpeg\"), \"| export error =\", err, \"| README debug-logger captured converter call =\", cmd)\nif shutil.which(\"ffprobe\"):\n    out = subprocess.run([\"ffprobe\",\"-v\",\"error\",\"-show_entries\",\"stream=codec_name\",\"-of\",\"default=nw=1:nk=1\",\"out.ogg\"],capture_output=True,text=True).stdout.strip()\n    print(\"observed: ffprobe codec_name =\", out)\n    ok = out == \"vorbis\"\n    why = \"exported out.ogg stream codec_name == vorbis\" if ok else \"exported ogg codec is %r not vorbis\" % out\nelse:\n    ok = (\"-acodec\" in cmd) and (\"libvorbis\" in cmd)\n    why = \"export(format=ogg) with no codec builds converter command with -acodec libvorbis (per README debug logger; ffmpeg absent so file not written)\" if ok else \"converter command lacks -acodec libvorbis: %s\" % cmd\nprint((\"VERDICT_LINE: PASS \" if ok else \"VERDICT_LINE: FAIL \") + why)\n' || echo 'VERDICT_LINE: FAIL probe crashed during ogg export'",
  "exit_code": "0",
  "stdout.log": "observed: ffmpeg = None | export error = FileNotFoundError: [Errno 2] No such file or directory: 'ffmpeg' | README debug-logger captured converter call = subprocess.call(['ffmpeg', '-y', '-f', 'wav', '-i', '/tmp/tmp2tp_6vp6', '-acodec', 'libvorbis', '-f', 'ogg', '/tmp/tmpz1g4xvr2'])\nVERDICT_LINE: PASS export(format=ogg) with no codec builds converter command with -acodec libvorbis (per README debug logger; ffmpeg absent so file not written)\n",
  "stderr.log": "/repo/pydub/utils.py:174: RuntimeWarning: Couldn't find ffmpeg or avconv - defaulting to ffmpeg, but may not work\n  warn(\"Couldn't find ffmpeg or avconv - defaulting to ffmpeg, but may not work\", RuntimeWarning)\n",
  "phase_a.log": "Collecting pydub\n  Downloading pydub-0.25.1-py2.py3-none-any.whl.metadata (1.4 kB)\nDownloading pydub-0.25.1-py2.py3-none-any.whl (32 kB)\nInstalling collected packages: pydub\nSuccessfully installed pydub-0.25.1\n\n--stderr--\nWARNING: Running pip as the 'root' user can result in broken permissions and conflicting behaviour with the system package manager. It is recommended to use a virtual environment instead: https://pip.pypa.io/warnings/venv\n\n[notice] A new release of pip is available: 24.0 -> 26.2.1\n[notice] To update, run: pip install --upgrade pip\n"
 }
]