[
 {
  "probe": "p-c1",
  "cmd.txt": "cd /tmp && python - <<'EOF' && echo \"VERDICT_LINE: PASS pip install docopt==0.6.2 succeeded; from docopt import docopt works and __version__ is 0.6.2 (checked outside the repo dir so the site-packages copy is imported)\" || echo \"VERDICT_LINE: FAIL after pip install docopt==0.6.2 the import failed or __version__ != 0.6.2 (see observed line / traceback above)\"\nimport docopt\nfrom docopt import docopt as d\nimport importlib.metadata as m\nprint('observed: docopt.__version__ =', repr(docopt.__version__), '| dist version', m.version('docopt'), '| file', docopt.__file__, '| d(\"Usage: x [-v]\", argv=[\"-v\"]) =', dict(d('Usage: x [-v]', argv=['-v'])))\nassert '/repo' not in docopt.__file__, 'imported the repo copy, not the installed one'\nassert docopt.__version__ == '0.6.2', docopt.__version__\nEOF",
  "exit_code": "0",
  "stdout.log": "observed: docopt.__version__ = '0.6.2' | dist version 0.6.2 | file /usr/local/lib/python3.11/site-packages/docopt.py | d(\"Usage: x [-v]\", argv=[\"-v\"]) = {'-v': True}\nVERDICT_LINE: PASS pip install docopt==0.6.2 succeeded; from docopt import docopt works and __version__ is 0.6.2 (checked outside the repo dir so the site-packages copy is imported)\n",
  "stderr.log": "",
  "phase_a.log": "\n--stderr--\nUnable to find image 'python:3.11-slim' locally\n3.11-slim: Pulling from library/python\n6310eb16bf42: Pulling fs layer\n87e1b7cce023: Pulling fs layer\nc86306e32cd0: Pulling fs layer\na14578096eda: Pulling fs layer\na14578096eda: Waiting\n87e1b7cce023: Verifying Checksum\n87e1b7cce023: Download complete\nc86306e32cd0: Verifying Checksum\nc86306e32cd0: Download complete\na14578096eda: Verifying Checksum\na14578096eda: Download complete\n6310eb16bf42: Verifying Checksum\n6310eb16bf42: Download complete\n6310eb16bf42: Pull complete\n87e1b7cce023: Pull complete\nc86306e32cd0: Pull complete\na14578096eda: Pull complete\nDigest: sha256:1042b61448fef4ba92d16a8c7eb4996d027568ce64792a7877fd88511e0af7c6\nStatus: Downloaded newer image for python:3.11-slim\nWARNING: Running pip as the 'root' user can result in broken permissions and conflicting behaviour with the system package manager. It is recommended to use a virtual environment instead: https://pip.pypa.io/warnings/venv\n"
 },
 {
  "probe": "p-c10",
  "cmd.txt": "python - <<'EOF' && echo \"VERDICT_LINE: PASS argv ['-vv'] against 'Usage: my_program.py [-v | -vv | -vvv]' gives args['-v'] == 2\" || echo \"VERDICT_LINE: FAIL repeated flag was not counted as 2 (see observed line above)\"\nfrom docopt import docopt\na = docopt('Usage: my_program.py [-v | -vv | -vvv]', argv=['-vv'])\nprint('observed: args =', dict(a), \"| args['-v'] =\", repr(a['-v']))\nassert a['-v'] == 2, a\nEOF",
  "exit_code": "0",
  "stdout.log": "observed: args = {'-v': 2} | args['-v'] = 2\nVERDICT_LINE: PASS argv ['-vv'] against 'Usage: my_program.py [-v | -vv | -vvv]' gives args['-v'] == 2\n",
  "stderr.log": "",
  "phase_a.log": "\n--stderr--\n"
 },
 {
  "probe": "p-c11",
  "cmd.txt": "python - <<'EOF' && echo \"VERDICT_LINE: PASS <file> collected to ['file1','file2'] and --path to ['./here','./there']\" || echo \"VERDICT_LINE: FAIL repeated argument/option values were not collected as the README states (see observed line above)\"\nfrom docopt import docopt\na = docopt('Usage: my_program.py <file> <file> --path=<path>...', argv=['file1', 'file2', '--path=./here', '--path=./there'])\nprint('observed: args =', dict(a))\nassert a['<file>'] == ['file1', 'file2'] and a['--path'] == ['./here', './there'], a\nEOF",
  "exit_code": "0",
  "stdout.log": "observed: args = {'<file>': ['file1', 'file2'], '--path': ['./here', './there']}\nVERDICT_LINE: PASS <file> collected to ['file1','file2'] and --path to ['./here','./there']\n",
  "stderr.log": "",
  "phase_a.log": "\n--stderr--\n"
 },
 {
  "probe": "p-c12",
  "cmd.txt": "python - <<'EOF' || echo \"VERDICT_LINE: FAIL probe crashed (see traceback above)\"\nfrom docopt import docopt\nusage = '''Usage: my_program.py [--repeatable=<arg> --repeatable=<arg>]\n                     [--another-repeatable=<arg>]...\n                     [--not-repeatable=<arg>]\n\n'''\nbody = '''--repeatable=<arg>          [default: ./here ./there]\n--another-repeatable=<arg>  [default: ./here]\n--not-repeatable=<arg>      [default: ./here ./there]\n'''\nexp = {'--repeatable': ['./here', './there'], '--another-repeatable': ['./here'], '--not-repeatable': './here ./there'}\nvariants = [('README verbatim', usage + body), ('with indented Options: header', usage + 'Options:\\n' + ''.join('  ' + l for l in body.splitlines(True)))]\nres = {}\nfor label, doc in variants:\n    try:\n        a = docopt(doc, argv=[])\n        got = {k: a[k] for k in exp}\n    except SystemExit as e:\n        got = 'SystemExit(%r)' % (e.code,)\n    res[label] = (got == exp)\n    print('observed [%s]: %s' % (label, got))\nif res['README verbatim']:\n    print(\"VERDICT_LINE: PASS README snippet verbatim: repeatable defaults split to ['./here','./there'] / ['./here'], non-repeatable stays './here ./there'\")\nelif res['with indented Options: header']:\n    print('VERDICT_LINE: FAIL README snippet verbatim does not parse the defaults at all (values above); the splitting only works when the descriptions sit under an indented Options: header, which the README example omits')\nelse:\n    print('VERDICT_LINE: FAIL default-value splitting does not match the README even with an Options: header (values above)')\nEOF",
  "exit_code": "0",
  "stdout.log": "observed [README verbatim]: {'--repeatable': [], '--another-repeatable': [], '--not-repeatable': None}\nobserved [with indented Options: header]: {'--repeatable': ['./here', './there'], '--another-repeatable': ['./here'], '--not-repeatable': './here ./there'}\nVERDICT_LINE: FAIL README snippet verbatim does not parse the defaults at all (values above); the splitting only works when the descriptions sit under an indented Options: header, which the README example omits\n",
  "stderr.log": "",
  "phase_a.log": "\n--stderr--\n"
 },
 {
  "probe": "p-c2",
  "cmd.txt": "mkdir -p /tmp/dropin && cp /repo/docopt.py /tmp/dropin/docopt.py && cd /tmp/dropin && python - <<'EOF' && echo \"VERDICT_LINE: PASS docopt.py imports only stdlib modules and parses a pattern when dropped into a bare directory with nothing installed\" || echo \"VERDICT_LINE: FAIL docopt.py needs a non-stdlib module or failed to run standalone (see observed line / traceback above)\"\nimport ast, sys, subprocess\nsrc = open('docopt.py').read()\nmods = set()\nfor n in ast.walk(ast.parse(src)):\n    if isinstance(n, ast.Import):\n        mods.update(a.name.split('.')[0] for a in n.names)\n    elif isinstance(n, ast.ImportFrom) and n.module:\n        mods.add(n.module.split('.')[0])\nnon_std = sorted(m for m in mods if m not in sys.stdlib_module_names)\nprint('observed: imports =', sorted(mods), '| non-stdlib =', non_std, '| lines =', src.count(chr(10)))\np = subprocess.run([sys.executable, '-c', \"from docopt import docopt; print(dict(docopt('Usage: x [-v] <f>', argv=['-v','a'])))\"], capture_output=True, text=True, cwd='/tmp/dropin')\nprint('observed: standalone run exit', p.returncode, '| stdout', p.stdout.strip(), '| stderr', p.stderr.strip()[-200:])\nassert not non_std, non_std\nassert p.returncode == 0 and \"'-v': True\" in p.stdout and \"'<f>': 'a'\" in p.stdout, p.stdout\nEOF",
  "exit_code": "0",
  "stdout.log": "observed: imports = ['re', 'sys'] | non-stdlib = [] | lines = 581\nobserved: standalone run exit 0 | stdout {'-v': True, '<f>': 'a'} | stderr \nVERDICT_LINE: PASS docopt.py imports only stdlib modules and parses a pattern when dropped into a bare directory with nothing installed\n",
  "stderr.log": "",
  "phase_a.log": "\n--stderr--\n"
 },
 {
  "probe": "p-c3",
  "cmd.txt": "python - <<'EOF' || echo \"VERDICT_LINE: FAIL probe crashed (unexpected exception while reading .travis.yml / GitHub API / Travis API)\"\nimport json, os, re, urllib.request, urllib.error\ndef get(url, hdr={}):\n    try:\n        r = urllib.request.urlopen(urllib.request.Request(url, headers={'User-Agent': 'probe', **hdr}), timeout=30)\n        return r.status, r.read().decode(errors='replace')\n    except urllib.error.HTTPError as e:\n        return e.code, e.read().decode(errors='replace')[:200]\n    except Exception as e:\n        return None, repr(e)\nwant = {'2.7', '3.4', '3.5', '3.6'}\ntravis = open('.travis.yml').read() if os.path.exists('.travis.yml') else ''\npys = set(re.findall(r'^\\s*-\\s*[\"\\']?(\\d\\.\\d+)[\"\\']?\\s*$', travis, re.M))\nlocal_wf = os.listdir('.github/workflows') if os.path.isdir('.github/workflows') else []\nprint('observed: .travis.yml present =', bool(travis), '| python versions in .travis.yml =', sorted(pys), '| local GH workflows =', local_wf, '| .travis.yml head =', repr(travis[:200]))\ns1, b1 = get('https://api.github.com/repos/docopt/docopt/actions/runs?per_page=1')\ngha_runs = json.loads(b1).get('total_count') if s1 == 200 else (0 if not local_wf else None)\ns2, b2 = get('https://api.travis-ci.com/repo/docopt%2Fdocopt/builds?limit=1&sort_by=id:desc', {'Travis-API-Version': '3'})\ntravis_n, latest = None, None\nif s2 == 200:\n    j = json.loads(b2)\n    travis_n = j.get('@pagination', {}).get('count')\n    if j.get('builds'):\n        b = j['builds'][0]\n        latest = (b.get('state'), b.get('finished_at'), (b.get('commit') or {}).get('sha', '')[:7])\nprint('observed: GitHub Actions runs =', gha_runs, '(http', s1, ') | travis-ci.com builds =', travis_n, '(http', s2, ') | latest travis build (state, finished, sha) =', latest)\ncfg_ok = want <= pys\nruns = bool(gha_runs) or bool(travis_n)\nif cfg_ok and runs:\n    print('VERDICT_LINE: PASS .travis.yml targets %s and CI has recorded runs (GH Actions %s, travis-ci.com %s, latest %s)' % (sorted(pys), gha_runs, travis_n, latest))\nelif not cfg_ok:\n    print('VERDICT_LINE: FAIL CI config does not target all of 2.7/3.4/3.5/3.6 (found %s)' % sorted(pys))\nelse:\n    print('VERDICT_LINE: FAIL .travis.yml targets %s but no CI runs exist: GitHub Actions %s runs (http %s), travis-ci.com http %s builds=%s (travis-ci.org was shut down)' % (sorted(pys), gha_runs, s1, s2, travis_n))\nEOF",
  "exit_code": "0",
  "stdout.log": "observed: .travis.yml present = True | python versions in .travis.yml = ['2.7', '3.4', '3.5', '3.6'] | local GH workflows = [] | .travis.yml head = 'language: python\\ncache: pip\\npython:\\n  - \"2.7\"\\n  - \"3.4\"\\n  - \"3.5\"\\n  - \"3.6\"\\ninstall: pip install tox tox-travis\\nscript: tox\\n'\nobserved: GitHub Actions runs = 0 (http 200 ) | travis-ci.com builds = None (http 404 ) | latest travis build (state, finished, sha) = None\nVERDICT_LINE: FAIL .travis.yml targets ['2.7', '3.4', '3.5', '3.6'] but no CI runs exist: GitHub Actions 0 runs (http 200), travis-ci.com http 404 builds=None (travis-ci.org was shut down)\n",
  "stderr.log": "",
  "phase_a.log": "\n--stderr--\n"
 },
 {
  "probe": "p-c4",
  "cmd.txt": "python - <<'EOF' || echo \"VERDICT_LINE: FAIL probe crashed while fetching the Travis badge\"\nimport re, urllib.request, urllib.error\nurl = 'https://travis-ci.org/docopt/docopt.svg?branch=master'\ntry:\n    r = urllib.request.urlopen(urllib.request.Request(url, headers={'User-Agent': 'probe'}), timeout=30)\n    status, body, final = r.status, r.read().decode(errors='replace'), r.geturl()\nexcept urllib.error.HTTPError as e:\n    status, body, final = e.code, e.read().decode(errors='replace'), e.geturl()\nexcept Exception as e:\n    status, body, final = None, repr(e), url\ntexts = [t.strip() for t in re.findall(r'>([^<>]+)<', body) if t.strip()]\nprint('observed: http', status, '| final url', final, '| badge text', texts[:8], '| body head', body[:120].replace(chr(10), ' '))\nlow = body.lower()\nif status == 200 and 'passing' in low and 'unknown' not in low:\n    print('VERDICT_LINE: PASS Travis badge for master renders build passing')\nelif status == 200:\n    print('VERDICT_LINE: FAIL Travis badge for master renders %s, not passing' % (texts[:8],))\nelse:\n    print('VERDICT_LINE: FAIL Travis badge unreachable: http %s at %s' % (status, final))\nEOF",
  "exit_code": "0",
  "stdout.log": "observed: http 200 | final url https://api.travis-ci.com/docopt/docopt.svg?branch=master | badge text ['build', 'build', 'unknown', 'unknown'] | body head <svg xmlns=\"http://www.w3.org/2000/svg\" width=\"98\" height=\"20\"><linearGradient id=\"a\" x2=\"0\" y2=\"100%\"><stop offset=\"0\" \nVERDICT_LINE: FAIL Travis badge for master renders ['build', 'build', 'unknown', 'unknown'], not passing\n",
  "stderr.log": "",
  "phase_a.log": "\n--stderr--\n"
 },
 {
  "probe": "p-c5",
  "cmd.txt": "python -c \"import setuptools, pytest; print('observed: setuptools', setuptools.__version__, '| pytest', pytest.__version__)\"; python setup.py test > /tmp/c5.txt 2>&1; rc=$?; tail -20 /tmp/c5.txt; python - \"$rc\" <<'EOF'\nimport re, sys\nrc = int(sys.argv[1])\nout = open('/tmp/c5.txt').read()\nm = re.search(r'(\\d+) passed', out)\nlast = [l for l in out.strip().splitlines() if l.strip()][-1:] or ['']\nprint('observed: python setup.py test exit', rc, '| passed', m.group(1) if m else None, '| last line', last[0][:160])\nif rc == 0 and m:\n    print('VERDICT_LINE: PASS python setup.py test exit 0 with %s tests passed' % m.group(1))\nelse:\n    print('VERDICT_LINE: FAIL python setup.py test exit %d: %s' % (rc, last[0][:160]))\nEOF",
  "exit_code": "0",
  "stdout.log": "observed: setuptools 84.0.0 | pytest 9.1.1\n    self.pluginmanager._set_initial_conftests(\n  File \"/usr/local/lib/python3.11/site-packages/_pytest/config/__init__.py\", line 662, in _set_initial_conftests\n    self._loadconftestmodules(\n  File \"/usr/local/lib/python3.11/site-packages/_pytest/config/__init__.py\", line 707, in _loadconftestmodules\n    mod = self._importconftest(\n          ^^^^^^^^^^^^^^^^^^^^^\n  File \"/usr/local/lib/python3.11/site-packages/_pytest/config/__init__.py\", line 783, in _importconftest\n    self.consider_conftest(mod, registration_name=conftestpath_plugin_name)\n  File \"/usr/local/lib/python3.11/site-packages/_pytest/config/__init__.py\", line 870, in consider_conftest\n    self.register(conftestmodule, name=registration_name)\n  File \"/usr/local/lib/python3.11/site-packages/_pytest/config/__init__.py\", line 571, in register\n    plugin_name = super().register(plugin, name)\n                  ^^^^^^^^^^^^^^^^^^^^^^^^^^^^^^\n  File \"/usr/local/lib/python3.11/site-packages/pluggy/_manager.py\", line 168, in register\n    self._verify_hook(hook, hookimpl)\n  File \"/usr/local/lib/python3.11/site-packages/pluggy/_manager.py\", line 343, in _verify_hook\n    raise PluginValidationError(\npluggy._manager.PluginValidationError: Plugin '/repo/conftest.py' for hook 'pytest_collect_file'\nhookimpl definition: pytest_collect_file(path, parent)\nArgument(s) {'path'} are declared in the hookimpl but can not be found in the hookspec\nobserved: python setup.py test exit 1 | passed None | last line Argument(s) {'path'} are declared in the hookimpl but can not be found in the hookspec\nVERDICT_LINE: FAIL python setup.py test exit 1: Argument(s) {'path'} are declared in the hookimpl but can not be found in the hookspec\n",
  "stderr.log": "",
  "phase_a.log": "\n--stderr--\nWARNING: Running pip as the 'root' user can result in broken permissions and conflicting behaviour with the system package manager. It is recommended to use a virtual environment instead: https://pip.pypa.io/warnings/venv\n"
 },
 {
  "probe": "p-c6",
  "cmd.txt": "python -m pytest --version; python -c \"import re; s=open('testcases.docopt').read(); print('observed: language-agnostic cases in testcases.docopt =', len(re.findall(r'^r\\\"\\\"\\\"', s, re.M)))\"; python -m pytest -q > /tmp/c6.txt 2>&1; rc=$?; tail -20 /tmp/c6.txt; python - \"$rc\" <<'EOF'\nimport re, sys\nrc = int(sys.argv[1])\nout = open('/tmp/c6.txt').read()\ncounts = {k: int(v) for v, k in re.findall(r'(\\d+) (passed|failed|error|errors)', out)}\nlast = [l for l in out.strip().splitlines() if l.strip()][-1:] or ['']\nprint('observed: pytest exit', rc, '| counts', counts, '| last line', last[0][:160])\nif rc == 0 and counts.get('passed'):\n    print('VERDICT_LINE: PASS pytest exit 0, %d passed' % counts['passed'])\nelse:\n    print('VERDICT_LINE: FAIL pytest exit %d (%s): %s' % (rc, counts, last[0][:160]))\nEOF",
  "exit_code": "0",
  "stdout.log": "pytest 9.1.1\nobserved: language-agnostic cases in testcases.docopt = 81\n    self.pluginmanager._set_initial_conftests(\n  File \"/usr/local/lib/python3.11/site-packages/_pytest/config/__init__.py\", line 662, in _set_initial_conftests\n    self._loadconftestmodules(\n  File \"/usr/local/lib/python3.11/site-packages/_pytest/config/__init__.py\", line 707, in _loadconftestmodules\n    mod = self._importconftest(\n          ^^^^^^^^^^^^^^^^^^^^^\n  File \"/usr/local/lib/python3.11/site-packages/_pytest/config/__init__.py\", line 783, in _importconftest\n    self.consider_conftest(mod, registration_name=conftestpath_plugin_name)\n  File \"/usr/local/lib/python3.11/site-packages/_pytest/config/__init__.py\", line 870, in consider_conftest\n    self.register(conftestmodule, name=registration_name)\n  File \"/usr/local/lib/python3.11/site-packages/_pytest/config/__init__.py\", line 571, in register\n    plugin_name = super().register(plugin, name)\n                  ^^^^^^^^^^^^^^^^^^^^^^^^^^^^^^\n  File \"/usr/local/lib/python3.11/site-packages/pluggy/_manager.py\", line 168, in register\n    self._verify_hook(hook, hookimpl)\n  File \"/usr/local/lib/python3.11/site-packages/pluggy/_manager.py\", line 343, in _verify_hook\n    raise PluginValidationError(\npluggy._manager.PluginValidationError: Plugin '/repo/conftest.py' for hook 'pytest_collect_file'\nhookimpl definition: pytest_collect_file(path, parent)\nArgument(s) {'path'} are declared in the hookimpl but can not be found in the hookspec\nobserved: pytest exit 1 | counts {} | last line Argument(s) {'path'} are declared in the hookimpl but can not be found in the hookspec\nVERDICT_LINE: FAIL pytest exit 1 ({}): Argument(s) {'path'} are declared in the hookimpl but can not be found in the hookspec\n",
  "stderr.log": "",
  "phase_a.log": "\n--stderr--\nWARNING: Running pip as the 'root' user can result in broken permissions and conflicting behaviour with the system package manager. It is recommended to use a virtual environment instead: https://pip.pypa.io/warnings/venv\n"
 },
 {
  "probe": "p-c7",
  "cmd.txt": "python - <<'EOF' && echo \"VERDICT_LINE: PASS examples/naval_fate.py ship Guardian move 100 150 --speed=15 printed exactly the README dictionary\" || echo \"VERDICT_LINE: FAIL naval_fate.py output differs from the README dictionary or the script failed (see observed line above)\"\nimport ast, subprocess, sys\np = subprocess.run([sys.executable, 'examples/naval_fate.py', 'ship', 'Guardian', 'move', '100', '150', '--speed=15'], capture_output=True, text=True)\nprint('observed: exit', p.returncode, '| stdout', p.stdout.strip().replace(chr(10), ' ')[:500], '| stderr', p.stderr.strip()[-200:])\nexp = {'--drifting': False, '--help': False, '--moored': False, '--speed': '15', '--version': False, '<name>': ['Guardian'], '<x>': '100', '<y>': '150', 'mine': False, 'move': True, 'new': False, 'remove': False, 'set': False, 'ship': True, 'shoot': False}\ngot = ast.literal_eval(p.stdout.strip())\nprint('observed: diff keys =', {k: (got.get(k), exp.get(k)) for k in set(got) | set(exp) if got.get(k) != exp.get(k)})\nassert p.returncode == 0 and got == exp\nEOF",
  "exit_code": "0",
  "stdout.log": "observed: exit 0 | stdout {'--drifting': False,  '--help': False,  '--moored': False,  '--speed': '15',  '--version': False,  '<name>': ['Guardian'],  '<x>': '100',  '<y>': '150',  'mine': False,  'move': True,  'new': False,  'remove': False,  'set': False,  'ship': True,  'shoot': False} | stderr \nobserved: diff keys = {}\nVERDICT_LINE: PASS examples/naval_fate.py ship Guardian move 100 150 --speed=15 printed exactly the README dictionary\n",
  "stderr.log": "",
  "phase_a.log": "\n--stderr--\nWARNING: Running pip as the 'root' user can result in broken permissions and conflicting behaviour with the system package manager. It is recommended to use a virtual environment instead: https://pip.pypa.io/warnings/venv\n"
 },
 {
  "probe": "p-c8",
  "cmd.txt": "python - <<'EOF' && echo \"VERDICT_LINE: PASS docopt.docopt signature is (doc, argv=None, help=True, version=None, options_first=False)\" || echo \"VERDICT_LINE: FAIL docopt.docopt signature differs from the README (see observed line above)\"\nimport inspect, docopt\nsig = str(inspect.signature(docopt.docopt))\nprint('observed: signature', sig, '| file', docopt.__file__, '| version', docopt.__version__)\nassert sig == '(doc, argv=None, help=True, version=None, options_first=False)', sig\nEOF",
  "exit_code": "0",
  "stdout.log": "observed: signature (doc, argv=None, help=True, version=None, options_first=False) | file /repo/docopt.py | version 0.6.2\nVERDICT_LINE: PASS docopt.docopt signature is (doc, argv=None, help=True, version=None, options_first=False)\n",
  "stderr.log": "",
  "phase_a.log": "\n--stderr--\n"
 },
 {
  "probe": "p-c9",
  "cmd.txt": "python - <<'EOF' && echo \"VERDICT_LINE: PASS --version printed the supplied version string 2.1.0rc1 and exited 0\" || echo \"VERDICT_LINE: FAIL --version did not print the version and terminate cleanly (see observed line above)\"\nimport subprocess, sys\np = subprocess.run([sys.executable, '-c', \"from docopt import docopt; docopt('Usage: p [--version]', argv=['--version'], version='2.1.0rc1'); print('NOT TERMINATED')\"], capture_output=True, text=True)\nprint('observed: exit', p.returncode, '| stdout', repr(p.stdout), '| stderr', repr(p.stderr[-200:]))\nassert p.returncode == 0 and p.stdout.strip() == '2.1.0rc1', p.stdout\nEOF",
  "exit_code": "0",
  "stdout.log": "observed: exit 0 | stdout '2.1.0rc1\\n' | stderr ''\nVERDICT_LINE: PASS --version printed the supplied version string 2.1.0rc1 and exited 0\n",
  "stderr.log": "",
  "phase_a.log": "\n--stderr--\n"
 }
]