[
 {
  "probe": "p-c1",
  "cmd.txt": "pip show requests-html | head -3 && python3 -c 'import requests_html; print(\"import_ok:\", requests_html.__file__); print(\"VERDICT_LINE: PASS pip install requests-html succeeded and import requests_html works\")' || echo \"VERDICT_LINE: FAIL pip install requests-html failed or import requests_html raised (pipenv form not exercised; pip equivalent used)\"",
  "exit_code": "0",
  "stdout.log": "Name: requests-html\nVersion: 0.10.0\nSummary: HTML Parsing for Humans.\nVERDICT_LINE: FAIL pip install requests-html failed or import requests_html raised (pipenv form not exercised; pip equivalent used)\n",
  "stderr.log": "ERROR: Pipe to stdout was broken\nException ignored in: <_io.TextIOWrapper name='<stdout>' mode='w' encoding='utf-8'>\nBrokenPipeError: [Errno 32] Broken pipe\nTraceback (most recent call last):\n  File \"<string>\", line 1, in <module>\n  File \"/repo/requests_html.py\", line 15, in <module>\n    from lxml.html.clean import Cleaner\n  File \"/usr/local/lib/python3.11/site-packages/lxml/html/clean.py\", line 18, in <module>\n    raise ImportError(\nImportError: lxml.html.clean module is now a separate project lxml_html_clean.\nInstall lxml[html-clean] or lxml_html_clean directly.\n",
  "phase_a.log": "\n--stderr--\nUnable to find image 'python:3.11-slim' locally\n3.11-slim: Pulling from library/python\n6310eb16bf42: Pulling fs layer\n87e1b7cce023: Pulling fs layer\nc86306e32cd0: Pulling fs layer\na14578096eda: Pulling fs layer\na14578096eda: Waiting\n87e1b7cce023: Verifying Checksum\n87e1b7cce023: Download complete\nc86306e32cd0: Verifying Checksum\nc86306e32cd0: Download complete\n6310eb16bf42: Download complete\na14578096eda: Download complete\n6310eb16bf42: Pull complete\n87e1b7cce023: Pull complete\nc86306e32cd0: Pull complete\na14578096eda: Pull complete\nDigest: sha256:1042b61448fef4ba92d16a8c7eb4996d027568ce64792a7877fd88511e0af7c6\nStatus: Downloaded newer image for python:3.11-slim\nWARNING: Running pip as the 'root' user can result in broken permissions and conflicting behaviour with the system package manager. It is recommended to use a virtual environment instead: https://pip.pypa.io/warnings/venv\n\n[notice] A new release of pip is available: 24.0 -> 26.2.1\n[notice] To update, run: pip install --upgrade pip\n"
 },
 {
  "probe": "p-c10",
  "cmd.txt": "mkdir -p /tmp/site && printf '%s' '<html><head><title>T</title></head><body><div><a href=\"/about/\">About</a><a href=\"https://example.com/x\">X</a><a href=\"//cdn.example.com/y\">Y</a><a href=\"#top\">Top</a></div><ul><li id=\"about\" class=\"tier-1 element-1\" aria-haspopup=\"true\"><a href=\"/about/\">About</a><a href=\"/about/apps/\">Applications</a></li></ul></body></html>' > /tmp/site/index.html && (python3 -m http.server 8765 --directory /tmp/site >/tmp/srv.log 2>&1 &) && sleep 2 && python3 -c 'from requests_html import HTMLSession, Element; r = HTMLSession().get(\"http://127.0.0.1:8765/\"); els = r.html.xpath(\"/html/body/div[1]/a\"); print(\"xpath_result:\", els); print(\"hrefs:\", [e.attrs.get(\"href\") for e in els]); assert isinstance(els, list) and len(els) == 4, els; assert all(isinstance(e, Element) for e in els), [type(e) for e in els]; assert [e.attrs.get(\"href\") for e in els] == [\"/about/\", \"https://example.com/x\", \"//cdn.example.com/y\", \"#top\"]; print(\"VERDICT_LINE: PASS xpath(/html/body/div[1]/a) returned 4 Element objects with expected hrefs\")' || echo \"VERDICT_LINE: FAIL xpath() did not return the expected Element list or raised\"",
  "exit_code": "0",
  "stdout.log": "VERDICT_LINE: FAIL xpath() did not return the expected Element list or raised\n",
  "stderr.log": "Traceback (most recent call last):\n  File \"<string>\", line 1, in <module>\n  File \"/repo/requests_html.py\", line 15, in <module>\n    from lxml.html.clean import Cleaner\n  File \"/usr/local/lib/python3.11/site-packages/lxml/html/clean.py\", line 18, in <module>\n    raise ImportError(\nImportError: lxml.html.clean module is now a separate project lxml_html_clean.\nInstall lxml[html-clean] or lxml_html_clean directly.\n",
  "phase_a.log": "\n--stderr--\nWARNING: Running pip as the 'root' user can result in broken permissions and conflicting behaviour with the system package manager. It is recommended to use a virtual environment instead: https://pip.pypa.io/warnings/venv\n\n[notice] A new release of pip is available: 24.0 -> 26.2.1\n[notice] To update, run: pip install --upgrade pip\n"
 },
 {
  "probe": "p-c11",
  "cmd.txt": "mkdir -p /tmp/site && printf '%s' '<html><head><title>T</title></head><body><div><a href=\"/about/\">About</a></div><ul><li id=\"about\" class=\"tier-1 element-1\" aria-haspopup=\"true\"><a href=\"/about/\">About</a><a href=\"/about/apps/\">Applications</a></li></ul></body></html>' > /tmp/site/index.html && (python3 -m http.server 8765 --directory /tmp/site >/tmp/srv.log 2>&1 &) && sleep 2 && python3 -c 'from requests_html import HTMLSession; r = HTMLSession().get(\"http://127.0.0.1:8765/\"); about = r.html.find(\"#about\", first=True); print(\"element:\", about); print(\"text:\", repr(about.text)); print(\"attrs:\", about.attrs); print(\"absolute_links:\", about.absolute_links); assert about.text == \"About\\nApplications\", about.text; assert about.attrs == {\"id\": \"about\", \"class\": (\"tier-1\", \"element-1\"), \"aria-haspopup\": \"true\"}, about.attrs; assert about.absolute_links == {\"http://127.0.0.1:8765/about/\", \"http://127.0.0.1:8765/about/apps/\"}, about.absolute_links; print(\"VERDICT_LINE: PASS find(#about, first=True) .text .attrs .absolute_links match authored HTML\")' || echo \"VERDICT_LINE: FAIL find(#about) or its .text/.attrs/.absolute_links did not match authored HTML\"",
  "exit_code": "0",
  "stdout.log": "VERDICT_LINE: FAIL find(#about) or its .text/.attrs/.absolute_links did not match authored HTML\n",
  "stderr.log": "Traceback (most recent call last):\n  File \"<string>\", line 1, in <module>\n  File \"/repo/requests_html.py\", line 15, in <module>\n    from lxml.html.clean import Cleaner\n  File \"/usr/local/lib/python3.11/site-packages/lxml/html/clean.py\", line 18, in <module>\n    raise ImportError(\nImportError: lxml.html.clean module is now a separate project lxml_html_clean.\nInstall lxml[html-clean] or lxml_html_clean directly.\n",
  "phase_a.log": "\n--stderr--\nWARNING: Running pip as the 'root' user can result in broken permissions and conflicting behaviour with the system package manager. It is recommended to use a virtual environment instead: https://pip.pypa.io/warnings/venv\n\n[notice] A new release of pip is available: 24.0 -> 26.2.1\n[notice] To update, run: pip install --upgrade pip\n"
 },
 {
  "probe": "p-c2",
  "cmd.txt": "python3 --version && (pip show requests-html | head -3 || true) && python3 -c 'import sys, requests_html; print(\"python:\", sys.version.split()[0]); print(\"import_ok:\", requests_html.__file__); print(\"VERDICT_LINE: PASS pinned commit installs and imports on current Python \" + sys.version.split()[0])' || echo \"VERDICT_LINE: FAIL install or import of pinned commit failed on current Python (see traceback above for the stale dependency)\"",
  "exit_code": "0",
  "stdout.log": "Python 3.13.15\nName: requests-html\nVersion: 0.10.0\nSummary: HTML Parsing for Humans.\nVERDICT_LINE: FAIL install or import of pinned commit failed on current Python (see traceback above for the stale dependency)\n",
  "stderr.log": "ERROR: Pipe to stdout was broken\nTraceback (most recent call last):\n  File \"<string>\", line 1, in <module>\n    import sys, requests_html; print(\"python:\", sys.version.split()[0]); print(\"import_ok:\", requests_html.__file__); print(\"VERDICT_LINE: PASS pinned commit installs and imports on current Python \" + sys.version.split()[0])\n    ^^^^^^^^^^^^^^^^^^^^^^^^^\n  File \"/repo/requests_html.py\", line 15, in <module>\n    from lxml.html.clean import Cleaner\n  File \"/usr/local/lib/python3.13/site-packages/lxml/html/clean.py\", line 18, in <module>\n    raise ImportError(\n    ...<2 lines>...\n    ) from None\nImportError: lxml.html.clean module is now a separate project lxml_html_clean.\nInstall lxml[html-clean] or lxml_html_clean directly.\n",
  "phase_a.log": "\n--stderr--\nUnable to find image 'python:3.13-slim' locally\n3.13-slim: Pulling from library/python\n6310eb16bf42: Already exists\n64c7e6efa7cd: Pulling fs layer\n357a46282089: Pulling fs layer\nd64904dff413: Pulling fs layer\n64c7e6efa7cd: Verifying Checksum\n64c7e6efa7cd: Download complete\n357a46282089: Verifying Checksum\n357a46282089: Download complete\n64c7e6efa7cd: Pull complete\n357a46282089: Pull complete\nd64904dff413: Pull complete\nDigest: sha256:7ce4b6dfe35e55397b7cda544f8a13f191b7ae28dc5aad71fe664dbc9bc2623f\nStatus: Downloaded newer image for python:3.13-slim\nWARNING: Running pip as the 'root' user can result in broken permissions and conflicting behaviour with the system package manager, possibly rendering your system unusable. It is recommended to use a virtual environment instead: https://pip.pypa.io/warnings/venv. Use the --root-user-action option if you know what you are doing and want to suppress this warning.\n"
 },
 {
  "probe": "p-c3",
  "cmd.txt": "mkdir -p /tmp/site && printf '%s' '<html><body><div id=\"clock\">NOT_RENDERED</div><script>document.getElementById(\"clock\").innerHTML=\"RENDERED_BY_JS\";</script></body></html>' > /tmp/site/js.html && (python3 -m http.server 8765 --directory /tmp/site >/tmp/srv.log 2>&1 &) && sleep 2 && printf '%b' 'from requests_html import HTMLSession\\nr = HTMLSession().get(\"http://127.0.0.1:8765/js.html\")\\nbefore = r.html.find(\"#clock\", first=True).text\\nprint(\"before_render:\", before)\\nr.html.render()\\nafter = r.html.find(\"#clock\", first=True).text\\nprint(\"after_render:\", after)\\nassert after == \"RENDERED_BY_JS\", after\\nprint(\"VERDICT_LINE: PASS render() downloaded Chromium and executed page JavaScript\")\\n' > /tmp/c3.py && timeout 100 python3 /tmp/c3.py || echo \"VERDICT_LINE: FAIL render() did not produce JS-rendered content (exit $?; Chromium download/launch failed or exceeded 100s, see above)\"",
  "exit_code": "0",
  "stdout.log": "VERDICT_LINE: FAIL render() did not produce JS-rendered content (exit 1; Chromium download/launch failed or exceeded 100s, see above)\n",
  "stderr.log": "Traceback (most recent call last):\n  File \"/tmp/c3.py\", line 1, in <module>\n    from requests_html import HTMLSession\n  File \"/usr/local/lib/python3.11/site-packages/requests_html.py\", line 15, in <module>\n    from lxml.html.clean import Cleaner\n  File \"/usr/local/lib/python3.11/site-packages/lxml/html/clean.py\", line 18, in <module>\n    raise ImportError(\nImportError: lxml.html.clean module is now a separate project lxml_html_clean.\nInstall lxml[html-clean] or lxml_html_clean directly.\n",
  "phase_a.log": "\n--stderr--\nWARNING: Running pip as the 'root' user can result in broken permissions and conflicting behaviour with the system package manager. It is recommended to use a virtual environment instead: https://pip.pypa.io/warnings/venv\n\n[notice] A new release of pip is available: 24.0 -> 26.2.1\n[notice] To update, run: pip install --upgrade pip\n"
 },
 {
  "probe": "p-c4",
  "cmd.txt": "printf '%b' 'import os, urllib.request, urllib.error\\nfrom pyppeteer import chromium_downloader as cd\\nhome = os.path.expanduser(\"~\")\\nprint(\"home:\", home)\\nprint(\"home_dot_pyppeteer_exists_before:\", os.path.exists(os.path.join(home, \".pyppeteer\")))\\nfolder = str(getattr(cd, \"DOWNLOADS_FOLDER\", \"<no DOWNLOADS_FOLDER attr>\"))\\nprint(\"download_folder:\", folder)\\nurl = cd.get_url()\\nprint(\"chromium_url:\", url)\\nreq = urllib.request.Request(url, method=\"HEAD\", headers={\"User-Agent\": \"probe\"})\\ntry:\\n    status = urllib.request.urlopen(req, timeout=30).status\\nexcept urllib.error.HTTPError as e:\\n    status = e.code\\nexcept Exception as e:\\n    status = repr(e)\\nprint(\"chromium_url_status:\", status)\\nin_home = folder.startswith(os.path.join(home, \".pyppeteer\"))\\nprint(\"folder_is_home_dot_pyppeteer:\", in_home)\\nassert status == 200, \"chromium download url not reachable: %s\" % status\\nassert in_home, \"download folder is %s, not ~/.pyppeteer/\" % folder\\n' > /tmp/c4.py && python3 /tmp/c4.py && timeout 80 python3 -c 'from pyppeteer.chromium_downloader import download_chromium, check_chromium; download_chromium(); print(\"chromium_present_after_download:\", check_chromium()); assert check_chromium()' && echo \"VERDICT_LINE: PASS Chromium download URL live and downloaded into ~/.pyppeteer/\" || echo \"VERDICT_LINE: FAIL Chromium download URL dead, download failed/timed out, or folder is not ~/.pyppeteer/ (see values above)\"",
  "exit_code": "0",
  "stdout.log": "home: /root\nhome_dot_pyppeteer_exists_before: False\ndownload_folder: /root/.local/share/pyppeteer/local-chromium\nchromium_url: https://storage.googleapis.com/chromium-browser-snapshots/Linux_x64/1181205/chrome-linux.zip\nchromium_url_status: 200\nfolder_is_home_dot_pyppeteer: False\nVERDICT_LINE: FAIL Chromium download URL dead, download failed/timed out, or folder is not ~/.pyppeteer/ (see values above)\n",
  "stderr.log": "Traceback (most recent call last):\n  File \"/tmp/c4.py\", line 21, in <module>\n    assert in_home, \"download folder is %s, not ~/.pyppeteer/\" % folder\n           ^^^^^^^\nAssertionError: download folder is /root/.local/share/pyppeteer/local-chromium, not ~/.pyppeteer/\n",
  "phase_a.log": "\n--stderr--\nWARNING: Running pip as the 'root' user can result in broken permissions and conflicting behaviour with the system package manager. It is recommended to use a virtual environment instead: https://pip.pypa.io/warnings/venv\n\n[notice] A new release of pip is available: 24.0 -> 26.2.1\n[notice] To update, run: pip install --upgrade pip\n"
 },
 {
  "probe": "p-c5",
  "cmd.txt": "printf '%b' 'import re, urllib.request, urllib.error\\nu = \"https://travis-ci.com/psf/requests-html.svg?branch=master\"\\nreq = urllib.request.Request(u, headers={\"User-Agent\": \"probe\"})\\ntry:\\n    r = urllib.request.urlopen(req, timeout=30)\\n    status, body, final = r.status, r.read().decode(\"utf-8\", \"replace\"), r.url\\nexcept urllib.error.HTTPError as e:\\n    status, body, final = e.code, e.read().decode(\"utf-8\", \"replace\"), u\\nprint(\"badge_status:\", status)\\nprint(\"badge_final_url:\", final)\\ntexts = re.findall(r\"<text[^>]*>([^<]*)</text>\", body)\\nprint(\"badge_texts:\", texts)\\nprint(\"body_head:\", body[:200].replace(chr(10), \" \"))\\nassert status == 200, \"badge HTTP %s\" % status\\nassert any(\"passing\" in t for t in texts) and not any((\"unknown\" in t) or (\"failing\" in t) or (\"error\" in t) for t in texts), \"badge does not say passing\"\\nprint(\"VERDICT_LINE: PASS travis-ci.com badge for master reports passing\")\\n' > /tmp/c5.py && python3 /tmp/c5.py || echo \"VERDICT_LINE: FAIL travis badge unreachable or does not report passing for master (see badge_status/badge_texts above)\"",
  "exit_code": "0",
  "stdout.log": "badge_status: 404\nbadge_final_url: https://travis-ci.com/psf/requests-html.svg?branch=master\nbadge_texts: []\nbody_head: file not found\nVERDICT_LINE: FAIL travis badge unreachable or does not report passing for master (see badge_status/badge_texts above)\n",
  "stderr.log": "Traceback (most recent call last):\n  File \"/tmp/c5.py\", line 14, in <module>\n    assert status == 200, \"badge HTTP %s\" % status\n           ^^^^^^^^^^^^^\nAssertionError: badge HTTP 404\n",
  "phase_a.log": "\n--stderr--\n"
 },
 {
  "probe": "p-c6",
  "cmd.txt": "mkdir -p /tmp/site && printf '%s' '<html><head><title>T</title></head><body><div><a href=\"/about/\">About</a><a href=\"https://example.com/x\">X</a><a href=\"//cdn.example.com/y\">Y</a><a href=\"#top\">Top</a></div><ul><li id=\"about\" class=\"tier-1 element-1\" aria-haspopup=\"true\"><a href=\"/about/\">About</a><a href=\"/about/apps/\">Applications</a></li></ul><p>Python is a programming language that lets you work quickly.</p></body></html>' > /tmp/site/index.html && (python3 -m http.server 8765 --directory /tmp/site >/tmp/srv.log 2>&1 &) && sleep 2 && python3 -c 'from requests_html import HTMLSession; r = HTMLSession().get(\"http://127.0.0.1:8765/\"); print(\"status:\", r.status_code); l = r.html.links; print(\"links:\", sorted(l)); expected = {\"/about/\", \"https://example.com/x\", \"//cdn.example.com/y\", \"/about/apps/\"}; assert l == expected, (l, expected); print(\"VERDICT_LINE: PASS r.html.links returned exactly the 4 hrefs, #top anchor excluded\")' || echo \"VERDICT_LINE: FAIL r.html.links did not match authored hrefs or request failed\"",
  "exit_code": "0",
  "stdout.log": "VERDICT_LINE: FAIL r.html.links did not match authored hrefs or request failed\n",
  "stderr.log": "Traceback (most recent call last):\n  File \"<string>\", line 1, in <module>\n  File \"/repo/requests_html.py\", line 15, in <module>\n    from lxml.html.clean import Cleaner\n  File \"/usr/local/lib/python3.11/site-packages/lxml/html/clean.py\", line 18, in <module>\n    raise ImportError(\nImportError: lxml.html.clean module is now a separate project lxml_html_clean.\nInstall lxml[html-clean] or lxml_html_clean directly.\n",
  "phase_a.log": "\n--stderr--\nWARNING: Running pip as the 'root' user can result in broken permissions and conflicting behaviour with the system package manager. It is recommended to use a virtual environment instead: https://pip.pypa.io/warnings/venv\n\n[notice] A new release of pip is available: 24.0 -> 26.2.1\n[notice] To update, run: pip install --upgrade pip\n"
 },
 {
  "probe": "p-c7",
  "cmd.txt": "python3 -c 'from requests_html import HTMLSession; session = HTMLSession(); r = session.get(\"https://python.org/\"); print(\"status:\", r.status_code, \"url:\", r.html.url); res = r.html.search(\"Python is a {} language\"); print(\"search_result:\", res); v = res[0]; print(\"captured:\", repr(v)); assert v == \"programming\", v; print(\"VERDICT_LINE: PASS search on python.org homepage captured programming\")' || echo \"VERDICT_LINE: FAIL search() on python.org did not return programming (page changed, no match, or request failed)\"",
  "exit_code": "0",
  "stdout.log": "VERDICT_LINE: FAIL search() on python.org did not return programming (page changed, no match, or request failed)\n",
  "stderr.log": "Traceback (most recent call last):\n  File \"<string>\", line 1, in <module>\n  File \"/repo/requests_html.py\", line 15, in <module>\n    from lxml.html.clean import Cleaner\n  File \"/usr/local/lib/python3.11/site-packages/lxml/html/clean.py\", line 18, in <module>\n    raise ImportError(\nImportError: lxml.html.clean module is now a separate project lxml_html_clean.\nInstall lxml[html-clean] or lxml_html_clean directly.\n",
  "phase_a.log": "\n--stderr--\nWARNING: Running pip as the 'root' user can result in broken permissions and conflicting behaviour with the system package manager. It is recommended to use a virtual environment instead: https://pip.pypa.io/warnings/venv\n\n[notice] A new release of pip is available: 24.0 -> 26.2.1\n[notice] To update, run: pip install --upgrade pip\n"
 },
 {
  "probe": "p-c8",
  "cmd.txt": "mkdir -p /tmp/site && printf '%s' '<html><body><p>index</p></body></html>' > /tmp/site/index.html && printf '%s' '<html><body><p>a</p></body></html>' > /tmp/site/a.html && printf '%s' '<html><body><p>b</p></body></html>' > /tmp/site/b.html && (python3 -m http.server 8765 --directory /tmp/site >/tmp/srv.log 2>&1 &) && sleep 2 && printf '%b' 'from requests_html import AsyncHTMLSession\\nasession = AsyncHTMLSession()\\nasync def get_a():\\n    r = await asession.get(\"http://127.0.0.1:8765/a.html\")\\n    return r\\nasync def get_b():\\n    r = await asession.get(\"http://127.0.0.1:8765/b.html\")\\n    return r\\nasync def get_c():\\n    r = await asession.get(\"http://127.0.0.1:8765/index.html\")\\n    return r\\nresults = asession.run(get_a, get_b, get_c)\\nprint(\"results:\", results)\\nprint(\"urls:\", [r.html.url for r in results])\\nassert isinstance(results, list) and len(results) == 3, results\\nassert all(r.status_code == 200 for r in results), [r.status_code for r in results]\\nprint(\"VERDICT_LINE: PASS AsyncHTMLSession.run returned a list of 3 Response objects, all status 200\")\\n' > /tmp/c8.py && python3 /tmp/c8.py || echo \"VERDICT_LINE: FAIL AsyncHTMLSession.run did not return 3 successful responses or raised\"",
  "exit_code": "0",
  "stdout.log": "VERDICT_LINE: FAIL AsyncHTMLSession.run did not return 3 successful responses or raised\n",
  "stderr.log": "Traceback (most recent call last):\n  File \"/tmp/c8.py\", line 1, in <module>\n    from requests_html import AsyncHTMLSession\n  File \"/usr/local/lib/python3.11/site-packages/requests_html.py\", line 15, in <module>\n    from lxml.html.clean import Cleaner\n  File \"/usr/local/lib/python3.11/site-packages/lxml/html/clean.py\", line 18, in <module>\n    raise ImportError(\nImportError: lxml.html.clean module is now a separate project lxml_html_clean.\nInstall lxml[html-clean] or lxml_html_clean directly.\n",
  "phase_a.log": "\n--stderr--\nWARNING: Running pip as the 'root' user can result in broken permissions and conflicting behaviour with the system package manager. It is recommended to use a virtual environment instead: https://pip.pypa.io/warnings/venv\n\n[notice] A new release of pip is available: 24.0 -> 26.2.1\n[notice] To update, run: pip install --upgrade pip\n"
 },
 {
  "probe": "p-c9",
  "cmd.txt": "python3 -c 'from requests_html import HTML; doc = \"\"\"<a href=\\x27https://httpbin.org\\x27>\"\"\"; html = HTML(html=doc); l = html.links; print(\"links:\", l); assert l == {\"https://httpbin.org\"}, l; print(\"VERDICT_LINE: PASS HTML(html=doc).links == {https://httpbin.org} without Requests\")' || echo \"VERDICT_LINE: FAIL HTML(html=doc).links did not equal {https://httpbin.org} or raised\"",
  "exit_code": "0",
  "stdout.log": "VERDICT_LINE: FAIL HTML(html=doc).links did not equal {https://httpbin.org} or raised\n",
  "stderr.log": "Traceback (most recent call last):\n  File \"<string>\", line 1, in <module>\n  File \"/repo/requests_html.py\", line 15, in <module>\n    from lxml.html.clean import Cleaner\n  File \"/usr/local/lib/python3.11/site-packages/lxml/html/clean.py\", line 18, in <module>\n    raise ImportError(\nImportError: lxml.html.clean module is now a separate project lxml_html_clean.\nInstall lxml[html-clean] or lxml_html_clean directly.\n",
  "phase_a.log": "\n--stderr--\nWARNING: Running pip as the 'root' user can result in broken permissions and conflicting behaviour with the system package manager. It is recommended to use a virtual environment instead: https://pip.pypa.io/warnings/venv\n\n[notice] A new release of pip is available: 24.0 -> 26.2.1\n[notice] To update, run: pip install --upgrade pip\n"
 }
]