
--stderr--
Unable to find image 'python:3.9-slim' locally
3.9-slim: Pulling from library/python
38513bd72563: Pulling fs layer
b3ec39b36ae8: Pulling fs layer
fc7443084902: Pulling fs layer
ea56f685404a: Pulling fs layer
ea56f685404a: Waiting
b3ec39b36ae8: Download complete
fc7443084902: Verifying Checksum
fc7443084902: Download complete
38513bd72563: Verifying Checksum
38513bd72563: Download complete
ea56f685404a: Verifying Checksum
ea56f685404a: Download complete
38513bd72563: Pull complete
b3ec39b36ae8: Pull complete
fc7443084902: Pull complete
ea56f685404a: Pull complete
Digest: sha256:2d97f6910b16bd338d3060f261f53f144965f755599aab1acda1e13cf1731b1b
Status: Downloaded newer image for python:3.9-slim
  DEPRECATION: PyInquirer is being installed using the legacy 'setup.py install' method, because it does not have a 'pyproject.toml' and the 'wheel' package is not installed. pip 23.1 will enforce this behaviour change. A possible replacement is to enable the '--use-pep517' option. Discussion can be found at https://github.com/pypa/pip/issues/8559

[notice] A new release of pip is available: 23.0.1 -> 26.0.1
[notice] To update, run: python3 -m pip install --upgrade pip
