Python 3.11.16
Downloading pygments-2.21.0-py3-none-any.whl (1.3 MB)
   ━━━━━━━━━━━━━━━━━━━━━━━━━━━━━━━━━━━━━━━━ 1.3/1.3 MB 150.4 MB/s  0:00:00
Downloading regex-2026.7.19-cp311-cp311-manylinux2014_x86_64.manylinux_2_17_x86_64.manylinux_2_28_x86_64.whl (801 kB)
   ━━━━━━━━━━━━━━━━━━━━━━━━━━━━━━━━━━━━━━━━ 801.4/801.4 kB 111.8 MB/s  0:00:00
Downloading six-1.17.0-py2.py3-none-any.whl (11 kB)
Downloading wcwidth-0.8.3-py3-none-any.whl (331 kB)
Building wheels for collected packages: PyInquirer
  Building wheel for PyInquirer (pyproject.toml): started
  Building wheel for PyInquirer (pyproject.toml): finished with status 'done'
  Created wheel for PyInquirer: filename=pyinquirer-1.0.3-py3-none-any.whl size=32932 sha256=e83daf5e0a7a08809a073ee6705c3e779af9614a89bf3d103ba38947c65635c1
  Stored in directory: /root/.cache/pip/wheels/71/36/59/9490e21174d4aee949c0bd8851310b82108f2569e12a3998d5
Successfully built PyInquirer
Installing collected packages: wcwidth, six, regex, Pygments, prompt_toolkit, PyInquirer

Successfully installed PyInquirer-1.0.3 Pygments-2.21.0 prompt_toolkit-1.0.14 regex-2026.7.19 six-1.17.0 wcwidth-0.8.3
pip exit: 0
prompt-toolkit 1.0.14
Pygments       2.21.0
PyInquirer     1.0.3
VERDICT_LINE: PASS pip install PyInquirer exited 0 on Python 3.11.16
