Collecting simplejson
  Downloading simplejson-4.1.2-cp311-cp311-manylinux1_x86_64.manylinux_2_28_x86_64.manylinux_2_5_x86_64.whl.metadata (3.8 kB)
Downloading simplejson-4.1.2-cp311-cp311-manylinux1_x86_64.manylinux_2_28_x86_64.manylinux_2_5_x86_64.whl (187 kB)
   ━━━━━━━━━━━━━━━━━━━━━━━━━━━━━━━━━━━━━━━━ 187.2/187.2 kB 11.4 MB/s eta 0:00:00
Installing collected packages: simplejson
Successfully installed simplejson-4.1.2

--stderr--
Unable to find image 'python:3.11-slim' locally
3.11-slim: Pulling from library/python
6310eb16bf42: Pulling fs layer
87e1b7cce023: Pulling fs layer
c86306e32cd0: Pulling fs layer
a14578096eda: Pulling fs layer
a14578096eda: Waiting
87e1b7cce023: Verifying Checksum
87e1b7cce023: Download complete
a14578096eda: Verifying Checksum
a14578096eda: Download complete
c86306e32cd0: Verifying Checksum
c86306e32cd0: Download complete
6310eb16bf42: Verifying Checksum
6310eb16bf42: Download complete
6310eb16bf42: Pull complete
87e1b7cce023: Pull complete
c86306e32cd0: Pull complete
a14578096eda: Pull complete
Digest: sha256:1042b61448fef4ba92d16a8c7eb4996d027568ce64792a7877fd88511e0af7c6
Status: Downloaded newer image for python:3.11-slim
WARNING: Running pip as the 'root' user can result in broken permissions and conflicting behaviour with the system package manager. It is recommended to use a virtual environment instead: https://pip.pypa.io/warnings/venv

[notice] A new release of pip is available: 24.0 -> 26.2.1
[notice] To update, run: pip install --upgrade pip
