[
 {
  "probe": "p-c1",
  "cmd.txt": "python3 --version && /tmp/v/bin/pip install PyInquirer > /tmp/pip.log 2>&1; rc=$?; tail -15 /tmp/pip.log; echo \"pip exit: $rc\"; /tmp/v/bin/pip list 2>/dev/null | grep -i -E 'pyinquirer|prompt|pygments'; test $rc -eq 0 && echo \"VERDICT_LINE: PASS pip install PyInquirer exited 0 on $(python3 --version)\" || echo \"VERDICT_LINE: FAIL pip install PyInquirer exited $rc\"",
  "exit_code": "0",
  "stdout.log": "Python 3.11.16\nDownloading pygments-2.21.0-py3-none-any.whl (1.3 MB)\n   \u2501\u2501\u2501\u2501\u2501\u2501\u2501\u2501\u2501\u2501\u2501\u2501\u2501\u2501\u2501\u2501\u2501\u2501\u2501\u2501\u2501\u2501\u2501\u2501\u2501\u2501\u2501\u2501\u2501\u2501\u2501\u2501\u2501\u2501\u2501\u2501\u2501\u2501\u2501\u2501 1.3/1.3 MB 150.4 MB/s  0:00:00\nDownloading regex-2026.7.19-cp311-cp311-manylinux2014_x86_64.manylinux_2_17_x86_64.manylinux_2_28_x86_64.whl (801 kB)\n   \u2501\u2501\u2501\u2501\u2501\u2501\u2501\u2501\u2501\u2501\u2501\u2501\u2501\u2501\u2501\u2501\u2501\u2501\u2501\u2501\u2501\u2501\u2501\u2501\u2501\u2501\u2501\u2501\u2501\u2501\u2501\u2501\u2501\u2501\u2501\u2501\u2501\u2501\u2501\u2501 801.4/801.4 kB 111.8 MB/s  0:00:00\nDownloading six-1.17.0-py2.py3-none-any.whl (11 kB)\nDownloading wcwidth-0.8.3-py3-none-any.whl (331 kB)\nBuilding wheels for collected packages: PyInquirer\n  Building wheel for PyInquirer (pyproject.toml): started\n  Building wheel for PyInquirer (pyproject.toml): finished with status 'done'\n  Created wheel for PyInquirer: filename=pyinquirer-1.0.3-py3-none-any.whl size=32932 sha256=e83daf5e0a7a08809a073ee6705c3e779af9614a89bf3d103ba38947c65635c1\n  Stored in directory: /root/.cache/pip/wheels/71/36/59/9490e21174d4aee949c0bd8851310b82108f2569e12a3998d5\nSuccessfully built PyInquirer\nInstalling collected packages: wcwidth, six, regex, Pygments, prompt_toolkit, PyInquirer\n\nSuccessfully installed PyInquirer-1.0.3 Pygments-2.21.0 prompt_toolkit-1.0.14 regex-2026.7.19 six-1.17.0 wcwidth-0.8.3\npip exit: 0\nprompt-toolkit 1.0.14\nPygments       2.21.0\nPyInquirer     1.0.3\nVERDICT_LINE: PASS pip install PyInquirer exited 0 on Python 3.11.16\n",
  "stderr.log": "",
  "phase_a.log": "\n--stderr--\nUnable to find image 'python:3.11-slim' locally\n3.11-slim: Pulling from library/python\n6310eb16bf42: Pulling fs layer\n87e1b7cce023: Pulling fs layer\nc86306e32cd0: Pulling fs layer\na14578096eda: Pulling fs layer\na14578096eda: Waiting\n87e1b7cce023: Verifying Checksum\nc86306e32cd0: Verifying Checksum\nc86306e32cd0: Download complete\n6310eb16bf42: Verifying Checksum\n6310eb16bf42: Download complete\na14578096eda: Verifying Checksum\na14578096eda: Download complete\n6310eb16bf42: Pull complete\n87e1b7cce023: Pull complete\nc86306e32cd0: Pull complete\na14578096eda: Pull complete\nDigest: sha256:1042b61448fef4ba92d16a8c7eb4996d027568ce64792a7877fd88511e0af7c6\nStatus: Downloaded newer image for python:3.11-slim\n"
 },
 {
  "probe": "p-c10",
  "cmd.txt": "python3 /tmp/issue.py && echo 'VERDICT_LINE: PASS issue #159 exists and is still open (see title above)' || echo 'VERDICT_LINE: FAIL issue #159 missing or not open'",
  "exit_code": "0",
  "stdout.log": "issue #159 title: Inviting A Successor/Maintainer To PyInquirer Future | state: open | created: 2021-04-14T16:33:32Z | comments: 8\nrepo pushed_at: 2024-03-02T09:32:55Z | archived: False\nVERDICT_LINE: PASS issue #159 exists and is still open (see title above)\n",
  "stderr.log": "",
  "phase_a.log": "\n--stderr--\n"
 },
 {
  "probe": "p-c11",
  "cmd.txt": "python3 /tmp/rel.py && echo 'VERDICT_LINE: PASS GitHub release 1.0.3 exists and PyPI latest is 1.0.3' || echo 'VERDICT_LINE: FAIL release 1.0.3 missing on GitHub or PyPI latest differs (see values above)'",
  "exit_code": "0",
  "stdout.log": "github release tag 1.0.3 exists: True published_at: 2018-11-22T12:33:26Z\npypi latest version: 1.0.3 uploaded: 2018-11-22T19:22:15 | requires_dist: None\nrelease exists and matches pypi latest: True\nVERDICT_LINE: PASS GitHub release 1.0.3 exists and PyPI latest is 1.0.3\n",
  "stderr.log": "",
  "phase_a.log": "\n--stderr--\n"
 },
 {
  "probe": "p-c2",
  "cmd.txt": "python3 --version && /tmp/v/bin/python -c 'import prompt_toolkit; print(\"installed prompt_toolkit\", prompt_toolkit.__version__)' || echo 'prompt_toolkit itself does not import' && /tmp/v/bin/python -c 'from PyInquirer import prompt, print_json; print(\"import ok:\", prompt, print_json)' > /tmp/imp.log 2>&1; rc=$?; tail -5 /tmp/imp.log; echo \"import exit: $rc\"; test $rc -eq 0 && echo 'VERDICT_LINE: PASS from PyInquirer import prompt, print_json succeeded after pip install PyInquirer' || echo \"VERDICT_LINE: FAIL quickstart import failed on $(python3 --version): $(tail -1 /tmp/imp.log)\"",
  "exit_code": "0",
  "stdout.log": "Python 3.11.16\nprompt_toolkit itself does not import\n  File \"/tmp/v/lib/python3.11/site-packages/prompt_toolkit/styles/__init__.py\", line 8, in <module>\n    from .from_dict import *\n  File \"/tmp/v/lib/python3.11/site-packages/prompt_toolkit/styles/from_dict.py\", line 9, in <module>\n    from collections import Mapping\nImportError: cannot import name 'Mapping' from 'collections' (/usr/local/lib/python3.11/collections/__init__.py)\nimport exit: 1\nVERDICT_LINE: FAIL quickstart import failed on Python 3.11.16: ImportError: cannot import name 'Mapping' from 'collections' (/usr/local/lib/python3.11/collections/__init__.py)\n",
  "stderr.log": "Traceback (most recent call last):\n  File \"<string>\", line 1, in <module>\n  File \"/tmp/v/lib/python3.11/site-packages/prompt_toolkit/__init__.py\", line 16, in <module>\n    from .interface import CommandLineInterface\n  File \"/tmp/v/lib/python3.11/site-packages/prompt_toolkit/interface.py\", line 19, in <module>\n    from .application import Application, AbortAction\n  File \"/tmp/v/lib/python3.11/site-packages/prompt_toolkit/application.py\", line 8, in <module>\n    from .key_binding.bindings.basic import load_basic_bindings\n  File \"/tmp/v/lib/python3.11/site-packages/prompt_toolkit/key_binding/bindings/basic.py\", line 9, in <module>\n    from prompt_toolkit.renderer import HeightIsUnknownError\n  File \"/tmp/v/lib/python3.11/site-packages/prompt_toolkit/renderer.py\", line 11, in <module>\n    from prompt_toolkit.styles import Style\n  File \"/tmp/v/lib/python3.11/site-packages/prompt_toolkit/styles/__init__.py\", line 8, in <module>\n    from .from_dict import *\n  File \"/tmp/v/lib/python3.11/site-packages/prompt_toolkit/styles/from_dict.py\", line 9, in <module>\n    from collections import Mapping\nImportError: cannot import name 'Mapping' from 'collections' (/usr/local/lib/python3.11/collections/__init__.py)\n",
  "phase_a.log": "\n--stderr--\n\n[notice] A new release of pip is available: 24.0 -> 26.2.1\n[notice] To update, run: python3 -m pip install --upgrade pip\n"
 },
 {
  "probe": "p-c3",
  "cmd.txt": "python3 --version && /tmp/v/bin/pip show prompt_toolkit | grep -i version && echo 'from_dict.py line 9:'; sed -n 9p /tmp/v/lib/python3.11/site-packages/prompt_toolkit/styles/from_dict.py && /tmp/v/bin/python -c 'import prompt_toolkit.styles.from_dict; from PyInquirer import prompt, print_json; print(\"import ok\")' > /tmp/imp.log 2>&1; rc=$?; tail -4 /tmp/imp.log; echo \"import exit: $rc\"; test $rc -eq 0 && echo 'VERDICT_LINE: PASS prompt_toolkit==1.0.14 makes PyInquirer importable' || echo \"VERDICT_LINE: FAIL prescribed prompt_toolkit==1.0.14 still fails on $(python3 --version): $(tail -1 /tmp/imp.log)\"",
  "exit_code": "0",
  "stdout.log": "Python 3.11.16\nVersion: 1.0.14\nfrom_dict.py line 9:\nfrom collections import Mapping\n    from .from_dict import *\n  File \"/tmp/v/lib/python3.11/site-packages/prompt_toolkit/styles/from_dict.py\", line 9, in <module>\n    from collections import Mapping\nImportError: cannot import name 'Mapping' from 'collections' (/usr/local/lib/python3.11/collections/__init__.py)\nimport exit: 1\nVERDICT_LINE: FAIL prescribed prompt_toolkit==1.0.14 still fails on Python 3.11.16: ImportError: cannot import name 'Mapping' from 'collections' (/usr/local/lib/python3.11/collections/__init__.py)\n",
  "stderr.log": "",
  "phase_a.log": "\n--stderr--\n\n[notice] A new release of pip is available: 24.0 -> 26.2.1\n[notice] To update, run: python3 -m pip install --upgrade pip\n\n[notice] A new release of pip is available: 24.0 -> 26.2.1\n[notice] To update, run: python3 -m pip install --upgrade pip\n"
 },
 {
  "probe": "p-c4",
  "cmd.txt": "python3 --version && /tmp/v/bin/python -c 'from PyInquirer import prompt, print_json; print(\"premise: import ok\")' || echo 'premise: PyInquirer not importable on this interpreter' && timeout 60 python3 /tmp/d.py && echo 'VERDICT_LINE: PASS quickstart prompt() returned dict keyed first_name and print_json printed it (Python 3.9, pty-driven)' || echo 'VERDICT_LINE: FAIL quickstart did not print JSON with first_name/Bob (see child output above)'",
  "exit_code": "0",
  "stdout.log": "Python 3.9.25\npremise: PyInquirer not importable on this interpreter\n--- child output ---\n\u001b[?1l\u001b[6n\u001b[?2004h\u001b[?25l\u001b[?7l\u001b[0m\u001b[0m\u001b[J\u001b[0;38;5;67m?\u001b[0;1m What is your first name  \u001b[27D\u001b[27C\u001b[0m\u001b[?12l\u001b[?25h\u001b[?25l\u001b[27D\u001b[0m\u001b[J\u001b[0;38;5;67m?\u001b[0;1m What is your first name  \u001b[0;38;5;214;1mBob\u001b[30D\u001b[0m\n\n\u001b[J\u001b[?7h\u001b[0m\u001b[?12l\u001b[?25h\u001b[?2004l('{\\x1b[37m\\x1b[39;49;00m\\n'\n '\\x1b[37m    \\x1b[39;49;00m\\x1b[94m\"first_name\"\\x1b[39;49;00m:\\x1b[37m '\n '\\x1b[39;49;00m\\x1b[33m\"Bob\"\\x1b[39;49;00m\\x1b[37m\\x1b[39;49;00m\\n'\n '}\\x1b[37m\\x1b[39;49;00m\\n')\n\n--- end ---\nobserved first_name and Bob in print_json output: True\nVERDICT_LINE: PASS quickstart prompt() returned dict keyed first_name and print_json printed it (Python 3.9, pty-driven)\n",
  "stderr.log": "Traceback (most recent call last):\n  File \"<string>\", line 1, in <module>\n  File \"/repo/PyInquirer/__init__.py\", line 8, in <module>\n    from .prompts.common import default_style\n  File \"/repo/PyInquirer/prompts/common.py\", line 74, in <module>\n    default_style = Style.from_dict({\nAttributeError: type object 'Style' has no attribute 'from_dict'\n",
  "phase_a.log": "\n--stderr--\nUnable to find image 'python:3.9-slim' locally\n3.9-slim: Pulling from library/python\n38513bd72563: Pulling fs layer\nb3ec39b36ae8: Pulling fs layer\nfc7443084902: Pulling fs layer\nea56f685404a: Pulling fs layer\nea56f685404a: Waiting\nb3ec39b36ae8: Download complete\nfc7443084902: Verifying Checksum\nfc7443084902: Download complete\n38513bd72563: Verifying Checksum\n38513bd72563: Download complete\nea56f685404a: Verifying Checksum\nea56f685404a: Download complete\n38513bd72563: Pull complete\nb3ec39b36ae8: Pull complete\nfc7443084902: Pull complete\nea56f685404a: Pull complete\nDigest: sha256:2d97f6910b16bd338d3060f261f53f144965f755599aab1acda1e13cf1731b1b\nStatus: Downloaded newer image for python:3.9-slim\n  DEPRECATION: PyInquirer is being installed using the legacy 'setup.py install' method, because it does not have a 'pyproject.toml' and the 'wheel' package is not installed. pip 23.1 will enforce this behaviour change. A possible replacement is to enable the '--use-pep517' option. Discussion can be found at https://github.com/pypa/pip/issues/8559\n\n[notice] A new release of pip is available: 23.0.1 -> 26.0.1\n[notice] To update, run: python3 -m pip install --upgrade pip\n"
 },
 {
  "probe": "p-c5",
  "cmd.txt": "ls /tmp/pyinq/examples && cd /tmp/pyinq && python3 -c 'import os; want=[\"editor.py\",\"expand.py\",\"list.py\",\"password.py\",\"when.py\",\"checkbox.py\",\"confirm.py\",\"hierarchical.py\",\"pizza.py\",\"input.py\",\"rawlist.py\"]; missing=[f for f in want if not os.path.isfile(\"examples/\"+f)]; print(\"missing examples:\", missing); assert not missing' && echo 'VERDICT_LINE: PASS all 11 listed example scripts exist under ./examples at the pinned commit' || echo 'VERDICT_LINE: FAIL some listed example scripts are missing from ./examples (see missing list)'",
  "exit_code": "0",
  "stdout.log": "__init__.py\ncheckbox.py\nconfirm.py\neditor.py\nexpand.py\nhierarchical.py\ninput.py\nlist.py\npassword.py\npizza.py\nrawlist.py\nwhen.py\nmissing examples: []\nVERDICT_LINE: PASS all 11 listed example scripts exist under ./examples at the pinned commit\n",
  "stderr.log": "",
  "phase_a.log": "\n--stderr--\n"
 },
 {
  "probe": "p-c6",
  "cmd.txt": "cd /tmp/pyinq && .v/bin/pip install -e . > /tmp/pip.log 2>&1; rc=$?; tail -5 /tmp/pip.log; echo \"pip install -e . exit: $rc\"; test $rc -eq 0 || { echo 'VERDICT_LINE: FAIL pip install -e . failed'; exit 1; } && cd /tmp/pyinq && .v/bin/pip show prompt_toolkit | grep -i version; echo '--- PyInquirer/__init__.py ---'; cat PyInquirer/__init__.py && cd /tmp && /tmp/pyinq/.v/bin/python -c 'from PyInquirer import prompt, print_json; print(\"import ok:\", prompt, print_json)' > /tmp/imp.log 2>&1; rc=$?; tail -4 /tmp/imp.log; echo \"import exit: $rc\"; test $rc -eq 0 && echo 'VERDICT_LINE: PASS pip install -e . yields importable prompt and print_json from repository code' || echo \"VERDICT_LINE: FAIL from-source install: quickstart import fails: $(tail -1 /tmp/imp.log)\"",
  "exit_code": "0",
  "stdout.log": "  Stored in directory: /tmp/pip-ephem-wheel-cache-zyf5hgow/wheels/e9/7d/d0/088d05c60df49c7b5b42a6cba09decff4c2b6ecdbd827dfe5f\nSuccessfully built PyInquirer\nInstalling collected packages: wcwidth, Pygments, prompt_toolkit, PyInquirer\n\nSuccessfully installed PyInquirer-1.0.3 Pygments-2.21.0 prompt_toolkit-3.0.53 wcwidth-0.8.3\npip install -e . exit: 0\nVersion: 3.0.53\n--- PyInquirer/__init__.py ---\n# -*- coding: utf-8 -*-\n\nimport os\n\nfrom .utils import print_json, format_json\n# from .prompt import prompt\nfrom .separator import Separator\nfrom .prompts.common import default_style\n\n__version__ = '1.0.2'\n\n\ndef here(p):\n    # TODO: Is this being used externally or deprecate?\n    return os.path.abspath(os.path.join(os.path.dirname(__file__), p))\n\nclass PromptParameterException(ValueError):\n    def __init__(self, message, errors=None):\n\n        # Call the base class constructor with the parameters it needs\n        super().__init__('You must provide a `%s` value' % message, errors)\n\n# The code below here is here because of backwards-compatibility. Before,\n# people were using style_from_dict and importing it from here. It's better to\n# use Style.from_dict, as recommended by prompt_toolkit now.\nfrom prompt_toolkit.styles import Style\n\ndef style_from_dict(style_dict):\n    # Deprecated function. Users should use Style.from_dict instead.\n    # Keep this here for backwards-compatibility.\n    return Style.from_dict({\n        '.'.join(key).lower(): value for key, value in style_dict.items()\n    })\n  \nfrom pygments.token import Token\nfrom prompt_toolkit.validation import Validator, ValidationError\n\n__all__ = [\"PromptParameterException\", \"style_from_dict\"]import ok: <module 'PyInquirer.prompt' from '/tmp/pyinq/PyInquirer/prompt.py'> <function print_json at 0x7f1f8441ede0>\nimport exit: 0\nVERDICT_LINE: PASS pip install -e . yields importable prompt and print_json from repository code\n",
  "stderr.log": "",
  "phase_a.log": "\n--stderr--\n"
 },
 {
  "probe": "p-c7",
  "cmd.txt": "ls /tmp/pyinq/PyInquirer/prompts && cd /tmp/pyinq && .v/bin/pip show prompt_toolkit | grep -i version && cd /tmp/pyinq && .v/bin/python /tmp/types.py && echo 'VERDICT_LINE: PASS one prompt module per documented type exists and imports with the repo-declared prompt_toolkit' || echo 'VERDICT_LINE: FAIL not every documented question type has a present+importable prompt module (see per-type results)'",
  "exit_code": "0",
  "stdout.log": "__init__.py\ncheckbox.py\ncommon.py\nconfirm.py\neditor.py\nexpand.py\ninput.py\nlist.py\npassword.py\nrawlist.py\nVersion: 3.0.53\nprompt modules present: ['input', 'confirm', 'list', 'rawlist', 'expand', 'checkbox', 'password', 'editor'] (8/8)\n   input -> import ok\n   confirm -> import ok\n   list -> import ok\n   rawlist -> import ok\n   expand -> import ok\n   checkbox -> import ok\n   password -> import ok\n   editor -> import ok\nall 8 types present and importable: True\nVERDICT_LINE: PASS one prompt module per documented type exists and imports with the repo-declared prompt_toolkit\n",
  "stderr.log": "",
  "phase_a.log": "\n--stderr--\n\n[notice] A new release of pip is available: 24.0 -> 26.2.1\n[notice] To update, run: python3 -m pip install --upgrade pip\n"
 },
 {
  "probe": "p-c8",
  "cmd.txt": "echo 'note: badge owner is expobrain, repo owner is CITGuru' && python3 /tmp/badge.py && echo 'VERDICT_LINE: PASS travis-ci.org badge returns 200 with a passing build' || echo 'VERDICT_LINE: FAIL travis-ci.org badge is not a live passing build (see status/final_url/body_head)'",
  "exit_code": "0",
  "stdout.log": "note: badge owner is expobrain, repo owner is CITGuru\nbadge status: 403 | final_url: https://travis-ci.org/expobrain/PyInquirer.svg?branch=master\nbody_head: error code: 1010 \nlive passing badge: False\nVERDICT_LINE: FAIL travis-ci.org badge is not a live passing build (see status/final_url/body_head)\n",
  "stderr.log": "",
  "phase_a.log": "\n--stderr--\n"
 },
 {
  "probe": "p-c9",
  "cmd.txt": "cd /tmp/pyinq && ls requirements.txt requirements_dev.txt && cat requirements.txt requirements_dev.txt && cd /tmp/pyinq && venv/bin/pip install -r requirements.txt > /tmp/req.log 2>&1; rc=$?; tail -3 /tmp/req.log; echo \"pip install -r requirements.txt exit: $rc\"; test $rc -eq 0 || { echo 'VERDICT_LINE: FAIL pip install -r requirements.txt failed'; exit 1; } && cd /tmp/pyinq && venv/bin/pip install -r requirements_dev.txt > /tmp/reqdev.log 2>&1; rc=$?; tail -3 /tmp/reqdev.log; echo \"pip install -r requirements_dev.txt exit: $rc\"; test $rc -eq 0 || { echo 'VERDICT_LINE: FAIL pip install -r requirements_dev.txt failed'; exit 1; } && cd /tmp/pyinq && ls tests/ && timeout 90 venv/bin/pytest -sv tests/ > /tmp/pytest.log 2>&1; rc=$?; tail -30 /tmp/pytest.log; echo \"pytest exit: $rc\"; test $rc -eq 0 && echo 'VERDICT_LINE: PASS documented contributor flow installs and pytest -sv tests/ passes' || echo \"VERDICT_LINE: FAIL pytest -sv tests/ exited $rc: $(grep -E 'passed|failed|error' /tmp/pytest.log | tail -1)\"",
  "exit_code": "0",
  "stdout.log": "requirements.txt\nrequirements_dev.txt\nprompt_toolkit>=3.0.0,<3.1.0\nPygments>=2.2.0\n# this file contains additional dependencies (not in requirements.txt)\n# please list all dependencies necessary to test and build this package\n\n-r requirements.txt\n\n# test-tools\ntestfixtures\npytest>=4.4.0\npytest-cov>=2.4.0\npytest-html>=1.10.1\npytest-xdist>=1.15.0\npylint>=1.6.5\nptyprocess==0.5.1\nregex>=2016.11.21\n\n# build-tools\npep8>=1.7.0\nbumpversion>=0.5.3\npypandoc>=1.3.3\n\n# checks\nsafety>=1.8.5\nInstalling collected packages: wcwidth, Pygments, prompt_toolkit\n\nSuccessfully installed Pygments-2.21.0 prompt_toolkit-3.0.53 wcwidth-0.8.3\npip install -r requirements.txt exit: 0\nInstalling collected packages: ptyprocess, pep8, typing-extensions, truststore, tqdm, tomlkit, tenacity, shellingham, ruamel-yaml, regex, pypandoc, pycparser, pluggy, platformdirs, packaging, mypy-extensions, mdurl, mccabe, marshmallow, MarkupSafe, joblib, iniconfig, idna, h11, filelock, execnet, dill, defusedxml, coverage, click, certifi, bump2version, astroid, annotated-types, annotated-doc, typing-inspection, testfixtures, pytest, pydantic-core, nltk, markdown-it-py, jinja2, isort, httpcore, dparse, cffi, bumpversion, anyio, rich, pytest-xdist, pytest-metadata, pytest-cov, pylint, pydantic, httpx, cryptography, typer, safety-schemas, pytest-html, joserfc, authlib, safety\n\nSuccessfully installed MarkupSafe-3.0.3 annotated-doc-0.0.5 annotated-types-0.8.0 anyio-4.14.2 astroid-4.0.4 authlib-1.7.2 bump2version-1.0.1 bumpversion-0.6.0 certifi-2026.7.22 cffi-2.1.1 click-8.5.0 coverage-7.16.0 cryptography-50.0.1 defusedxml-0.7.1 dill-0.4.1 dparse-0.6.4 execnet-2.1.2 filelock-3.32.4 h11-0.16.0 httpcore-1.0.9 httpx-0.28.1 idna-3.19 iniconfig-2.3.0 isort-9.0.1 jinja2-3.1.6 joblib-1.5.3 joserfc-1.7.5 markdown-it-py-4.2.0 marshmallow-4.3.1 mccabe-0.7.0 mdurl-0.1.2 mypy-extensions-1.1.0 nltk-3.10.3 packaging-26.3 pep8-1.7.1 platformdirs-4.11.5 pluggy-1.6.0 ptyprocess-0.5.1 pycparser-3.0 pydantic-2.13.5 pydantic-core-2.46.5 pylint-4.0.8 pypandoc-1.17 pytest-9.1.1 pytest-cov-7.1.0 pytest-html-4.2.0 pytest-metadata-3.1.1 pytest-xdist-3.8.0 regex-2026.7.19 rich-15.0.0 ruamel-yaml-0.19.1 safety-3.8.1 safety-schemas-0.0.16 shellingham-1.5.4 tenacity-9.1.4 testfixtures-12.3.0 tomlkit-0.15.1 tqdm-4.70.0 truststore-0.10.4 typer-0.25.1 typing-extensions-4.16.0 typing-inspection-0.4.4\npip install -r requirements_dev.txt exit: 0\n__init__.py\nexample_app.py\nhelpers.py\ntest_example_checkbox.py\ntest_example_expand.py\ntest_example_hierachical.py\ntest_example_input.py\ntest_example_list.py\ntest_example_password.py\ntest_example_pizza.py\ntest_example_rawlist.py\ntest_example_when.py\ntest_helpers.py\ntest_prompt.py\ntest_prompts_checkbox.py\ntest_prompts_common.py\ntest_prompts_input.py\ntest_prompts_list.py\ntest_utils.py\n    stdin.fileno()\n_ _ _ _ _ _ _ _ _ _ _ _ _ _ _ _ _ _ _ _ _ _ _ _ _ _ _ _ _ _ _ _ _ _ _ _ _ _ _ _ \n\nstdin = <prompt_toolkit.input.posix_pipe.PosixPipeInput.__init__.<locals>.Stdin object at 0x7fc1fb487a50>\n\n    def",
  "stderr.log": "",
  "phase_a.log": "\n--stderr--\n"
 }
]