[
 {
  "probe": "p-c1",
  "cmd.txt": "/tmp/v/bin/python -c 'import schedule; print(\"import ok, version\", schedule.__version__)' && /tmp/v/bin/pip show schedule | grep -E '^(Name|Version):' && /tmp/v/bin/pip show schedule | grep -E '^Version: 1\\.2\\.2$' || echo 'NOTE: PyPI version differs from setup.py at pinned commit (1.2.2)'",
  "exit_code": "0",
  "stdout.log": "NOTE: PyPI version differs from setup.py at pinned commit (1.2.2)\n",
  "stderr.log": "Traceback (most recent call last):\n  File \"<string>\", line 1, in <module>\nAttributeError: module 'schedule' has no attribute '__version__'\n",
  "phase_a.log": "Collecting schedule\n  Downloading schedule-1.2.2-py3-none-any.whl.metadata (3.8 kB)\nDownloading schedule-1.2.2-py3-none-any.whl (12 kB)\nInstalling collected packages: schedule\nSuccessfully installed schedule-1.2.2\n\n--stderr--\n"
 },
 {
  "probe": "p-c10",
  "cmd.txt": "python -c \"import json; d=json.load(open('/tmp/pypi.json')); v=d['info']['version']; print('PyPI latest:', v); print('1.2.2 uploaded:', d['releases'].get('1.2.2',[{}])[0].get('upload_time')); assert '1.2.2' in d['releases'], '1.2.2 not on PyPI'; assert v=='1.2.2', 'latest is '+v+', not 1.2.2'\"",
  "exit_code": "0",
  "stdout.log": "PyPI latest: 1.2.2\n1.2.2 uploaded: 2024-05-25T18:41:59\n",
  "stderr.log": "",
  "phase_a.log": "\n--stderr--\ndebconf: unable to initialize frontend: Dialog\ndebconf: (TERM is not set, so the dialog frontend is not usable.)\ndebconf: falling back to frontend: Readline\ndebconf: unable to initialize frontend: Readline\ndebconf: (Can't locate Term/ReadLine.pm in @INC (you may need to install the Term::ReadLine module) (@INC entries checked: /etc/perl /usr/local/lib/x86_64-linux-gnu/perl/5.40.1 /usr/local/share/perl/5.40.1 /usr/lib/x86_64-linux-gnu/perl5/5.40 /usr/share/perl5 /usr/lib/x86_64-linux-gnu/perl-base /usr/lib/x86_64-linux-gnu/perl/5.40 /usr/share/perl/5.40 /usr/local/lib/site_perl) at /usr/share/perl5/Debconf/FrontEnd/Readline.pm line 8, <STDIN> line 27.)\ndebconf: falling back to frontend: Teletype\ndebconf: unable to initialize frontend: Teletype\ndebconf: (This frontend requires a controlling tty.)\ndebconf: falling back to frontend: Noninteractive\n"
 },
 {
  "probe": "p-c2",
  "cmd.txt": "cd /tmp/wf && ls -1 *.yml *.yaml 2>/dev/null; grep -n -A10 'python-version' *.yml *.yaml 2>/dev/null && cd /tmp/wf && for v in 3.7 3.8 3.9 3.10 3.11 3.12; do grep -qE \"[\\\"']?$v[\\\"']?\" *.yml *.yaml 2>/dev/null && echo \"matrix has $v\" || { echo \"MISSING $v in CI matrix\"; exit 1; }; done && python -c \"import json; rs=json.load(open('/tmp/wf/runs.json'))['workflow_runs']; [print(r['name'],'|',r['conclusion'],'|',r['created_at'],'|',r['html_url']) for r in rs[:10]]\" && cd /tmp/src && python --version && python -m pytest -q test_schedule.py 2>&1 | tail -5 && cd /tmp/src && python -m pytest -q test_schedule.py >/dev/null 2>&1 && echo 'test suite PASSES on 3.12 (highest claimed version)'",
  "exit_code": "2",
  "stdout.log": "ci.yml\nci.yml:17:        python-version: ['3.7', '3.8', '3.9', '3.10', '3.11', '3.12']\nci.yml-18-    steps:\nci.yml-19-      - uses: actions/checkout@v3\nci.yml:20:      - name: Set up Python ${{ matrix.python-version }}\nci.yml-21-        uses: actions/setup-python@v4\nci.yml-22-        with:\nci.yml:23:          python-version: ${{ matrix.python-version }}\nci.yml-24-      - name: Install dependencies\nci.yml-25-        run: pip install tox tox-gh-actions\nci.yml-26-      - name: Tests\nci.yml-27-        run: tox\nci.yml-28-      - name: Coveralls\nci.yml-29-        env:\nci.yml-30-          GITHUB_TOKEN: ${{ secrets.GITHUB_TOKEN }}\nci.yml:31:          COVERALLS_FLAG_NAME: python-${{ matrix.python-version }}\nci.yml-32-          COVERALLS_PARALLEL: true\nci.yml-33-        run: |\nci.yml-34-          pip3 install coveralls\nci.yml-35-          coveralls --service=github\nci.yml-36-  coveralls:\nci.yml-37-    # Notify coveralls that the built has finished so they can\nci.yml-38-    # combine the results and post a comment with the summary.\nci.yml-39-    name: coverage push\nci.yml-40-    needs: test\nci.yml-41-    runs-on: ubuntu-latest\n--\nci.yml:46:          python-version: 3.11\nci.yml-47-      - name: Finished\nci.yml-48-        run: |\nci.yml-49-          pip3 install coveralls\nci.yml-50-          coveralls --finish --service=github\nci.yml-51-        env:\nci.yml-52-          GITHUB_TOKEN: ${{ secrets.GITHUB_TOKEN }}\nci.yml-53-\nci.yml-54-  docs:\nci.yml-55-    runs-on: ubuntu-latest\nci.yml-56-    steps:\n--\nci.yml:61:          python-version: 3.11\nci.yml-62-      - name: Install dependencies\nci.yml-63-        run: pip install tox\nci.yml-64-      - name: Check docs\nci.yml-65-        run: tox -e docs\nci.yml-66-\nci.yml-67-  formatting:\nci.yml-68-    runs-on: ubuntu-latest\nci.yml-69-    steps:\nci.yml-70-      - uses: actions/checkout@v3\nci.yml-71-      - name: Set up Python 3.11\n--\nci.yml:74:          python-version: 3.11\nci.yml-75-      - name: Install dependencies\nci.yml-76-        run: pip install tox\nci.yml-77-      - name: Check formatting\nci.yml-78-        run: tox -e format\nci.yml-79-\nci.yml-80-  setuppy:\nci.yml-81-    runs-on: ubuntu-latest\nci.yml-82-    steps:\nci.yml-83-      - uses: actions/checkout@v3\nci.yml-84-      - name: Set up Python 3.11\n--\nci.yml:87:          python-version: 3.11\nci.yml-88-      - name: Install dependencies\nci.yml-89-        run: pip install tox\nci.yml-90-      - name: Check docs\nci.yml-91-        run: tox -e setuppy\n",
  "stderr.log": "",
  "phase_a.log": "Processing /tmp/src\n  Installing build dependencies: started\n  Installing build dependencies: finished with status 'done'\n  Getting requirements to build wheel: started\n  Getting requirements to build wheel: finished with status 'done'\n  Preparing metadata (pyproject.toml): started\n  Preparing metadata (pyproject.toml): finished with status 'done'\nCollecting pytest\n  Downloading pytest-9.1.1-py3-none-any.whl.metadata (7.6 kB)\nCollecting pytz\n  Downloading pytz-2026.3.post1-py2.py3-none-any.whl.metadata (22 kB)\nCollecting iniconfig>=1.0.1 (from pytest)\n  Downloading iniconfig-2.3.0-py3-none-any.whl.metadata (2.5 kB)\nCollecting packaging>=22 (from pytest)\n  Downloading packaging-26.3-py3-none-any.whl.metadata (3.5 kB)\nCollecting pluggy<2,>=1.5 (from pytest)\n  Downloading pluggy-1.6.0-py3-none-any.whl.metadata (4.8 kB)\nCollecting pygments>=2.7.2 (from pytest)\n  Downloading pygments-2.21.0-py3-none-any.whl.metadata (2.5 kB)\nDownloading pytest-9.1.1-py3-none-any.whl (386 kB)\nDownloading pytz-2026.3.post1-py2.py3-none-any.whl (508 kB)\nDownloading iniconfig-2.3.0-py3-none-any.whl (7.5 kB)\nDownloading packaging-26.3-py3-none-any.whl (129 kB)\nDownloading pluggy-1.6.0-py3-none-any.whl (20 kB)\nDownloading pygments-2.21.0-py3-none-any.whl (1.3 MB)\n   \u2501\u2501\u2501\u2501\u2501\u2501\u2501\u2501\u2501\u2501\u2501\u2501\u2501\u2501\u2501\u2501\u2501\u2501\u2501\u2501\u2501\u2501\u2501\u2501\u2501\u2501\u2501\u2501\u2501\u2501\u2501\u2501\u2501\u2501\u2501\u2501\u2501\u2501\u2501\u2501 1.3/1.3 MB 195.2 MB/s eta 0:00:00\nBuilding wheels for collected packages: schedule\n  Building wheel for schedule (pyproject.toml): started\n  Building wheel for schedule (pyproject.toml): finished with status 'done'\n  Created wheel for schedule: filename=schedule-1.2.2-py3-none-any.whl size=12319 sha256=dcea6e4752b8fab7ccb99adce0f8bedf9cd1b6b4b8b798c87357ea6946ec6502\n  Stored in directory: /tmp/pip-ephem-wheel-cache-iqk56ad1/wheels/b1/a4/57/72f62aaee401db75e8c1c3aca62878014646bf19d33c76d6bf\nSuccessfully built schedule\nInstalling collected packages: pytz, schedule, pygments, pluggy, packaging, iniconfig, pytest\nSuccessfully installed iniconfig-2.3.0 packaging-26.3 pluggy-1.6.0 pygments-2.21.0 pytest-9.1.1 pytz-2026.3.post1 schedule-1.2.2\n\n--stderr--\nUnable to find image 'python:3.12-slim' locally\n3.12-slim: Pulling from library/python\n6310eb16bf42: Already exists\na0d8783128af: Pulling fs layer\nb79f58b3eb94: Pulling fs layer\n48579d87405c: Pulling fs layer\n48579d87405c: Verifying Checksum\n48579d87405c: Download complete\na0d8783128af: Verifying Checksum\na0d8783128af: Download complete\nb79f58b3eb94: Verifying Checksum\nb79f58b3eb94: Download complete\na0d8783128af: Pull complete\nb79f58b3eb94: Pull complete\n48579d87405c: Pull complete\nDigest: sha256:09f7da3bc104798d0afb40bc08d23ab2da20a76130cec1f2ef170848f5d85217\nStatus: Downloaded newer image for python:3.12-slim\ndebconf: unable to initialize frontend: Dialog\ndebconf: (TERM is not set, so the dialog frontend is not usable.)\ndebconf: falling back to frontend: Readline\ndebconf: unable to initialize frontend: Readline\ndebconf: (Can't locate Term/ReadLine.pm in @INC (you may need to install the Term::ReadLine module) (@INC entries ch"
 },
 {
  "probe": "p-c3",
  "cmd.txt": "grep -oE '(passing|failing|no status)' /tmp/badge.svg | head -1 | tee /tmp/badge_state.txt && grep -q 'passing' /tmp/badge.svg && echo 'badge renders: passing' && python -c \"import json; rs=[r for r in json.load(open('/tmp/runs.json'))['workflow_runs'] if r['name']=='Tests']; assert rs,'no Tests runs on master'; r=rs[0]; print('latest Tests on master:',r['conclusion'],r['created_at'],r['html_url']); assert r['conclusion']=='success', 'latest Tests run not success: '+str(r['conclusion'])\"",
  "exit_code": "1",
  "stdout.log": "no status\n",
  "stderr.log": "",
  "phase_a.log": "\n--stderr--\ndebconf: unable to initialize frontend: Dialog\ndebconf: (TERM is not set, so the dialog frontend is not usable.)\ndebconf: falling back to frontend: Readline\ndebconf: unable to initialize frontend: Readline\ndebconf: (Can't locate Term/ReadLine.pm in @INC (you may need to install the Term::ReadLine module) (@INC entries checked: /etc/perl /usr/local/lib/x86_64-linux-gnu/perl/5.40.1 /usr/local/share/perl/5.40.1 /usr/lib/x86_64-linux-gnu/perl5/5.40 /usr/share/perl5 /usr/lib/x86_64-linux-gnu/perl-base /usr/lib/x86_64-linux-gnu/perl/5.40 /usr/share/perl/5.40 /usr/local/lib/site_perl) at /usr/share/perl5/Debconf/FrontEnd/Readline.pm line 8, <STDIN> line 27.)\ndebconf: falling back to frontend: Teletype\ndebconf: unable to initialize frontend: Teletype\ndebconf: (This frontend requires a controlling tty.)\ndebconf: falling back to frontend: Noninteractive\n"
 },
 {
  "probe": "p-c4",
  "cmd.txt": "/tmp/v/bin/pip freeze && n=$(/tmp/v/bin/pip freeze | grep -vi '^schedule==' | wc -l); echo \"extra_packages=$n\"; test \"$n\" -eq 0 && /tmp/v/bin/pip show schedule | grep -E '^Requires: *$' && echo 'Requires: (empty) confirmed' && du -sh /tmp/v/lib/python*/site-packages/schedule",
  "exit_code": "0",
  "stdout.log": "schedule==1.2.2\nextra_packages=0\nRequires: \nRequires: (empty) confirmed\n80K\t/tmp/v/lib/python3.11/site-packages/schedule\n",
  "stderr.log": "",
  "phase_a.log": "Collecting schedule\n  Downloading schedule-1.2.2-py3-none-any.whl.metadata (3.8 kB)\nDownloading schedule-1.2.2-py3-none-any.whl (12 kB)\nInstalling collected packages: schedule\nSuccessfully installed schedule-1.2.2\n\n--stderr--\n"
 },
 {
  "probe": "p-c5",
  "cmd.txt": "python -c \"import schedule\ndef job():\n    print(\\\"I'm working...\\\")\nschedule.every(10).seconds.do(job)\nn=len(schedule.get_jobs()); print('registered jobs:', n); assert n==1\"",
  "exit_code": "0",
  "stdout.log": "registered jobs: 1\n",
  "stderr.log": "",
  "phase_a.log": "Collecting https://github.com/dbader/schedule/archive/82a43db1b938d8fdf60103bd41f329e06c8d3651.tar.gz\n  Downloading https://github.com/dbader/schedule/archive/82a43db1b938d8fdf60103bd41f329e06c8d3651.tar.gz (40 kB)\n     \u2501\u2501\u2501\u2501\u2501\u2501\u2501\u2501\u2501\u2501\u2501\u2501\u2501\u2501\u2501\u2501\u2501\u2501\u2501\u2501\u2501\u2501\u2501\u2501\u2501\u2501\u2501\u2501\u2501\u2501\u2501\u2501\u2501\u2501\u2501\u2501\u2501\u2501\u2501\u2501 41.0/41.0 kB 1.5 MB/s eta 0:00:00\n  Installing build dependencies: started\n  Installing build dependencies: finished with status 'done'\n  Getting requirements to build wheel: started\n  Getting requirements to build wheel: finished with status 'done'\n  Preparing metadata (pyproject.toml): started\n  Preparing metadata (pyproject.toml): finished with status 'done'\nBuilding wheels for collected packages: schedule\n  Building wheel for schedule (pyproject.toml): started\n  Building wheel for schedule (pyproject.toml): finished with status 'done'\n  Created wheel for schedule: filename=schedule-1.2.2-py3-none-any.whl size=12319 sha256=8202e70728159eeadcf6994e1cebdd7c422d770013254c89bf5f86e169a699b0\n  Stored in directory: /tmp/pip-ephem-wheel-cache-wi0eh_rc/wheels/83/26/6e/2fb7be450b99ddad6318a28afc6e940b03fa37a6ad98ccd65e\nSuccessfully built schedule\nInstalling collected packages: schedule\nSuccessfully installed schedule-1.2.2\n\n--stderr--\nWARNING: Running pip as the 'root' user can result in broken permissions and conflicting behaviour with the system package manager. It is recommended to use a virtual environment instead: https://pip.pypa.io/warnings/venv\n"
 },
 {
  "probe": "p-c6",
  "cmd.txt": "python -c \"import schedule\ndef job():\n    print(\\\"I'm working...\\\")\nj=schedule.every().day.at('10:30').do(job)\nprint('next_run:', j.next_run); assert j.next_run.hour==10 and j.next_run.minute==30; print('ok')\"",
  "exit_code": "0",
  "stdout.log": "next_run: 2026-08-29 10:30:00\nok\n",
  "stderr.log": "",
  "phase_a.log": "Collecting https://github.com/dbader/schedule/archive/82a43db1b938d8fdf60103bd41f329e06c8d3651.tar.gz\n  Downloading https://github.com/dbader/schedule/archive/82a43db1b938d8fdf60103bd41f329e06c8d3651.tar.gz (40 kB)\n     \u2501\u2501\u2501\u2501\u2501\u2501\u2501\u2501\u2501\u2501\u2501\u2501\u2501\u2501\u2501\u2501\u2501\u2501\u2501\u2501\u2501\u2501\u2501\u2501\u2501\u2501\u2501\u2501\u2501\u2501\u2501\u2501\u2501\u2501\u2501\u2501\u2501\u2501\u2501 41.0/41.0 kB 846.8 kB/s eta 0:00:00\n  Installing build dependencies: started\n  Installing build dependencies: finished with status 'done'\n  Getting requirements to build wheel: started\n  Getting requirements to build wheel: finished with status 'done'\n  Preparing metadata (pyproject.toml): started\n  Preparing metadata (pyproject.toml): finished with status 'done'\nBuilding wheels for collected packages: schedule\n  Building wheel for schedule (pyproject.toml): started\n  Building wheel for schedule (pyproject.toml): finished with status 'done'\n  Created wheel for schedule: filename=schedule-1.2.2-py3-none-any.whl size=12319 sha256=7ff33049155cd9843267b1b06376f7f0625d6c160d4a553c20ea8e550426a5fd\n  Stored in directory: /tmp/pip-ephem-wheel-cache-fmf_es1u/wheels/83/26/6e/2fb7be450b99ddad6318a28afc6e940b03fa37a6ad98ccd65e\nSuccessfully built schedule\nInstalling collected packages: schedule\nSuccessfully installed schedule-1.2.2\n\n--stderr--\nWARNING: Running pip as the 'root' user can result in broken permissions and conflicting behaviour with the system package manager. It is recommended to use a virtual environment instead: https://pip.pypa.io/warnings/venv\n"
 },
 {
  "probe": "p-c7",
  "cmd.txt": "/tmp/vtz/bin/pip freeze && ! /tmp/vtz/bin/pip show pytz >/dev/null 2>&1 && echo 'pytz absent (fresh env confirmed)' && /tmp/vtz/bin/python -c \"import schedule\ndef job():\n    print(\\\"I'm working...\\\")\ntry:\n    j=schedule.every().day.at('12:42', 'Europe/Amsterdam').do(job)\n    print('RESULT: works out of the box; next_run', j.next_run)\nexcept Exception as e:\n    print('RESULT: raised', type(e).__name__+':', e)\n    raise SystemExit(1)\"",
  "exit_code": "1",
  "stdout.log": "schedule @ https://github.com/dbader/schedule/archive/82a43db1b938d8fdf60103bd41f329e06c8d3651.tar.gz#sha256=6699f94c272021e165c0063cac769206694590827e0dce7f82d8bf81fb5a3683\npytz absent (fresh env confirmed)\nRESULT: raised ModuleNotFoundError: No module named 'pytz'\n",
  "stderr.log": "",
  "phase_a.log": "Collecting https://github.com/dbader/schedule/archive/82a43db1b938d8fdf60103bd41f329e06c8d3651.tar.gz\n  Downloading https://github.com/dbader/schedule/archive/82a43db1b938d8fdf60103bd41f329e06c8d3651.tar.gz (40 kB)\n     \u2501\u2501\u2501\u2501\u2501\u2501\u2501\u2501\u2501\u2501\u2501\u2501\u2501\u2501\u2501\u2501\u2501\u2501\u2501\u2501\u2501\u2501\u2501\u2501\u2501\u2501\u2501\u2501\u2501\u2501\u2501\u2501\u2501\u2501\u2501\u2501\u2501\u2501\u2501\u2501 41.0/41.0 kB 1.6 MB/s eta 0:00:00\n  Installing build dependencies: started\n  Installing build dependencies: finished with status 'done'\n  Getting requirements to build wheel: started\n  Getting requirements to build wheel: finished with status 'done'\n  Preparing metadata (pyproject.toml): started\n  Preparing metadata (pyproject.toml): finished with status 'done'\nBuilding wheels for collected packages: schedule\n  Building wheel for schedule (pyproject.toml): started\n  Building wheel for schedule (pyproject.toml): finished with status 'done'\n  Created wheel for schedule: filename=schedule-1.2.2-py3-none-any.whl size=12319 sha256=710dbcc19a305d39e21501f6519bbb852faa6a1d195f4c046c0c6a8952f0692a\n  Stored in directory: /tmp/pip-ephem-wheel-cache-6zfn6179/wheels/83/26/6e/2fb7be450b99ddad6318a28afc6e940b03fa37a6ad98ccd65e\nSuccessfully built schedule\nInstalling collected packages: schedule\nSuccessfully installed schedule-1.2.2\n\n--stderr--\n"
 },
 {
  "probe": "p-c8",
  "cmd.txt": "python -c \"import schedule\ndef job():\n    print(\\\"I'm working...\\\")\nj=schedule.every().minute.at(':17').do(job)\nprint('next_run:', j.next_run); assert j.next_run.second==17; print('ok')\"",
  "exit_code": "0",
  "stdout.log": "next_run: 2026-08-28 20:28:17\nok\n",
  "stderr.log": "",
  "phase_a.log": "Collecting https://github.com/dbader/schedule/archive/82a43db1b938d8fdf60103bd41f329e06c8d3651.tar.gz\n  Downloading https://github.com/dbader/schedule/archive/82a43db1b938d8fdf60103bd41f329e06c8d3651.tar.gz (40 kB)\n     \u2501\u2501\u2501\u2501\u2501\u2501\u2501\u2501\u2501\u2501\u2501\u2501\u2501\u2501\u2501\u2501\u2501\u2501\u2501\u2501\u2501\u2501\u2501\u2501\u2501\u2501\u2501\u2501\u2501\u2501\u2501\u2501\u2501\u2501\u2501\u2501\u2501\u2501\u2501\u2501 41.0/41.0 kB 1.5 MB/s eta 0:00:00\n  Installing build dependencies: started\n  Installing build dependencies: finished with status 'done'\n  Getting requirements to build wheel: started\n  Getting requirements to build wheel: finished with status 'done'\n  Preparing metadata (pyproject.toml): started\n  Preparing metadata (pyproject.toml): finished with status 'done'\nBuilding wheels for collected packages: schedule\n  Building wheel for schedule (pyproject.toml): started\n  Building wheel for schedule (pyproject.toml): finished with status 'done'\n  Created wheel for schedule: filename=schedule-1.2.2-py3-none-any.whl size=12319 sha256=671a45b44c9288a7163ec5aaa3fce08ef976fb61a10b7187a9347b6e81f763a1\n  Stored in directory: /tmp/pip-ephem-wheel-cache-wxhhcew6/wheels/83/26/6e/2fb7be450b99ddad6318a28afc6e940b03fa37a6ad98ccd65e\nSuccessfully built schedule\nInstalling collected packages: schedule\nSuccessfully installed schedule-1.2.2\n\n--stderr--\nWARNING: Running pip as the 'root' user can result in broken permissions and conflicting behaviour with the system package manager. It is recommended to use a virtual environment instead: https://pip.pypa.io/warnings/venv\n"
 },
 {
  "probe": "p-c9",
  "cmd.txt": "python -c \"import schedule, time\nhits=[]\nschedule.every(1).seconds.do(lambda: hits.append(1))\nschedule.run_pending()\nassert not hits, 'job ran before it was due'\ntime.sleep(1.2)\nschedule.run_pending()\nassert hits, 'job did not run after 1.2s'\nprint('job invoked', len(hits), 'time(s) after 1.2s')\"",
  "exit_code": "0",
  "stdout.log": "job invoked 1 time(s) after 1.2s\n",
  "stderr.log": "",
  "phase_a.log": "Collecting https://github.com/dbader/schedule/archive/82a43db1b938d8fdf60103bd41f329e06c8d3651.tar.gz\n  Downloading https://github.com/dbader/schedule/archive/82a43db1b938d8fdf60103bd41f329e06c8d3651.tar.gz (40 kB)\n     \u2501\u2501\u2501\u2501\u2501\u2501\u2501\u2501\u2501\u2501\u2501\u2501\u2501\u2501\u2501\u2501\u2501\u2501\u2501\u2501\u2501\u2501\u2501\u2501\u2501\u2501\u2501\u2501\u2501\u2501\u2501\u2501\u2501\u2501\u2501\u2501\u2501\u2501\u2501\u2501 41.0/41.0 kB 1.5 MB/s eta 0:00:00\n  Installing build dependencies: started\n  Installing build dependencies: finished with status 'done'\n  Getting requirements to build wheel: started\n  Getting requirements to build wheel: finished with status 'done'\n  Preparing metadata (pyproject.toml): started\n  Preparing metadata (pyproject.toml): finished with status 'done'\nBuilding wheels for collected packages: schedule\n  Building wheel for schedule (pyproject.toml): started\n  Building wheel for schedule (pyproject.toml): finished with status 'done'\n  Created wheel for schedule: filename=schedule-1.2.2-py3-none-any.whl size=12319 sha256=93d9b6424122af0b1512538e9139c89d7c2aa348e9c4c9f6cfb49ef81097ed41\n  Stored in directory: /tmp/pip-ephem-wheel-cache-3cmmtagl/wheels/83/26/6e/2fb7be450b99ddad6318a28afc6e940b03fa37a6ad98ccd65e\nSuccessfully built schedule\nInstalling collected packages: schedule\nSuccessfully installed schedule-1.2.2\n\n--stderr--\nWARNING: Running pip as the 'root' user can result in broken permissions and conflicting behaviour with the system package manager. It is recommended to use a virtual environment instead: https://pip.pypa.io/warnings/venv\n"
 }
]