
--stderr--
Unable to find image 'python:3.11-slim' locally
3.11-slim: Pulling from library/python
6310eb16bf42: Pulling fs layer
87e1b7cce023: Pulling fs layer
c86306e32cd0: Pulling fs layer
a14578096eda: Pulling fs layer
a14578096eda: Waiting
87e1b7cce023: Verifying Checksum
87e1b7cce023: Download complete
a14578096eda: Verifying Checksum
a14578096eda: Download complete
c86306e32cd0: Verifying Checksum
c86306e32cd0: Download complete
6310eb16bf42: Verifying Checksum
6310eb16bf42: Download complete
6310eb16bf42: Pull complete
87e1b7cce023: Pull complete
c86306e32cd0: Pull complete
a14578096eda: Pull complete
Digest: sha256:1042b61448fef4ba92d16a8c7eb4996d027568ce64792a7877fd88511e0af7c6
Status: Downloaded newer image for python:3.11-slim
