---- _nixkeyboard.listen source ----
def listen(callback):
    build_device()
    build_tables()

    while True:
        time, type, code, value, device_id = device.read_event()
        if type != EV_KEY:
            continue

        scan_code = code
        event_type = KEY_DOWN if value else KEY_UP # 0 = UP, 1 = DOWN, 2 = HOLD

        pressed_modifiers_tuple = tuple(sorted(pressed_modifiers))
        names = to_name[(scan_code, pressed_modifiers_tuple)] or to_name[(scan_code, ())] or ['unknown']
        name = names[0]
            
        if name in all_modifiers:
            if event_type == KEY_DOWN:
                pressed_modifiers.add(name)
            else:
                pressed_modifiers.discard(name)

        is_keypad = scan_code in keypad_scan_codes
        callback(KeyboardEvent(event_type=event_type, scan_code=scan_code, name=name, time=time, device=device_id, is_keypad=is_keypad, modifiers=pressed_modifiers_tuple))

suppress mentions: linux backend 0, windows backend 0
linux listen consults hook return value (required to block a key): False
windows backend consults hook return value: True; return -1 present: True
block_key(a) on linux: FileNotFoundError: [Errno 2] No such file or directory: 'dumpkeys'
VERDICT_LINE: PASS linux backend never consults the hook return value so suppress/block cannot work on linux; windows backend does
