ce4147b6c8f8a132f772be0929d58305eb22c5d9
Obtaining file:///tmp/humanize
  Installing build dependencies: started
  Installing build dependencies: finished with status 'done'
  Checking if build backend supports build_editable: started
  Checking if build backend supports build_editable: finished with status 'done'
  Getting requirements to build editable: started
  Getting requirements to build editable: finished with status 'done'
  Installing backend dependencies: started
  Installing backend dependencies: finished with status 'done'
  Preparing editable metadata (pyproject.toml): started
  Preparing editable metadata (pyproject.toml): finished with status 'done'
Building wheels for collected packages: humanize
  Building editable for humanize (pyproject.toml): started
  Building editable for humanize (pyproject.toml): finished with status 'done'
  Created wheel for humanize: filename=humanize-4.16.1.dev9-py3-none-any.whl size=4395 sha256=a16d60cdf132c5428c776cd4dfa373fee851b8337e0cc6b0c4022bc7a5c003f2
  Stored in directory: /tmp/pip-ephem-wheel-cache-p6s4l1u2/wheels/05/f0/80/637c6fc852ffa3cf42250232efbcafd8b2f8f0581662e1cc97
Successfully built humanize
Installing collected packages: humanize
Successfully installed humanize-4.16.1.dev9

--stderr--
debconf: unable to initialize frontend: Dialog
debconf: (TERM is not set, so the dialog frontend is not usable.)
debconf: falling back to frontend: Readline
debconf: unable to initialize frontend: Readline
debconf: (Can't locate Term/ReadLine.pm in @INC (you may need to install the Term::ReadLine module) (@INC entries checked: /etc/perl /usr/local/lib/x86_64-linux-gnu/perl/5.40.1 /usr/local/share/perl/5.40.1 /usr/lib/x86_64-linux-gnu/perl5/5.40 /usr/share/perl5 /usr/lib/x86_64-linux-gnu/perl-base /usr/lib/x86_64-linux-gnu/perl/5.40 /usr/share/perl/5.40 /usr/local/lib/site_perl) at /usr/share/perl5/Debconf/FrontEnd/Readline.pm line 8, <STDIN> line 31.)
debconf: falling back to frontend: Teletype
debconf: unable to initialize frontend: Teletype
debconf: (This frontend requires a controlling tty.)
debconf: falling back to frontend: Noninteractive
Cloning into '/tmp/humanize'...
WARNING: Running pip as the 'root' user can result in broken permissions and conflicting behaviour with the system package manager. It is recommended to use a virtual environment instead: https://pip.pypa.io/warnings/venv

[notice] A new release of pip is available: 24.0 -> 26.2.1
[notice] To update, run: pip install --upgrade pip
