  396 data/pennsmall/test.txt
 3225 data/pennsmall/train.txt
  890 data/pennsmall/valid.txt
 4511 total
main_exit=0
Saving model (new best validation)
=========================================================================================
| End of training | test loss  7.10 | test ppl  1218.03 | test bpc   10.250
=========================================================================================
-rw-r--r-- 1 root root 83039388 Aug 30 02:13 PTB.pt
pointer_exit=1
    dampening: 0
    lr: 30
    momentum: 0
    nesterov: False
    weight_decay: 1.2e-06
)]
Traceback (most recent call last):
  File "pointer.py", line 124, in <module>
    val_loss = evaluate(val_data, test_batch_size)
  File "pointer.py", line 62, in evaluate
    model.eval()
AttributeError: 'list' object has no attribute 'eval'
VERDICT_LINE: FAIL pointer.py failed in the documented env torch 0.4.1 (README: pointer unfinished after the 0.4 port): pointer_exit=1 AttributeError: 'list' object has no attribute 'eval'
