[
 {
  "probe": "p-c1",
  "cmd.txt": "/tmp/v/bin/pip install parse && /tmp/v/bin/python -c 'import parse; print(\"installed parse version:\", parse.__version__); print(\"VERDICT_LINE: PASS pip install parse succeeded and import parse works\")' || echo \"VERDICT_LINE: FAIL pip install parse or import parse failed\"",
  "exit_code": "0",
  "stdout.log": "Collecting parse\n  Downloading parse-1.22.1-py2.py3-none-any.whl.metadata (21 kB)\nDownloading parse-1.22.1-py2.py3-none-any.whl (20 kB)\nInstalling collected packages: parse\nSuccessfully installed parse-1.22.1\ninstalled parse version: 1.22.1\nVERDICT_LINE: PASS pip install parse succeeded and import parse works\n",
  "stderr.log": "\n[notice] A new release of pip is available: 24.0 -> 26.2.1\n[notice] To update, run: python3 -m pip install --upgrade pip\n",
  "phase_a.log": "\n--stderr--\nUnable to find image 'python:3.11-slim' locally\n3.11-slim: Pulling from library/python\n6310eb16bf42: Pulling fs layer\n87e1b7cce023: Pulling fs layer\nc86306e32cd0: Pulling fs layer\na14578096eda: Pulling fs layer\na14578096eda: Waiting\n87e1b7cce023: Verifying Checksum\n87e1b7cce023: Download complete\na14578096eda: Verifying Checksum\na14578096eda: Download complete\nc86306e32cd0: Download complete\n6310eb16bf42: Verifying Checksum\n6310eb16bf42: Download complete\n6310eb16bf42: Pull complete\n87e1b7cce023: Pull complete\nc86306e32cd0: Pull complete\na14578096eda: Pull complete\nDigest: sha256:1042b61448fef4ba92d16a8c7eb4996d027568ce64792a7877fd88511e0af7c6\nStatus: Downloaded newer image for python:3.11-slim\n"
 },
 {
  "probe": "p-c10",
  "cmd.txt": "python3 -c 'from parse import parse; a=parse(\"{:.2}{:.2}\", \"look\"); b=parse(\"{:4}{:.4}\", \"look at that\"); c=parse(\"{:2d}{:2d}\", \"0440\"); print(\"results:\", repr(a), repr(b), repr(c)); assert a.fixed==(\"lo\",\"ok\"), repr(a); assert b.fixed==(\"look at \",\"that\"), repr(b); assert c.fixed==(4,40), repr(c); print(\"VERDICT_LINE: PASS width/precision examples match README\")' || echo \"VERDICT_LINE: FAIL width/precision results differ from README\"",
  "exit_code": "0",
  "stdout.log": "results: <Result ('lo', 'ok') {}> <Result ('look at ', 'that') {}> <Result (4, 40) {}>\nVERDICT_LINE: PASS width/precision examples match README\n",
  "stderr.log": "",
  "phase_a.log": "\n--stderr--\nWARNING: Running pip as the 'root' user can result in broken permissions and conflicting behaviour with the system package manager. It is recommended to use a virtual environment instead: https://pip.pypa.io/warnings/venv\n\n[notice] A new release of pip is available: 24.0 -> 26.2.1\n[notice] To update, run: pip install --upgrade pip\n"
 },
 {
  "probe": "p-c11",
  "cmd.txt": "printf '%s\\n' 'from parse import parse, with_pattern' '@with_pattern(r\"\\d+\")' 'def parse_number(text):' '    return int(text)' 'r = parse(\"Answer: {number:Number}\", \"Answer: 42\", {\"Number\": parse_number})' 'print(\"repr:\", repr(r), \"type:\", type(r[\"number\"]).__name__)' 'assert r.fixed == () and r.named == {\"number\": 42} and isinstance(r[\"number\"], int), repr(r)' 'print(\"VERDICT_LINE: PASS with_pattern converter yields int 42 in named result\")' > /tmp/p11.py && python3 /tmp/p11.py || echo \"VERDICT_LINE: FAIL with_pattern example differs from README\"",
  "exit_code": "0",
  "stdout.log": "repr: <Result () {'number': 42}> type: int\nVERDICT_LINE: PASS with_pattern converter yields int 42 in named result\n",
  "stderr.log": "",
  "phase_a.log": "\n--stderr--\nWARNING: Running pip as the 'root' user can result in broken permissions and conflicting behaviour with the system package manager. It is recommended to use a virtual environment instead: https://pip.pypa.io/warnings/venv\n\n[notice] A new release of pip is available: 24.0 -> 26.2.1\n[notice] To update, run: pip install --upgrade pip\n"
 },
 {
  "probe": "p-c12",
  "cmd.txt": "cd /tmp/parse && .venv/bin/pip install -q -r tests/requirements.txt && .venv/bin/pip install -q -e . && .venv/bin/python -c 'import parse; print(\"parse imported from:\", parse.__file__)' && .venv/bin/pytest -q > /tmp/pytest.log 2>&1; rc=$?; tail -n 12 /tmp/pytest.log; echo \"pytest exit code: $rc\"; test \"$rc\" -eq 0 && echo \"VERDICT_LINE: PASS pip -r tests/requirements.txt, pip -e ., pytest all exit 0 at pinned commit\" || echo \"VERDICT_LINE: FAIL developer flow failed with exit code $rc\"",
  "exit_code": "0",
  "stdout.log": "parse imported from: /tmp/parse/parse/__init__.py\n..............................................................s......... [ 72%]\n............................                                             [100%]\n================================ tests coverage ================================\n_______________ coverage: platform linux, python 3.11.16-final-0 _______________\n\nName                Stmts   Miss Branch BrPart  Cover   Missing\n---------------------------------------------------------------\nparse/__init__.py     551     19    244     10    96%   133, 136, 141, 248, 291, 404, 448, 456-460, 473-475, 491, 523->525, 546->548, 640-643, 842->846, 855\n---------------------------------------------------------------\nTOTAL                 551     19    244     10    96%\n99 passed, 1 skipped in 0.56s\npytest exit code: 0\nVERDICT_LINE: PASS pip -r tests/requirements.txt, pip -e ., pytest all exit 0 at pinned commit\n",
  "stderr.log": "\n[notice] A new release of pip is available: 24.0 -> 26.2.1\n[notice] To update, run: python3 -m pip install --upgrade pip\n\n[notice] A new release of pip is available: 24.0 -> 26.2.1\n[notice] To update, run: python3 -m pip install --upgrade pip\n",
  "phase_a.log": "\n--stderr--\n"
 },
 {
  "probe": "p-c2",
  "cmd.txt": "python3 -c 'import parse; print(\"__all__:\", parse.__all__); assert set(parse.__all__)=={\"parse\",\"search\",\"findall\",\"with_pattern\"}, parse.__all__; ns={}; exec(\"from parse import *\", ns); got={k for k in ns if not k.startswith(\"__\")}; print(\"import * names:\", sorted(got)); assert got=={\"parse\",\"search\",\"findall\",\"with_pattern\"}, sorted(got); print(\"VERDICT_LINE: PASS import * exports exactly parse,search,findall,with_pattern; compile not exported\")' || echo \"VERDICT_LINE: FAIL import * export set differs from README\"",
  "exit_code": "0",
  "stdout.log": "__all__: ['parse', 'search', 'findall', 'with_pattern']\nimport * names: ['findall', 'parse', 'search', 'with_pattern']\nVERDICT_LINE: PASS import * exports exactly parse,search,findall,with_pattern; compile not exported\n",
  "stderr.log": "",
  "phase_a.log": "\n--stderr--\nWARNING: Running pip as the 'root' user can result in broken permissions and conflicting behaviour with the system package manager. It is recommended to use a virtual environment instead: https://pip.pypa.io/warnings/venv\n\n[notice] A new release of pip is available: 24.0 -> 26.2.1\n[notice] To update, run: pip install --upgrade pip\n"
 },
 {
  "probe": "p-c3",
  "cmd.txt": "python3 -c \"from parse import parse; r=parse(\\\"It's {}, I love it!\\\", \\\"It's spam, I love it!\\\"); print('repr:', repr(r)); assert repr(r)==\\\"<Result ('spam',) {}>\\\", repr(r); assert r[0]=='spam', r[0]; print('VERDICT_LINE: PASS repr and r[0] match README')\" || echo \"VERDICT_LINE: FAIL parse result differs from README\"",
  "exit_code": "0",
  "stdout.log": "repr: <Result ('spam',) {}>\nVERDICT_LINE: PASS repr and r[0] match README\n",
  "stderr.log": "",
  "phase_a.log": "\n--stderr--\nWARNING: Running pip as the 'root' user can result in broken permissions and conflicting behaviour with the system package manager. It is recommended to use a virtual environment instead: https://pip.pypa.io/warnings/venv\n\n[notice] A new release of pip is available: 24.0 -> 26.2.1\n[notice] To update, run: pip install --upgrade pip\n"
 },
 {
  "probe": "p-c4",
  "cmd.txt": "python3 -c 'from parse import search; r=search(\"Age: {:d}\\n\", \"Name: Rufus\\nAge: 42\\nColor: red\\n\"); print(\"repr:\", repr(r), \"type:\", type(r[0]).__name__); assert repr(r)==\"<Result (42,) {}>\", repr(r); assert r[0]==42 and isinstance(r[0], int), repr(r[0]); print(\"VERDICT_LINE: PASS search returns int 42 as README shows\")' || echo \"VERDICT_LINE: FAIL search result differs from README\"",
  "exit_code": "0",
  "stdout.log": "repr: <Result (42,) {}> type: int\nVERDICT_LINE: PASS search returns int 42 as README shows\n",
  "stderr.log": "",
  "phase_a.log": "\n--stderr--\nWARNING: Running pip as the 'root' user can result in broken permissions and conflicting behaviour with the system package manager. It is recommended to use a virtual environment instead: https://pip.pypa.io/warnings/venv\n\n[notice] A new release of pip is available: 24.0 -> 26.2.1\n[notice] To update, run: pip install --upgrade pip\n"
 },
 {
  "probe": "p-c5",
  "cmd.txt": "python3 -c 'from parse import findall; s=\"\".join(r[0] for r in findall(\">{}<\", \"<p>the <b>bold</b> text</p>\")); print(\"joined:\", repr(s)); assert s==\"the bold text\", s; print(\"VERDICT_LINE: PASS findall join equals the bold text\")' || echo \"VERDICT_LINE: FAIL findall output differs from README\"",
  "exit_code": "0",
  "stdout.log": "joined: 'the bold text'\nVERDICT_LINE: PASS findall join equals the bold text\n",
  "stderr.log": "",
  "phase_a.log": "\n--stderr--\nWARNING: Running pip as the 'root' user can result in broken permissions and conflicting behaviour with the system package manager. It is recommended to use a virtual environment instead: https://pip.pypa.io/warnings/venv\n\n[notice] A new release of pip is available: 24.0 -> 26.2.1\n[notice] To update, run: pip install --upgrade pip\n"
 },
 {
  "probe": "p-c6",
  "cmd.txt": "python3 -c \"from parse import compile; p=compile(\\\"It's {}, I love it!\\\"); exp='<Parser ' + chr(34) + \\\"It's {}, I love it!\\\" + chr(34) + '>'; print('str(p):', str(p)); assert str(p)==exp, str(p); r=p.parse(\\\"It's spam, I love it!\\\"); print('repr:', repr(r)); assert repr(r)==\\\"<Result ('spam',) {}>\\\", repr(r); print('VERDICT_LINE: PASS compile() Parser str and parse result match README')\" || echo \"VERDICT_LINE: FAIL compile()/Parser output differs from README\"",
  "exit_code": "0",
  "stdout.log": "str(p): <Parser \"It's {}, I love it!\">\nrepr: <Result ('spam',) {}>\nVERDICT_LINE: PASS compile() Parser str and parse result match README\n",
  "stderr.log": "",
  "phase_a.log": "\n--stderr--\nWARNING: Running pip as the 'root' user can result in broken permissions and conflicting behaviour with the system package manager. It is recommended to use a virtual environment instead: https://pip.pypa.io/warnings/venv\n\n[notice] A new release of pip is available: 24.0 -> 26.2.1\n[notice] To update, run: pip install --upgrade pip\n"
 },
 {
  "probe": "p-c7",
  "cmd.txt": "python3 -c 'from parse import parse; a=parse(\"SPAM\", \"spam\"); b=parse(\"SPAM\", \"spam\", case_sensitive=True); print(\"default:\", repr(a), \"case_sensitive=True:\", repr(b)); assert a is not None, \"default match should be case-insensitive\"; assert b is None, repr(b); print(\"VERDICT_LINE: PASS case-insensitive by default, None with case_sensitive=True\")' || echo \"VERDICT_LINE: FAIL case sensitivity behaviour differs from README\"",
  "exit_code": "0",
  "stdout.log": "default: <Result () {}> case_sensitive=True: None\nVERDICT_LINE: PASS case-insensitive by default, None with case_sensitive=True\n",
  "stderr.log": "",
  "phase_a.log": "\n--stderr--\nWARNING: Running pip as the 'root' user can result in broken permissions and conflicting behaviour with the system package manager. It is recommended to use a virtual environment instead: https://pip.pypa.io/warnings/venv\n\n[notice] A new release of pip is available: 24.0 -> 26.2.1\n[notice] To update, run: pip install --upgrade pip\n"
 },
 {
  "probe": "p-c8",
  "cmd.txt": "python3 -c \"from parse import parse; r=parse('Bring out the holy {item}', 'Bring out the holy hand grenade'); print('str:', str(r), 'named:', r.named); assert str(r)==\\\"<Result () {'item': 'hand grenade'}>\\\", str(r); assert r.named=={'item': 'hand grenade'}, r.named; assert r['item']=='hand grenade', r['item']; assert 'item' in r; print('VERDICT_LINE: PASS named field str/named/getitem/in all match README')\" || echo \"VERDICT_LINE: FAIL named field behaviour differs from README\"",
  "exit_code": "0",
  "stdout.log": "str: <Result () {'item': 'hand grenade'}> named: {'item': 'hand grenade'}\nVERDICT_LINE: PASS named field str/named/getitem/in all match README\n",
  "stderr.log": "",
  "phase_a.log": "\n--stderr--\nWARNING: Running pip as the 'root' user can result in broken permissions and conflicting behaviour with the system package manager. It is recommended to use a virtual environment instead: https://pip.pypa.io/warnings/venv\n\n[notice] A new release of pip is available: 24.0 -> 26.2.1\n[notice] To update, run: pip install --upgrade pip\n"
 },
 {
  "probe": "p-c9",
  "cmd.txt": "python3 -c 'import datetime as dt; from parse import parse; a=parse(\"{:%Y-%m-%d %H:%M:%S}\", \"2023-11-23 12:56:47\"); b=parse(\"{:%H:%M}\", \"10:26\"); c=parse(\"{:%Y/%m/%d}\", \"2023/11/25\"); print(\"results:\", repr(a), repr(b), repr(c)); assert a[0]==dt.datetime(2023,11,23,12,56,47) and type(a[0]) is dt.datetime, repr(a); assert b[0]==dt.time(10,26) and type(b[0]) is dt.time, repr(b); assert c[0]==dt.date(2023,11,25) and type(c[0]) is dt.date, repr(c); print(\"VERDICT_LINE: PASS strptime specs yield datetime, time and date as README shows\")' || echo \"VERDICT_LINE: FAIL strptime-style type specs differ from README\"",
  "exit_code": "0",
  "stdout.log": "results: <Result (datetime.datetime(2023, 11, 23, 12, 56, 47),) {}> <Result (datetime.time(10, 26),) {}> <Result (datetime.date(2023, 11, 25),) {}>\nVERDICT_LINE: PASS strptime specs yield datetime, time and date as README shows\n",
  "stderr.log": "",
  "phase_a.log": "\n--stderr--\nWARNING: Running pip as the 'root' user can result in broken permissions and conflicting behaviour with the system package manager. It is recommended to use a virtual environment instead: https://pip.pypa.io/warnings/venv\n\n[notice] A new release of pip is available: 24.0 -> 26.2.1\n[notice] To update, run: pip install --upgrade pip\n"
 }
]