[
 {
  "probe": "p-c1",
  "cmd.txt": "/tmp/v/bin/python -c 'import humanize; print(\"HUMANIZE_VERSION\", humanize.__version__)' && /tmp/v/bin/python -c 'import humanize' && echo PROBE_OK",
  "exit_code": "0",
  "stdout.log": "HUMANIZE_VERSION 4.16.0\nPROBE_OK\n",
  "stderr.log": "",
  "phase_a.log": "Collecting humanize\n  Downloading humanize-4.16.0-py3-none-any.whl.metadata (8.0 kB)\nDownloading humanize-4.16.0-py3-none-any.whl (137 kB)\n   \u2501\u2501\u2501\u2501\u2501\u2501\u2501\u2501\u2501\u2501\u2501\u2501\u2501\u2501\u2501\u2501\u2501\u2501\u2501\u2501\u2501\u2501\u2501\u2501\u2501\u2501\u2501\u2501\u2501\u2501\u2501\u2501\u2501\u2501\u2501\u2501\u2501\u2501\u2501\u2501 137.2/137.2 kB 11.6 MB/s eta 0:00:00\nInstalling collected packages: humanize\nSuccessfully installed humanize-4.16.0\n\n--stderr--\nUnable to find image 'python:3.11-slim' locally\n3.11-slim: Pulling from library/python\n6310eb16bf42: Pulling fs layer\n87e1b7cce023: Pulling fs layer\nc86306e32cd0: Pulling fs layer\na14578096eda: Pulling fs layer\na14578096eda: Waiting\n87e1b7cce023: Verifying Checksum\n87e1b7cce023: Download complete\nc86306e32cd0: Verifying Checksum\nc86306e32cd0: Download complete\na14578096eda: Verifying Checksum\na14578096eda: Download complete\n6310eb16bf42: Verifying Checksum\n6310eb16bf42: Download complete\n6310eb16bf42: Pull complete\n87e1b7cce023: Pull complete\nc86306e32cd0: Pull complete\na14578096eda: Pull complete\nDigest: sha256:1042b61448fef4ba92d16a8c7eb4996d027568ce64792a7877fd88511e0af7c6\nStatus: Downloaded newer image for python:3.11-slim\n\n[notice] A new release of pip is available: 24.0 -> 26.2.1\n[notice] To update, run: python -m pip install --upgrade pip\n"
 },
 {
  "probe": "p-c10",
  "cmd.txt": "PYTHONIOENCODING=utf-8 python3 -c \"import humanize, datetime as dt; before=humanize.naturaltime(dt.timedelta(seconds=3)); _t=humanize.i18n.activate('ru_RU'); ru=humanize.naturaltime(dt.timedelta(seconds=3)); humanize.i18n.deactivate(); after=humanize.naturaltime(dt.timedelta(seconds=3)); print('RESULT', repr(before), repr(ru), repr(after)); assert before == '3 seconds ago', repr(before); assert ru == '3 \\u0441\\u0435\\u043a\\u0443\\u043d\\u0434\\u044b \\u043d\\u0430\\u0437\\u0430\\u0434', repr(ru); assert after == '3 seconds ago', repr(after)\" && echo PROBE_OK",
  "exit_code": "0",
  "stdout.log": "RESULT '3 seconds ago' '3 \u0441\u0435\u043a\u0443\u043d\u0434\u044b \u043d\u0430\u0437\u0430\u0434' '3 seconds ago'\nPROBE_OK\n",
  "stderr.log": "",
  "phase_a.log": "Collecting humanize\n  Downloading humanize-4.16.0-py3-none-any.whl.metadata (8.0 kB)\nDownloading humanize-4.16.0-py3-none-any.whl (137 kB)\n   \u2501\u2501\u2501\u2501\u2501\u2501\u2501\u2501\u2501\u2501\u2501\u2501\u2501\u2501\u2501\u2501\u2501\u2501\u2501\u2501\u2501\u2501\u2501\u2501\u2501\u2501\u2501\u2501\u2501\u2501\u2501\u2501\u2501\u2501\u2501\u2501\u2501\u2501\u2501\u2501 137.2/137.2 kB 10.9 MB/s eta 0:00:00\nInstalling collected packages: humanize\nSuccessfully installed humanize-4.16.0\n\n--stderr--\nWARNING: Running pip as the 'root' user can result in broken permissions and conflicting behaviour with the system package manager. It is recommended to use a virtual environment instead: https://pip.pypa.io/warnings/venv\n\n[notice] A new release of pip is available: 24.0 -> 26.2.1\n[notice] To update, run: pip install --upgrade pip\n"
 },
 {
  "probe": "p-c11",
  "cmd.txt": "python3 -c \"import json; runs=json.load(open('/tmp/runs.json'))['workflow_runs']; [print('RUN', r['head_sha'][:12], r['created_at'], r['conclusion']) for r in runs]; assert runs, 'no completed Test runs on main'; latest=runs[0]; print('LATEST_CONCLUSION', latest['conclusion']); assert latest['conclusion']=='success', latest['conclusion']\" && echo PROBE_OK",
  "exit_code": "0",
  "stdout.log": "RUN ce4147b6c8f8 2026-08-01T09:18:47Z success\nRUN 8a01306c2d2d 2026-08-01T07:49:24Z success\nRUN 9140152a404b 2026-08-01T07:49:09Z success\nRUN 42b4a1dbcdcb 2026-07-25T13:58:41Z success\nRUN c3a124cdeb27 2026-07-06T21:53:40Z success\nLATEST_CONCLUSION success\nPROBE_OK\n",
  "stderr.log": "",
  "phase_a.log": "\n--stderr--\ndebconf: unable to initialize frontend: Dialog\ndebconf: (TERM is not set, so the dialog frontend is not usable.)\ndebconf: falling back to frontend: Readline\ndebconf: unable to initialize frontend: Readline\ndebconf: (Can't locate Term/ReadLine.pm in @INC (you may need to install the Term::ReadLine module) (@INC entries checked: /etc/perl /usr/local/lib/x86_64-linux-gnu/perl/5.40.1 /usr/local/share/perl/5.40.1 /usr/lib/x86_64-linux-gnu/perl5/5.40 /usr/share/perl5 /usr/lib/x86_64-linux-gnu/perl-base /usr/lib/x86_64-linux-gnu/perl/5.40 /usr/share/perl/5.40 /usr/local/lib/site_perl) at /usr/share/perl5/Debconf/FrontEnd/Readline.pm line 8, <STDIN> line 27.)\ndebconf: falling back to frontend: Teletype\ndebconf: unable to initialize frontend: Teletype\ndebconf: (This frontend requires a controlling tty.)\ndebconf: falling back to frontend: Noninteractive\n"
 },
 {
  "probe": "p-c2",
  "cmd.txt": "cd / && python3 -c 'import humanize, os; print(\"HUMANIZE_FILE\", humanize.__file__); assert humanize.__file__.startswith(\"/tmp/humanize/\"), humanize.__file__' && cd / && python3 -c 'import humanize; print(\"HUMANIZE_VERSION\", humanize.__version__)' && echo PROBE_OK",
  "exit_code": "0",
  "stdout.log": "HUMANIZE_FILE /tmp/humanize/src/humanize/__init__.py\nHUMANIZE_VERSION 4.16.1.dev9\nPROBE_OK\n",
  "stderr.log": "",
  "phase_a.log": "Obtaining file:///tmp/humanize\n  Installing build dependencies: started\n  Installing build dependencies: finished with status 'done'\n  Checking if build backend supports build_editable: started\n  Checking if build backend supports build_editable: finished with status 'done'\n  Getting requirements to build editable: started\n  Getting requirements to build editable: finished with status 'done'\n  Installing backend dependencies: started\n  Installing backend dependencies: finished with status 'done'\n  Preparing editable metadata (pyproject.toml): started\n  Preparing editable metadata (pyproject.toml): finished with status 'done'\nBuilding wheels for collected packages: humanize\n  Building editable for humanize (pyproject.toml): started\n  Building editable for humanize (pyproject.toml): finished with status 'done'\n  Created wheel for humanize: filename=humanize-4.16.1.dev9-py3-none-any.whl size=4395 sha256=a16d60cdf132c5428c776cd4dfa373fee851b8337e0cc6b0c4022bc7a5c003f2\n  Stored in directory: /tmp/pip-ephem-wheel-cache-v167_fhp/wheels/05/f0/80/637c6fc852ffa3cf42250232efbcafd8b2f8f0581662e1cc97\nSuccessfully built humanize\nInstalling collected packages: humanize\nSuccessfully installed humanize-4.16.1.dev9\n\n--stderr--\ndebconf: unable to initialize frontend: Dialog\ndebconf: (TERM is not set, so the dialog frontend is not usable.)\ndebconf: falling back to frontend: Readline\ndebconf: unable to initialize frontend: Readline\ndebconf: (Can't locate Term/ReadLine.pm in @INC (you may need to install the Term::ReadLine module) (@INC entries checked: /etc/perl /usr/local/lib/x86_64-linux-gnu/perl/5.40.1 /usr/local/share/perl/5.40.1 /usr/lib/x86_64-linux-gnu/perl5/5.40 /usr/share/perl5 /usr/lib/x86_64-linux-gnu/perl-base /usr/lib/x86_64-linux-gnu/perl/5.40 /usr/share/perl/5.40 /usr/local/lib/site_perl) at /usr/share/perl5/Debconf/FrontEnd/Readline.pm line 8, <STDIN> line 49.)\ndebconf: falling back to frontend: Teletype\ndebconf: unable to initialize frontend: Teletype\ndebconf: (This frontend requires a controlling tty.)\ndebconf: falling back to frontend: Noninteractive\nCloning into '/tmp/humanize'...\nWARNING: Running pip as the 'root' user can result in broken permissions and conflicting behaviour with the system package manager. It is recommended to use a virtual environment instead: https://pip.pypa.io/warnings/venv\n\n[notice] A new release of pip is available: 24.0 -> 26.2.1\n[notice] To update, run: pip install --upgrade pip\n"
 },
 {
  "probe": "p-c3",
  "cmd.txt": "python3 -c \"import json; d=json.load(open('/tmp/pypi.json'))['info']; print('REQUIRES_PYTHON', d['requires_python']); print('CLASSIFIERS', [c for c in d['classifiers'] if 'Python ::' in c])\" && python3 -c \"import json; d=json.load(open('/tmp/pypi.json'))['info']; assert d['requires_python']=='>=3.10', d['requires_python']\" && echo PROBE_OK",
  "exit_code": "0",
  "stdout.log": "REQUIRES_PYTHON >=3.10\nCLASSIFIERS ['Programming Language :: Python :: 3 :: Only', 'Programming Language :: Python :: 3.10', 'Programming Language :: Python :: 3.11', 'Programming Language :: Python :: 3.12', 'Programming Language :: Python :: 3.13', 'Programming Language :: Python :: 3.14', 'Programming Language :: Python :: 3.15', 'Programming Language :: Python :: Implementation :: CPython', 'Programming Language :: Python :: Implementation :: PyPy']\nPROBE_OK\n",
  "stderr.log": "",
  "phase_a.log": "\n--stderr--\ndebconf: unable to initialize frontend: Dialog\ndebconf: (TERM is not set, so the dialog frontend is not usable.)\ndebconf: falling back to frontend: Readline\ndebconf: unable to initialize frontend: Readline\ndebconf: (Can't locate Term/ReadLine.pm in @INC (you may need to install the Term::ReadLine module) (@INC entries checked: /etc/perl /usr/local/lib/x86_64-linux-gnu/perl/5.40.1 /usr/local/share/perl/5.40.1 /usr/lib/x86_64-linux-gnu/perl5/5.40 /usr/share/perl5 /usr/lib/x86_64-linux-gnu/perl-base /usr/lib/x86_64-linux-gnu/perl/5.40 /usr/share/perl/5.40 /usr/local/lib/site_perl) at /usr/share/perl5/Debconf/FrontEnd/Readline.pm line 8, <STDIN> line 27.)\ndebconf: falling back to frontend: Teletype\ndebconf: unable to initialize frontend: Teletype\ndebconf: (This frontend requires a controlling tty.)\ndebconf: falling back to frontend: Noninteractive\n"
 },
 {
  "probe": "p-c4",
  "cmd.txt": "python3 -c \"import humanize; r=humanize.intcomma(12345); print('RESULT', repr(r)); assert r == '12,345', repr(r)\" && echo PROBE_OK",
  "exit_code": "0",
  "stdout.log": "RESULT '12,345'\nPROBE_OK\n",
  "stderr.log": "",
  "phase_a.log": "Collecting humanize\n  Downloading humanize-4.16.0-py3-none-any.whl.metadata (8.0 kB)\nDownloading humanize-4.16.0-py3-none-any.whl (137 kB)\n   \u2501\u2501\u2501\u2501\u2501\u2501\u2501\u2501\u2501\u2501\u2501\u2501\u2501\u2501\u2501\u2501\u2501\u2501\u2501\u2501\u2501\u2501\u2501\u2501\u2501\u2501\u2501\u2501\u2501\u2501\u2501\u2501\u2501\u2501\u2501\u2501\u2501\u2501\u2501\u2501 137.2/137.2 kB 11.8 MB/s eta 0:00:00\nInstalling collected packages: humanize\nSuccessfully installed humanize-4.16.0\n\n--stderr--\nWARNING: Running pip as the 'root' user can result in broken permissions and conflicting behaviour with the system package manager. It is recommended to use a virtual environment instead: https://pip.pypa.io/warnings/venv\n\n[notice] A new release of pip is available: 24.0 -> 26.2.1\n[notice] To update, run: pip install --upgrade pip\n"
 },
 {
  "probe": "p-c5",
  "cmd.txt": "python3 -c \"import humanize; r=humanize.intword(123455913); print('RESULT', repr(r)); assert r == '123.5 million', repr(r)\" && echo PROBE_OK",
  "exit_code": "0",
  "stdout.log": "RESULT '123.5 million'\nPROBE_OK\n",
  "stderr.log": "",
  "phase_a.log": "Collecting humanize\n  Downloading humanize-4.16.0-py3-none-any.whl.metadata (8.0 kB)\nDownloading humanize-4.16.0-py3-none-any.whl (137 kB)\n   \u2501\u2501\u2501\u2501\u2501\u2501\u2501\u2501\u2501\u2501\u2501\u2501\u2501\u2501\u2501\u2501\u2501\u2501\u2501\u2501\u2501\u2501\u2501\u2501\u2501\u2501\u2501\u2501\u2501\u2501\u2501\u2501\u2501\u2501\u2501\u2501\u2501\u2501\u2501\u2501 137.2/137.2 kB 11.4 MB/s eta 0:00:00\nInstalling collected packages: humanize\nSuccessfully installed humanize-4.16.0\n\n--stderr--\nWARNING: Running pip as the 'root' user can result in broken permissions and conflicting behaviour with the system package manager. It is recommended to use a virtual environment instead: https://pip.pypa.io/warnings/venv\n\n[notice] A new release of pip is available: 24.0 -> 26.2.1\n[notice] To update, run: pip install --upgrade pip\n"
 },
 {
  "probe": "p-c6",
  "cmd.txt": "python3 -c \"import humanize, datetime as dt; r=humanize.naturaldelta(dt.timedelta(seconds=1001)); print('RESULT', repr(r)); assert r == '16 minutes', repr(r)\" && echo PROBE_OK",
  "exit_code": "1",
  "stdout.log": "RESULT '17 minutes'\n",
  "stderr.log": "Traceback (most recent call last):\n  File \"<string>\", line 1, in <module>\nAssertionError: '17 minutes'\n",
  "phase_a.log": "Collecting humanize\n  Downloading humanize-4.16.0-py3-none-any.whl.metadata (8.0 kB)\nDownloading humanize-4.16.0-py3-none-any.whl (137 kB)\n   \u2501\u2501\u2501\u2501\u2501\u2501\u2501\u2501\u2501\u2501\u2501\u2501\u2501\u2501\u2501\u2501\u2501\u2501\u2501\u2501\u2501\u2501\u2501\u2501\u2501\u2501\u2501\u2501\u2501\u2501\u2501\u2501\u2501\u2501\u2501\u2501\u2501\u2501\u2501\u2501 137.2/137.2 kB 9.8 MB/s eta 0:00:00\nInstalling collected packages: humanize\nSuccessfully installed humanize-4.16.0\n\n--stderr--\nWARNING: Running pip as the 'root' user can result in broken permissions and conflicting behaviour with the system package manager. It is recommended to use a virtual environment instead: https://pip.pypa.io/warnings/venv\n\n[notice] A new release of pip is available: 24.0 -> 26.2.1\n[notice] To update, run: pip install --upgrade pip\n"
 },
 {
  "probe": "p-c7",
  "cmd.txt": "python3 -c \"import humanize; a=humanize.naturalsize(1_000_000); b=humanize.naturalsize(1_000_000, binary=True); print('RESULT', repr(a), repr(b)); assert a == '1.0 MB', repr(a); assert b == '976.6 KiB', repr(b)\" && echo PROBE_OK",
  "exit_code": "0",
  "stdout.log": "RESULT '1.0 MB' '976.6 KiB'\nPROBE_OK\n",
  "stderr.log": "",
  "phase_a.log": "Collecting humanize\n  Downloading humanize-4.16.0-py3-none-any.whl.metadata (8.0 kB)\nDownloading humanize-4.16.0-py3-none-any.whl (137 kB)\n   \u2501\u2501\u2501\u2501\u2501\u2501\u2501\u2501\u2501\u2501\u2501\u2501\u2501\u2501\u2501\u2501\u2501\u2501\u2501\u2501\u2501\u2501\u2501\u2501\u2501\u2501\u2501\u2501\u2501\u2501\u2501\u2501\u2501\u2501\u2501\u2501\u2501\u2501\u2501\u2501 137.2/137.2 kB 9.7 MB/s eta 0:00:00\nInstalling collected packages: humanize\nSuccessfully installed humanize-4.16.0\n\n--stderr--\nWARNING: Running pip as the 'root' user can result in broken permissions and conflicting behaviour with the system package manager. It is recommended to use a virtual environment instead: https://pip.pypa.io/warnings/venv\n\n[notice] A new release of pip is available: 24.0 -> 26.2.1\n[notice] To update, run: pip install --upgrade pip\n"
 },
 {
  "probe": "p-c8",
  "cmd.txt": "python3 -c \"import humanize; r=humanize.fractional(1/3); print('RESULT', repr(r)); assert r == '1/3', repr(r)\" && echo PROBE_OK",
  "exit_code": "0",
  "stdout.log": "RESULT '1/3'\nPROBE_OK\n",
  "stderr.log": "",
  "phase_a.log": "Collecting humanize\n  Downloading humanize-4.16.0-py3-none-any.whl.metadata (8.0 kB)\nDownloading humanize-4.16.0-py3-none-any.whl (137 kB)\n   \u2501\u2501\u2501\u2501\u2501\u2501\u2501\u2501\u2501\u2501\u2501\u2501\u2501\u2501\u2501\u2501\u2501\u2501\u2501\u2501\u2501\u2501\u2501\u2501\u2501\u2501\u2501\u2501\u2501\u2501\u2501\u2501\u2501\u2501\u2501\u2501\u2501\u2501\u2501\u2501 137.2/137.2 kB 9.5 MB/s eta 0:00:00\nInstalling collected packages: humanize\nSuccessfully installed humanize-4.16.0\n\n--stderr--\nWARNING: Running pip as the 'root' user can result in broken permissions and conflicting behaviour with the system package manager. It is recommended to use a virtual environment instead: https://pip.pypa.io/warnings/venv\n\n[notice] A new release of pip is available: 24.0 -> 26.2.1\n[notice] To update, run: pip install --upgrade pip\n"
 },
 {
  "probe": "p-c9",
  "cmd.txt": "PYTHONIOENCODING=utf-8 python3 -c \"import humanize; r=humanize.scientific(0.3); print('RESULT', repr(r)); assert r == '3.00 x 10\\u207b\\u00b9', repr(r)\" && echo PROBE_OK",
  "exit_code": "0",
  "stdout.log": "RESULT '3.00 x 10\u207b\u00b9'\nPROBE_OK\n",
  "stderr.log": "",
  "phase_a.log": "Collecting humanize\n  Downloading humanize-4.16.0-py3-none-any.whl.metadata (8.0 kB)\nDownloading humanize-4.16.0-py3-none-any.whl (137 kB)\n   \u2501\u2501\u2501\u2501\u2501\u2501\u2501\u2501\u2501\u2501\u2501\u2501\u2501\u2501\u2501\u2501\u2501\u2501\u2501\u2501\u2501\u2501\u2501\u2501\u2501\u2501\u2501\u2501\u2501\u2501\u2501\u2501\u2501\u2501\u2501\u2501\u2501\u2501\u2501\u2501 137.2/137.2 kB 12.0 MB/s eta 0:00:00\nInstalling collected packages: humanize\nSuccessfully installed humanize-4.16.0\n\n--stderr--\nWARNING: Running pip as the 'root' user can result in broken permissions and conflicting behaviour with the system package manager. It is recommended to use a virtual environment instead: https://pip.pypa.io/warnings/venv\n\n[notice] A new release of pip is available: 24.0 -> 26.2.1\n[notice] To update, run: pip install --upgrade pip\n"
 }
]