[
 {
  "probe": "p-c1",
  "cmd.txt": "python --version && cat /pip.log && grep -q 'PIP_RC=0' /pip.log && . /venv/bin/activate && pip show pydub | grep -E '^(Name|Version):'",
  "exit_code": "0",
  "stdout.log": "Python 3.13.15\nCollecting pydub\n  Downloading pydub-0.25.1-py2.py3-none-any.whl.metadata (1.4 kB)\nDownloading pydub-0.25.1-py2.py3-none-any.whl (32 kB)\nInstalling collected packages: pydub\nSuccessfully installed pydub-0.25.1\nPIP_RC=0\nName: pydub\nVersion: 0.25.1\n",
  "stderr.log": "",
  "phase_a.log": "\n--stderr--\nUnable to find image 'python:3.13-slim' locally\n3.13-slim: Pulling from library/python\n6310eb16bf42: Pulling fs layer\n64c7e6efa7cd: Pulling fs layer\n357a46282089: Pulling fs layer\nd64904dff413: Pulling fs layer\nd64904dff413: Waiting\n64c7e6efa7cd: Verifying Checksum\n64c7e6efa7cd: Download complete\nd64904dff413: Verifying Checksum\nd64904dff413: Download complete\n357a46282089: Verifying Checksum\n357a46282089: Download complete\n6310eb16bf42: Verifying Checksum\n6310eb16bf42: Download complete\n6310eb16bf42: Pull complete\n64c7e6efa7cd: Pull complete\n357a46282089: Pull complete\nd64904dff413: Pull complete\nDigest: sha256:7ce4b6dfe35e55397b7cda544f8a13f191b7ae28dc5aad71fe664dbc9bc2623f\nStatus: Downloaded newer image for python:3.13-slim\n"
 },
 {
  "probe": "p-c10",
  "cmd.txt": "python -c \"import wave; w=wave.open('seven.wav','rb'); print('wav_seconds', w.getnframes()/w.getframerate())\" && python -c \"from pydub import AudioSegment; seg = AudioSegment.from_wav('seven.wav'); n=len(seg); print('len()', n, 'duration_seconds', seg.duration_seconds); assert abs(n - 7*1000) <= 1, n; print('LEN_IS_MILLISECONDS_OK')\"",
  "exit_code": "0",
  "stdout.log": "wav_seconds 7.0\nlen() 7000 duration_seconds 7.0\nLEN_IS_MILLISECONDS_OK\n",
  "stderr.log": "/repo/pydub/utils.py:174: RuntimeWarning: Couldn't find ffmpeg or avconv - defaulting to ffmpeg, but may not work\n  warn(\"Couldn't find ffmpeg or avconv - defaulting to ffmpeg, but may not work\", RuntimeWarning)\n",
  "phase_a.log": "Collecting pydub\n  Downloading pydub-0.25.1-py2.py3-none-any.whl.metadata (1.4 kB)\nDownloading pydub-0.25.1-py2.py3-none-any.whl (32 kB)\nInstalling collected packages: pydub\nSuccessfully installed pydub-0.25.1\n\n--stderr--\nWARNING: Running pip as the 'root' user can result in broken permissions and conflicting behaviour with the system package manager, possibly rendering your system unusable. It is recommended to use a virtual environment instead: https://pip.pypa.io/warnings/venv. Use the --root-user-action option if you know what you are doing and want to suppress this warning.\n\n[notice] A new release of pip is available: 25.0.1 -> 26.2.1\n[notice] To update, run: pip install --upgrade pip\n"
 },
 {
  "probe": "p-c11",
  "cmd.txt": "python -c \"from pydub import AudioSegment\nsong = AudioSegment.from_wav('song.wav')\nbefore = bytes(song.raw_data); before_len = len(song); before_db = song.dBFS\n# song is not modified\nbackwards = song.reverse()\nlouder = song + 6\nfaded = song.fade_in(1000).fade_out(1000)\nclip = song[:1000]\nassert bytes(song.raw_data) == before and len(song) == before_len and song.dBFS == before_db, 'original mutated'\nassert bytes(backwards.raw_data) != before, 'reverse returned identical data'\nassert bytes(backwards.reverse().raw_data) == before, 'double reverse != original'\nassert bytes(louder.raw_data) != before and bytes(faded.raw_data) != before and len(clip) == 1000\nassert backwards is not song and louder is not song and faded is not song\nprint('IMMUTABLE_OPS_RETURN_NEW_OBJECTS_OK')\"",
  "exit_code": "0",
  "stdout.log": "IMMUTABLE_OPS_RETURN_NEW_OBJECTS_OK\n",
  "stderr.log": "/repo/pydub/utils.py:174: RuntimeWarning: Couldn't find ffmpeg or avconv - defaulting to ffmpeg, but may not work\n  warn(\"Couldn't find ffmpeg or avconv - defaulting to ffmpeg, but may not work\", RuntimeWarning)\n",
  "phase_a.log": "Collecting pydub\n  Downloading pydub-0.25.1-py2.py3-none-any.whl.metadata (1.4 kB)\nDownloading pydub-0.25.1-py2.py3-none-any.whl (32 kB)\nInstalling collected packages: pydub\nSuccessfully installed pydub-0.25.1\n\n--stderr--\nWARNING: Running pip as the 'root' user can result in broken permissions and conflicting behaviour with the system package manager, possibly rendering your system unusable. It is recommended to use a virtual environment instead: https://pip.pypa.io/warnings/venv. Use the --root-user-action option if you know what you are doing and want to suppress this warning.\n\n[notice] A new release of pip is available: 25.0.1 -> 26.2.1\n[notice] To update, run: pip install --upgrade pip\n"
 },
 {
  "probe": "p-c2",
  "cmd.txt": "python --version && python -c 'import audioop' > audioop.log 2>&1; echo STDLIB_AUDIOOP_RC=$?; cat audioop.log && python -c \"from pydub import AudioSegment\" > import.log 2>&1; rc=$?; cat import.log; echo IMPORT_RC=$rc; grep -qi audioop import.log && echo VERDICT_HINT=import_fails_because_audioop_removed; exit $rc",
  "exit_code": "1",
  "stdout.log": "Python 3.13.15\nSTDLIB_AUDIOOP_RC=1\nTraceback (most recent call last):\n  File \"<string>\", line 1, in <module>\n    import audioop\nModuleNotFoundError: No module named 'audioop'\nTraceback (most recent call last):\n  File \"/repo/pydub/utils.py\", line 15, in <module>\n    import audioop\nModuleNotFoundError: No module named 'audioop'\n\nDuring handling of the above exception, another exception occurred:\n\nTraceback (most recent call last):\n  File \"<string>\", line 1, in <module>\n    from pydub import AudioSegment\n  File \"/repo/pydub/__init__.py\", line 1, in <module>\n    from .audio_segment import AudioSegment\n  File \"/repo/pydub/audio_segment.py\", line 11, in <module>\n    from .utils import mediainfo_json, fsdecode\n  File \"/repo/pydub/utils.py\", line 17, in <module>\n    import pyaudioop as audioop\nModuleNotFoundError: No module named 'pyaudioop'\nIMPORT_RC=1\nVERDICT_HINT=import_fails_because_audioop_removed\n",
  "stderr.log": "",
  "phase_a.log": "Collecting pydub\n  Downloading pydub-0.25.1-py2.py3-none-any.whl.metadata (1.4 kB)\nDownloading pydub-0.25.1-py2.py3-none-any.whl (32 kB)\nInstalling collected packages: pydub\nSuccessfully installed pydub-0.25.1\n\n--stderr--\nWARNING: Running pip as the 'root' user can result in broken permissions and conflicting behaviour with the system package manager, possibly rendering your system unusable. It is recommended to use a virtual environment instead: https://pip.pypa.io/warnings/venv. Use the --root-user-action option if you know what you are doing and want to suppress this warning.\n"
 },
 {
  "probe": "p-c3",
  "cmd.txt": "command -v ffmpeg avconv ffprobe && { echo FFMPEG_PRESENT_PROBE_INVALID; exit 2; } || echo NO_FFMPEG_ON_PATH && python -c \"import wave,math,struct; fr=8000; n=fr*20; w=wave.open('in.wav','wb'); w.setnchannels(1); w.setsampwidth(2); w.setframerate(fr); w.writeframes(b''.join(struct.pack('<h',int(8000*math.sin(2*math.pi*440*i/fr))) for i in range(n))); w.close()\" && python -c \"from pydub import AudioSegment; s=AudioSegment.from_wav('in.wav'); print('loaded_ms',len(s)); s.export('out.wav', format='wav'); import wave; w=wave.open('out.wav','rb'); print('out_frames',w.getnframes(),'rate',w.getframerate(),'ch',w.getnchannels()); assert w.getnframes()==8000*20 and w.getframerate()==8000; print('PURE_PYTHON_WAV_ROUNDTRIP_OK')\"",
  "exit_code": "0",
  "stdout.log": "NO_FFMPEG_ON_PATH\nloaded_ms 20000\nout_frames 160000 rate 8000 ch 1\nPURE_PYTHON_WAV_ROUNDTRIP_OK\n",
  "stderr.log": "/repo/pydub/utils.py:174: RuntimeWarning: Couldn't find ffmpeg or avconv - defaulting to ffmpeg, but may not work\n  warn(\"Couldn't find ffmpeg or avconv - defaulting to ffmpeg, but may not work\", RuntimeWarning)\n",
  "phase_a.log": "Collecting pydub\n  Downloading pydub-0.25.1-py2.py3-none-any.whl.metadata (1.4 kB)\nDownloading pydub-0.25.1-py2.py3-none-any.whl (32 kB)\nInstalling collected packages: pydub\nSuccessfully installed pydub-0.25.1\n\n--stderr--\nUnable to find image 'python:3.12-slim' locally\n3.12-slim: Pulling from library/python\n6310eb16bf42: Already exists\na0d8783128af: Pulling fs layer\nb79f58b3eb94: Pulling fs layer\n48579d87405c: Pulling fs layer\n48579d87405c: Verifying Checksum\n48579d87405c: Download complete\na0d8783128af: Verifying Checksum\na0d8783128af: Download complete\nb79f58b3eb94: Verifying Checksum\nb79f58b3eb94: Download complete\na0d8783128af: Pull complete\nb79f58b3eb94: Pull complete\n48579d87405c: Pull complete\nDigest: sha256:09f7da3bc104798d0afb40bc08d23ab2da20a76130cec1f2ef170848f5d85217\nStatus: Downloaded newer image for python:3.12-slim\nWARNING: Running pip as the 'root' user can result in broken permissions and conflicting behaviour with the system package manager, possibly rendering your system unusable. It is recommended to use a virtual environment instead: https://pip.pypa.io/warnings/venv. Use the --root-user-action option if you know what you are doing and want to suppress this warning.\n\n[notice] A new release of pip is available: 25.0.1 -> 26.2.1\n[notice] To update, run: pip install --upgrade pip\n"
 },
 {
  "probe": "p-c4",
  "cmd.txt": "command -v ffmpeg && echo FFMPEG_AT=$(command -v ffmpeg) && PATH=/usr/local/bin sh -c 'command -v ffmpeg avconv; echo PATH_WITHOUT_FFMPEG_CHECK_RC=$?' && PATH=/usr/local/bin python -c \"import warnings; warnings.simplefilter('always'); from pydub import AudioSegment\nwith warnings.catch_warnings(record=True) as ws:\n    try:\n        AudioSegment.from_mp3('test.mp3'); print('UNEXPECTED_SUCCESS_WITHOUT_FFMPEG'); raise SystemExit(1)\n    except Exception as e:\n        print('no-ffmpeg error:', type(e).__name__, e)\nmsgs=' '.join(str(w.message) for w in ws); print('warnings:', msgs); assert 'ffmpeg' in msgs.lower() or 'avconv' in msgs.lower(); print('FAILS_WITHOUT_FFMPEG_OK')\" && python -c \"from pydub import AudioSegment; s=AudioSegment.from_mp3('test.mp3'); print('with ffmpeg len_ms', len(s)); assert 2900 <= len(s) <= 3200; print('SUCCEEDS_WITH_FFMPEG_OK')\"",
  "exit_code": "127",
  "stdout.log": "/usr/bin/ffmpeg\nFFMPEG_AT=/usr/bin/ffmpeg\n",
  "stderr.log": "bash: line 1: sh: command not found\n",
  "phase_a.log": "Collecting pydub\n  Downloading pydub-0.25.1-py2.py3-none-any.whl.metadata (1.4 kB)\nDownloading pydub-0.25.1-py2.py3-none-any.whl (32 kB)\nInstalling collected packages: pydub\nSuccessfully installed pydub-0.25.1\n-rw-r--r-- 1 root root 12451 Aug 28 19:36 test.mp3\n\n--stderr--\nWARNING: Running pip as the 'root' user can result in broken permissions and conflicting behaviour with the system package manager, possibly rendering your system unusable. It is recommended to use a virtual environment instead: https://pip.pypa.io/warnings/venv. Use the --root-user-action option if you know what you are doing and want to suppress this warning.\n\n[notice] A new release of pip is available: 25.0.1 -> 26.2.1\n[notice] To update, run: pip install --upgrade pip\ndebconf: unable to initialize frontend: Dialog\ndebconf: (TERM is not set, so the dialog frontend is not usable.)\ndebconf: falling back to frontend: Readline\ndebconf: unable to initialize frontend: Readline\ndebconf: (Can't locate Term/ReadLine.pm in @INC (you may need to install the Term::ReadLine module) (@INC entries checked: /etc/perl /usr/local/lib/x86_64-linux-gnu/perl/5.40.1 /usr/local/share/perl/5.40.1 /usr/lib/x86_64-linux-gnu/perl5/5.40 /usr/share/perl5 /usr/lib/x86_64-linux-gnu/perl-base /usr/lib/x86_64-linux-gnu/perl/5.40 /usr/share/perl/5.40 /usr/local/lib/site_perl) at /usr/share/perl5/Debconf/FrontEnd/Readline.pm line 8, <STDIN> line 205.)\ndebconf: falling back to frontend: Teletype\ndebconf: unable to initialize frontend: Teletype\ndebconf: (This frontend requires a controlling tty.)\ndebconf: falling back to frontend: Noninteractive\n"
 },
 {
  "probe": "p-c5",
  "cmd.txt": "cat travis_badge.log travis_page.log travis_api.log && echo '--- badge svg (first 800 bytes) ---'; head -c 800 travis_badge.svg; echo && echo '--- api json (first 800 bytes) ---'; head -c 800 travis_api.json; echo && grep -qi 'passing' travis_badge.svg && ! grep -qi 'unknown' travis_badge.svg && grep -qi '\"state\": *\"passed\"' travis_api.json && echo TRAVIS_BADGE_BACKED_BY_LIVE_PASSING_BUILD",
  "exit_code": "2",
  "stdout.log": "\n--- api json (first 800 bytes) ---\n\n",
  "stderr.log": "cat: travis_badge.log: No such file or directory\ncat: travis_page.log: No such file or directory\ncat: travis_api.log: No such file or directory\nhead: cannot open 'travis_badge.svg' for reading: No such file or directory\nhead: cannot open 'travis_api.json' for reading: No such file or directory\ngrep: travis_badge.svg: No such file or directory\n",
  "phase_a.log": "\n--stderr--\nUnable to find image 'python:3.11-slim' locally\n3.11-slim: Pulling from library/python\n6310eb16bf42: Already exists\n87e1b7cce023: Pulling fs layer\nc86306e32cd0: Pulling fs layer\na14578096eda: Pulling fs layer\na14578096eda: Verifying Checksum\na14578096eda: Download complete\n87e1b7cce023: Verifying Checksum\n87e1b7cce023: Download complete\nc86306e32cd0: Verifying Checksum\nc86306e32cd0: Download complete\n87e1b7cce023: Pull complete\nc86306e32cd0: Pull complete\na14578096eda: Pull complete\nDigest: sha256:1042b61448fef4ba92d16a8c7eb4996d027568ce64792a7877fd88511e0af7c6\nStatus: Downloaded newer image for python:3.11-slim\nbash: line 12: warning: here-document at line 1 delimited by end-of-file (wanted `EOF')\n"
 },
 {
  "probe": "p-c6",
  "cmd.txt": "cat appveyor_badge.log appveyor_api.log && echo '--- badge svg (first 800 bytes) ---'; head -c 800 appveyor_badge.svg; echo && python -c \"import json,datetime\nd=json.load(open('appveyor_api.json')); b=d.get('build',{})\nprint('status:', b.get('status'), 'finished:', b.get('finished'), 'commit:', b.get('commitId'))\nfin=datetime.datetime.fromisoformat(b['finished'][:19]); age=(datetime.datetime.utcnow()-fin).days\nprint('build_age_days:', age)\nassert b.get('status')=='success', 'last master build not success'\nassert age <= 365, 'last master build is stale (>1 year old)'\nprint('APPVEYOR_RECENT_PASSING_BUILD')\" && grep -qi 'passing' appveyor_badge.svg && echo APPVEYOR_BADGE_SAYS_PASSING",
  "exit_code": "1",
  "stdout.log": "\n",
  "stderr.log": "cat: appveyor_badge.log: No such file or directory\ncat: appveyor_api.log: No such file or directory\nhead: cannot open 'appveyor_badge.svg' for reading: No such file or directory\nTraceback (most recent call last):\n  File \"<string>\", line 2, in <module>\nFileNotFoundError: [Errno 2] No such file or directory: 'appveyor_api.json'\n",
  "phase_a.log": "\n--stderr--\nbash: line 12: warning: here-document at line 1 delimited by end-of-file (wanted `EOF')\n"
 },
 {
  "probe": "p-c7",
  "cmd.txt": "python -c \"from pydub import AudioSegment\nsong = AudioSegment.from_wav('never_gonna_give_you_up.wav')\n# pydub does things in milliseconds\nten_seconds = 10 * 1000\nfirst_10_seconds = song[:ten_seconds]\nlast_5_seconds = song[-5000:]\nbeginning = first_10_seconds + 6\nend = last_5_seconds - 3\nwithout_the_middle = beginning + end\nprint('song_ms', len(song), 'first10_ms', len(first_10_seconds), 'last5_ms', len(last_5_seconds), 'concat_s', without_the_middle.duration_seconds)\nassert len(first_10_seconds) == 10000 and len(last_5_seconds) == 5000\nassert without_the_middle.duration_seconds == 15.0\nprint('SLICING_MS_AND_15S_OK')\"",
  "exit_code": "0",
  "stdout.log": "song_ms 20000 first10_ms 10000 last5_ms 5000 concat_s 15.0\nSLICING_MS_AND_15S_OK\n",
  "stderr.log": "/repo/pydub/utils.py:174: RuntimeWarning: Couldn't find ffmpeg or avconv - defaulting to ffmpeg, but may not work\n  warn(\"Couldn't find ffmpeg or avconv - defaulting to ffmpeg, but may not work\", RuntimeWarning)\n",
  "phase_a.log": "Collecting pydub\n  Downloading pydub-0.25.1-py2.py3-none-any.whl.metadata (1.4 kB)\nDownloading pydub-0.25.1-py2.py3-none-any.whl (32 kB)\nInstalling collected packages: pydub\nSuccessfully installed pydub-0.25.1\n\n--stderr--\nWARNING: Running pip as the 'root' user can result in broken permissions and conflicting behaviour with the system package manager, possibly rendering your system unusable. It is recommended to use a virtual environment instead: https://pip.pypa.io/warnings/venv. Use the --root-user-action option if you know what you are doing and want to suppress this warning.\n\n[notice] A new release of pip is available: 25.0.1 -> 26.2.1\n[notice] To update, run: pip install --upgrade pip\n"
 },
 {
  "probe": "p-c8",
  "cmd.txt": "python -c \"from pydub import AudioSegment\nseg = AudioSegment.from_wav('tone.wav')\nup = seg + 6\ndown = seg - 3\nd_up = up.dBFS - seg.dBFS; d_down = down.dBFS - seg.dBFS\nprint('base_dBFS', seg.dBFS, 'plus6_delta', d_up, 'minus3_delta', d_down)\nassert abs(d_up - 6.0) < 0.2, d_up\nassert abs(d_down + 3.0) < 0.2, d_down\nprint('GAIN_ARITHMETIC_DB_OK')\"",
  "exit_code": "0",
  "stdout.log": "base_dBFS -15.258810683417497 plus6_delta 6.00061290290359 minus3_delta -3.0003066396312406\nGAIN_ARITHMETIC_DB_OK\n",
  "stderr.log": "/repo/pydub/utils.py:174: RuntimeWarning: Couldn't find ffmpeg or avconv - defaulting to ffmpeg, but may not work\n  warn(\"Couldn't find ffmpeg or avconv - defaulting to ffmpeg, but may not work\", RuntimeWarning)\n",
  "phase_a.log": "Collecting pydub\n  Downloading pydub-0.25.1-py2.py3-none-any.whl.metadata (1.4 kB)\nDownloading pydub-0.25.1-py2.py3-none-any.whl (32 kB)\nInstalling collected packages: pydub\nSuccessfully installed pydub-0.25.1\n\n--stderr--\nWARNING: Running pip as the 'root' user can result in broken permissions and conflicting behaviour with the system package manager, possibly rendering your system unusable. It is recommended to use a virtual environment instead: https://pip.pypa.io/warnings/venv. Use the --root-user-action option if you know what you are doing and want to suppress this warning.\n\n[notice] A new release of pip is available: 25.0.1 -> 26.2.1\n[notice] To update, run: pip install --upgrade pip\n"
 },
 {
  "probe": "p-c9",
  "cmd.txt": "ffmpeg -version | head -1 && python -c \"from pydub import AudioSegment; song = AudioSegment.from_wav('tone.wav'); song.export('out.ogg', format='ogg'); song.export('out_explicit.ogg', format='ogg', codec='libvorbis'); print('exported')\" && ffprobe -v error -select_streams a:0 -show_entries stream=codec_name -of default=noprint_wrappers=1:nokey=1 out.ogg | tee codec_default.txt && ffprobe -v error -select_streams a:0 -show_entries stream=codec_name -of default=noprint_wrappers=1:nokey=1 out_explicit.ogg | tee codec_explicit.txt && grep -qx vorbis codec_default.txt && grep -qx vorbis codec_explicit.txt && echo OGG_DEFAULT_CODEC_IS_VORBIS",
  "exit_code": "0",
  "stdout.log": "ffmpeg version 7.1.5-0+deb13u1 Copyright (c) 2000-2026 the FFmpeg developers\nexported\nvorbis\nvorbis\nOGG_DEFAULT_CODEC_IS_VORBIS\n",
  "stderr.log": "",
  "phase_a.log": "Collecting pydub\n  Downloading pydub-0.25.1-py2.py3-none-any.whl.metadata (1.4 kB)\nDownloading pydub-0.25.1-py2.py3-none-any.whl (32 kB)\nInstalling collected packages: pydub\nSuccessfully installed pydub-0.25.1\n\n--stderr--\nWARNING: Running pip as the 'root' user can result in broken permissions and conflicting behaviour with the system package manager, possibly rendering your system unusable. It is recommended to use a virtual environment instead: https://pip.pypa.io/warnings/venv. Use the --root-user-action option if you know what you are doing and want to suppress this warning.\n\n[notice] A new release of pip is available: 25.0.1 -> 26.2.1\n[notice] To update, run: pip install --upgrade pip\ndebconf: unable to initialize frontend: Dialog\ndebconf: (TERM is not set, so the dialog frontend is not usable.)\ndebconf: falling back to frontend: Readline\ndebconf: unable to initialize frontend: Readline\ndebconf: (Can't locate Term/ReadLine.pm in @INC (you may need to install the Term::ReadLine module) (@INC entries checked: /etc/perl /usr/local/lib/x86_64-linux-gnu/perl/5.40.1 /usr/local/share/perl/5.40.1 /usr/lib/x86_64-linux-gnu/perl5/5.40 /usr/share/perl5 /usr/lib/x86_64-linux-gnu/perl-base /usr/lib/x86_64-linux-gnu/perl/5.40 /usr/share/perl/5.40 /usr/local/lib/site_perl) at /usr/share/perl5/Debconf/FrontEnd/Readline.pm line 8, <STDIN> line 205.)\ndebconf: falling back to frontend: Teletype\ndebconf: unable to initialize frontend: Teletype\ndebconf: (This frontend requires a controlling tty.)\ndebconf: falling back to frontend: Noninteractive\n"
 }
]